<html>
<body>
<pre>
<h1>µVision Build Log</h1>
<h2>Tool Versions:</h2>
IDE-Version: ¦ÌVision V5.28.0.0
Copyright (C) 2019 ARM Ltd and ARM Germany GmbH. All rights reserved.
License Information: guangzhan wang, shanghai jiaotong university, LIC=UJWP0-BK15U-SBGEJ-UEA30-HZEPF-TWWIM
 
Tool Versions:
Toolchain:       MDK-ARM Plus  Version: 5.28.0.0
Toolchain Path:  D:\software\Stm32CubeMx\Keil\Core\ARM\ARMCC\Bin
C Compiler:      Armcc.exe V5.06 update 6 (build 750)
Assembler:       Armasm.exe V5.06 update 6 (build 750)
Linker/Locator:  ArmLink.exe V5.06 update 6 (build 750)
Library Manager: ArmAr.exe V5.06 update 6 (build 750)
Hex Converter:   FromElf.exe V5.06 update 6 (build 750)
CPU DLL:         SARMCM3.DLL V5.28.0.0
Dialog DLL:      DARMSTM.DLL V1.68.0.0
Target DLL:      STLink\ST-LINKIII-KEIL_SWO.dll V3.0.6.0
Dialog DLL:      TARMSTM.DLL V1.66.0.0
 
<h2>Project:</h2>
C:\Users\86185\Documents\GitHub\esc32\pro\project.uvprojx
Project File Date:  05/03/2021

<h2>Output:</h2>
*** Using Compiler 'V5.06 update 6 (build 750)', folder: 'D:\software\Stm32CubeMx\Keil\Core\ARM\ARMCC\Bin'
Rebuild target 'Debug'
compiling stm32f10x_exti.c...
compiling stm32f10x_dbgmcu.c...
compiling stm32f10x_iwdg.c...
compiling stm32f10x_gpio.c...
compiling stm32f10x_dma.c...
compiling stm32f10x_adc.c...
compiling stm32f10x_flash.c...
assembling startup_stm32f10x_md.s...
compiling stm32f10x_pwr.c...
compiling stm32f10x_rcc.c...
compiling stm32f10x_usart.c...
compiling system_stm32f10x.c...
compiling adc.c...
compiling stm32f10x_tim.c...
compiling binary.c...
compiling getbuildnum.c...
compiling digital.c...
compiling cli.c...
..\src\cli.c(162): warning:  #144-D: a value of type "char *" cannot be used to initialize an entity of type "uint8_t *"
  	  uint8_t *temp = cmdLine;
..\src\cli.c(166): warning:  #144-D: a value of type "char *" cannot be used to initialize an entity of type "uint8_t *"
      uint8_t *S_Temp = cmdLine+3*ESC32_ID;
..\src\cli.c(202): warning:  #144-D: a value of type "char *" cannot be used to initialize an entity of type "uint8_t *"
  	  uint8_t *temp = cmdLine;
..\src\cli.c: 3 warnings, 0 errors
compiling config.c...
compiling fet.c...
compiling misc.c...
compiling main.c...
compiling ow.c...
..\src\ow.c(264): warning:  #186-D: pointless comparison of unsigned integer with zero
  			if (owBuf[1] >= 0 && owBuf[1] < NUM_RUN_MODES) {
..\src\ow.c: 1 warning, 0 errors
compiling pwm.c...
compiling serial.c...
compiling run.c...
compiling timer.c...
compiling rcc.c...
linking...
Program Size: Code=41308 RO-data=2444 RW-data=956 ZI-data=8820  
FromELF: creating hex file...
".\obj\project.axf" - 0 Error(s), 4 Warning(s).

<h2>Software Packages used:</h2>

Package Vendor: ARM
                http://www.keil.com/pack/ARM.CMSIS.5.5.1.pack
                ARM.CMSIS.5.5.1
                CMSIS (Cortex Microcontroller Software Interface Standard)
   * Component: CORE Version: 5.2.0

Package Vendor: Keil
                http://www.keil.com/pack/Keil.STM32F1xx_DFP.2.3.0.pack
                Keil.STM32F1xx_DFP.2.3.0
                STMicroelectronics STM32F1 Series Device Support, Drivers and Examples

<h2>Collection of Component include folders:</h2>
  .\RTE\_Debug
  D:\software\Stm32CubeMx\Keil\Pack\ARM\CMSIS\5.5.1\CMSIS\Core\Include
  D:\software\Stm32CubeMx\Keil\Pack\Keil\STM32F1xx_DFP\2.3.0\Device\Include

<h2>Collection of Component Files used:</h2>

   * Component: ARM::CMSIS:CORE:5.2.0
Build Time Elapsed:  00:00:04
</pre>
</body>
</html>
