ARM Linker, 5.03 [Build 24] [MDK-ARM Standard]

==============================================================================

Section Cross References

    stm32f10x_adc.o(i.ADC_DeInit) refers to stm32f10x_rcc.o(i.RCC_APB2PeriphResetCmd) for RCC_APB2PeriphResetCmd
    stm32f10x_flash.o(i.FLASH_EnableWriteProtection) refers to stm32f10x_flash.o(i.FLASH_WaitForLastOperation) for FLASH_WaitForLastOperation
    stm32f10x_flash.o(i.FLASH_EraseAllBank1Pages) refers to stm32f10x_flash.o(i.FLASH_WaitForLastBank1Operation) for FLASH_WaitForLastBank1Operation
    stm32f10x_flash.o(i.FLASH_EraseAllPages) refers to stm32f10x_flash.o(i.FLASH_WaitForLastOperation) for FLASH_WaitForLastOperation
    stm32f10x_flash.o(i.FLASH_EraseOptionBytes) refers to stm32f10x_flash.o(i.FLASH_GetReadOutProtectionStatus) for FLASH_GetReadOutProtectionStatus
    stm32f10x_flash.o(i.FLASH_EraseOptionBytes) refers to stm32f10x_flash.o(i.FLASH_WaitForLastOperation) for FLASH_WaitForLastOperation
    stm32f10x_flash.o(i.FLASH_ErasePage) refers to stm32f10x_flash.o(i.FLASH_WaitForLastOperation) for FLASH_WaitForLastOperation
    stm32f10x_flash.o(i.FLASH_ProgramHalfWord) refers to stm32f10x_flash.o(i.FLASH_WaitForLastOperation) for FLASH_WaitForLastOperation
    stm32f10x_flash.o(i.FLASH_ProgramOptionByteData) refers to stm32f10x_flash.o(i.FLASH_WaitForLastOperation) for FLASH_WaitForLastOperation
    stm32f10x_flash.o(i.FLASH_ProgramWord) refers to stm32f10x_flash.o(i.FLASH_WaitForLastOperation) for FLASH_WaitForLastOperation
    stm32f10x_flash.o(i.FLASH_ReadOutProtection) refers to stm32f10x_flash.o(i.FLASH_WaitForLastOperation) for FLASH_WaitForLastOperation
    stm32f10x_flash.o(i.FLASH_UserOptionByteConfig) refers to stm32f10x_flash.o(i.FLASH_WaitForLastOperation) for FLASH_WaitForLastOperation
    stm32f10x_flash.o(i.FLASH_WaitForLastBank1Operation) refers to stm32f10x_flash.o(i.FLASH_GetBank1Status) for FLASH_GetBank1Status
    stm32f10x_flash.o(i.FLASH_WaitForLastOperation) refers to stm32f10x_flash.o(i.FLASH_GetBank1Status) for FLASH_GetBank1Status
    stm32f10x_gpio.o(i.GPIO_AFIODeInit) refers to stm32f10x_rcc.o(i.RCC_APB2PeriphResetCmd) for RCC_APB2PeriphResetCmd
    stm32f10x_gpio.o(i.GPIO_DeInit) refers to stm32f10x_rcc.o(i.RCC_APB2PeriphResetCmd) for RCC_APB2PeriphResetCmd
    stm32f10x_pwr.o(i.PWR_DeInit) refers to stm32f10x_rcc.o(i.RCC_APB1PeriphResetCmd) for RCC_APB1PeriphResetCmd
    stm32f10x_rcc.o(i.RCC_GetClocksFreq) refers to stm32f10x_rcc.o(.data) for APBAHBPrescTable
    stm32f10x_rcc.o(i.RCC_WaitForHSEStartUp) refers to stm32f10x_rcc.o(i.RCC_GetFlagStatus) for RCC_GetFlagStatus
    stm32f10x_tim.o(i.TIM_DeInit) refers to stm32f10x_rcc.o(i.RCC_APB2PeriphResetCmd) for RCC_APB2PeriphResetCmd
    stm32f10x_tim.o(i.TIM_DeInit) refers to stm32f10x_rcc.o(i.RCC_APB1PeriphResetCmd) for RCC_APB1PeriphResetCmd
    stm32f10x_tim.o(i.TIM_ETRClockMode1Config) refers to stm32f10x_tim.o(i.TIM_ETRConfig) for TIM_ETRConfig
    stm32f10x_tim.o(i.TIM_ETRClockMode2Config) refers to stm32f10x_tim.o(i.TIM_ETRConfig) for TIM_ETRConfig
    stm32f10x_tim.o(i.TIM_ICInit) refers to stm32f10x_tim.o(i.TI1_Config) for TI1_Config
    stm32f10x_tim.o(i.TIM_ICInit) refers to stm32f10x_tim.o(i.TIM_SetIC1Prescaler) for TIM_SetIC1Prescaler
    stm32f10x_tim.o(i.TIM_ICInit) refers to stm32f10x_tim.o(i.TI2_Config) for TI2_Config
    stm32f10x_tim.o(i.TIM_ICInit) refers to stm32f10x_tim.o(i.TIM_SetIC2Prescaler) for TIM_SetIC2Prescaler
    stm32f10x_tim.o(i.TIM_ICInit) refers to stm32f10x_tim.o(i.TI3_Config) for TI3_Config
    stm32f10x_tim.o(i.TIM_ICInit) refers to stm32f10x_tim.o(i.TIM_SetIC3Prescaler) for TIM_SetIC3Prescaler
    stm32f10x_tim.o(i.TIM_ICInit) refers to stm32f10x_tim.o(i.TI4_Config) for TI4_Config
    stm32f10x_tim.o(i.TIM_ICInit) refers to stm32f10x_tim.o(i.TIM_SetIC4Prescaler) for TIM_SetIC4Prescaler
    stm32f10x_tim.o(i.TIM_ITRxExternalClockConfig) refers to stm32f10x_tim.o(i.TIM_SelectInputTrigger) for TIM_SelectInputTrigger
    stm32f10x_tim.o(i.TIM_PWMIConfig) refers to stm32f10x_tim.o(i.TI1_Config) for TI1_Config
    stm32f10x_tim.o(i.TIM_PWMIConfig) refers to stm32f10x_tim.o(i.TIM_SetIC1Prescaler) for TIM_SetIC1Prescaler
    stm32f10x_tim.o(i.TIM_PWMIConfig) refers to stm32f10x_tim.o(i.TI2_Config) for TI2_Config
    stm32f10x_tim.o(i.TIM_PWMIConfig) refers to stm32f10x_tim.o(i.TIM_SetIC2Prescaler) for TIM_SetIC2Prescaler
    stm32f10x_tim.o(i.TIM_TIxExternalClockConfig) refers to stm32f10x_tim.o(i.TI2_Config) for TI2_Config
    stm32f10x_tim.o(i.TIM_TIxExternalClockConfig) refers to stm32f10x_tim.o(i.TI1_Config) for TI1_Config
    stm32f10x_tim.o(i.TIM_TIxExternalClockConfig) refers to stm32f10x_tim.o(i.TIM_SelectInputTrigger) for TIM_SelectInputTrigger
    stm32f10x_usart.o(i.USART_DeInit) refers to stm32f10x_rcc.o(i.RCC_APB2PeriphResetCmd) for RCC_APB2PeriphResetCmd
    stm32f10x_usart.o(i.USART_DeInit) refers to stm32f10x_rcc.o(i.RCC_APB1PeriphResetCmd) for RCC_APB1PeriphResetCmd
[...]
    _scanf_really_real                       0x080016e9   Thumb Code   672  scanf_fp.o(.text)
    __vfscanf_char                           0x080019a1   Thumb Code    24  scanf_char.o(.text)
    _sgetc                                   0x080019c1   Thumb Code    30  _sgetc.o(.text)
    _sbackspace                              0x080019df   Thumb Code    34  _sgetc.o(.text)
    _wcrtomb                                 0x08001a01   Thumb Code    64  _wcrtomb.o(.text)
    __aeabi_memclr4                          0x08001a41   Thumb Code     0  rt_memclr_w.o(.text)
    __aeabi_memclr8                          0x08001a41   Thumb Code     0  rt_memclr_w.o(.text)
    __rt_memclr_w                            0x08001a41   Thumb Code    78  rt_memclr_w.o(.text)
    _memset_w                                0x08001a45   Thumb Code     0  rt_memclr_w.o(.text)
    __rt_ctype_table                         0x08001a91   Thumb Code    16  rt_ctype_table.o(.text)
    __rt_heap_descriptor                     0x08001aa1   Thumb Code     8  rt_heap_descriptor_intlibspace.o(.text)
    __rt_locale                              0x08001aa9   Thumb Code     8  rt_locale_intlibspace.o(.text)
    __aeabi_errno_addr                       0x08001ab1   Thumb Code     8  rt_errno_addr_intlibspace.o(.text)
    __errno$intlibspace                      0x08001ab1   Thumb Code     0  rt_errno_addr_intlibspace.o(.text)
    __rt_errno_addr$intlibspace              0x08001ab1   Thumb Code     0  rt_errno_addr_intlibspace.o(.text)
    __use_no_heap                            0x08001ab9   Thumb Code     2  hguard.o(.text)
    __heap$guard                             0x08001abb   Thumb Code     2  hguard.o(.text)
    _terminate_user_alloc                    0x08001abd   Thumb Code     2  init_alloc.o(.text)
    _init_user_alloc                         0x08001abf   Thumb Code     2  init_alloc.o(.text)
    __Heap_Full                              0x08001ac1   Thumb Code    34  init_alloc.o(.text)
    __Heap_Broken                            0x08001ae3   Thumb Code     6  init_alloc.o(.text)
    _init_alloc                              0x08001ae9   Thumb Code    94  init_alloc.o(.text)
    __Heap_Initialize                        0x08001b47   Thumb Code    10  h1_init.o(.text)
    __Heap_DescSize                          0x08001b51   Thumb Code     4  h1_init.o(.text)
    free                                     0x08001b55   Thumb Code    78  h1_free.o(.text)
    _ll_udiv10                               0x08001ba3   Thumb Code   138  lludiv10.o(.text)
    isspace                                  0x08001c2d   Thumb Code    18  isspace.o(.text)
    _printf_fp_infnan                        0x08001c41   Thumb Code   112  _printf_fp_infnan.o(.text)
    __vfscanf                                0x08001cc1   Thumb Code   876  _scanf.o(.text)
    _btod_etento                             0x08002031   Thumb Code   222  bigflt0.o(.text)
    __user_libspace                          0x08002115   Thumb Code     8  libspace.o(.text)
    __user_perproc_libspace                  0x08002115   Thumb Code     0  libspace.o(.text)
    __user_perthread_libspace                0x08002115   Thumb Code     0  libspace.o(.text)
    __user_setup_stackheap                   0x0800211d   Thumb Code    74  sys_stackheap_outer.o(.text)
    __Heap_ProvideMemory                     0x08002167   Thumb Code    52  h1_extend.o(.text)
    _scanf_really_hex_real                   0x0800219d   Thumb Code   776  scanf_hexfp.o(.text)
    _scanf_really_infnan                     0x080024b1   Thumb Code   298  scanf_infnan.o(.text)
    exit                                     0x080025ed   Thumb Code    12  exit.o(.text)
    __rt_SIGRTMEM                            0x080025f9   Thumb Code    14  defsig_rtmem_outer.o(.text)
    strcmp                                   0x08002609   Thumb Code   128  strcmpv7m.o(.text)
    __I$use$semihosting                      0x08002689   Thumb Code     0  use_no_semi.o(.text)
    __use_no_semihosting_swi                 0x08002689   Thumb Code     2  use_no_semi.o(.text)
    __aeabi_llsl                             0x0800268b   Thumb Code     0  llshl.o(.text)
    __semihosting_library_function           0x0800268b   Thumb Code     0  indicate_semi.o(.text)
    _ll_shift_l                              0x0800268b   Thumb Code    38  llshl.o(.text)
    __sig_exit                               0x080026b1   Thumb Code    10  defsig_exit.o(.text)
    __rt_SIGRTMEM_inner                      0x080026bd   Thumb Code    22  defsig_rtmem_inner.o(.text)
    _sys_exit                                0x0800270d   Thumb Code     8  sys_exit.o(.text)
    __default_signal_display                 0x08002719   Thumb Code    50  defsig_general.o(.text)
    _ttywrch                                 0x0800274b   Thumb Code    14  sys_wrch.o(.text)
    _btod_d2e                                0x08002759   Thumb Code    62  btod.o(CL$$btod_d2e)
    _d2e_denorm_low                          0x08002797   Thumb Code    70  btod.o(CL$$btod_d2e_denorm_low)
    _d2e_norm_op1                            0x080027dd   Thumb Code    96  btod.o(CL$$btod_d2e_norm_op1)
    __btod_div_common                        0x0800283d   Thumb Code   696  btod.o(CL$$btod_div_common)
    _e2d                                     0x08002b75   Thumb Code    80  btod.o(CL$$btod_e2d)
    _e2e                                     0x08002bc9   Thumb Code   198  btod.o(CL$$btod_e2e)
    _btod_ediv                               0x08002c8f   Thumb Code    40  btod.o(CL$$btod_ediv)
    _btod_edivd                              0x08002cb7   Thumb Code    40  btod.o(CL$$btod_edivd)
    _btod_emul                               0x08002cdf   Thumb Code    40  btod.o(CL$$btod_emul)
    _btod_emuld                              0x08002d07   Thumb Code    40  btod.o(CL$$btod_emuld)
    __btod_mult_common                       0x08002d2f   Thumb Code   580  btod.o(CL$$btod_mult_common)
    ADC_Cmd                                  0x08002f73   Thumb Code    22  stm32f10x_adc.o(i.ADC_Cmd)
    ADC_DMACmd                               0x08002f89   Thumb Code    22  stm32f10x_adc.o(i.ADC_DMACmd)
    ADC_ExternalTrigConvCmd                  0x08002f9f   Thumb Code    22  stm32f10x_adc.o(i.ADC_ExternalTrigConvCmd)
    ADC_ExternalTrigInjectedConvCmd          0x08002fb5   Thumb Code    22  stm32f10x_adc.o(i.ADC_ExternalTrigInjectedConvCmd)
    ADC_ExternalTrigInjectedConvConfig       0x08002fcb   Thumb Code    16  stm32f10x_adc.o(i.ADC_ExternalTrigInjectedConvConfig)
    ADC_GetCalibrationStatus                 0x08002fdb   Thumb Code    20  stm32f10x_adc.o(i.ADC_GetCalibrationStatus)
    ADC_GetResetCalibrationStatus            0x08002fef   Thumb Code    20  stm32f10x_adc.o(i.ADC_GetResetCalibrationStatus)
    ADC_Init                                 0x08003005   Thumb Code    70  stm32f10x_adc.o(i.ADC_Init)
    ADC_InjectedChannelConfig                0x08003055   Thumb Code   130  stm32f10x_adc.o(i.ADC_InjectedChannelConfig)
    ADC_InjectedSequencerLengthConfig        0x080030d7   Thumb Code    24  stm32f10x_adc.o(i.ADC_InjectedSequencerLengthConfig)
    ADC_RegularChannelConfig                 0x080030ef   Thumb Code   184  stm32f10x_adc.o(i.ADC_RegularChannelConfig)
    ADC_ResetCalibration                     0x080031a7   Thumb Code    10  stm32f10x_adc.o(i.ADC_ResetCalibration)
    ADC_SoftwareStartConvCmd                 0x080031b1   Thumb Code    22  stm32f10x_adc.o(i.ADC_SoftwareStartConvCmd)
    ADC_StartCalibration                     0x080031c7   Thumb Code    10  stm32f10x_adc.o(i.ADC_StartCalibration)
    BusFault_Handler                         0x080031d1   Thumb Code    38  main.o(i.BusFault_Handler)
    DBGMCU_Config                            0x08003209   Thumb Code    26  stm32f10x_dbgmcu.o(i.DBGMCU_Config)
    DMA1_Channel1_IRQHandler                 0x08003229   Thumb Code   558  adc.o(i.DMA1_Channel1_IRQHandler)
    DMA1_Channel4_IRQHandler                 0x0800347d   Thumb Code    34  serial.o(i.DMA1_Channel4_IRQHandler)
    DMA_ClearITPendingBit                    0x080034a9   Thumb Code    18  stm32f10x_dma.o(i.DMA_ClearITPendingBit)
    DMA_Cmd                                  0x080034c5   Thumb Code    24  stm32f10x_dma.o(i.DMA_Cmd)
    DMA_DeInit                               0x080034dd   Thumb Code   324  stm32f10x_dma.o(i.DMA_DeInit)
    DMA_GetCurrDataCounter                   0x08003629   Thumb Code     8  stm32f10x_dma.o(i.DMA_GetCurrDataCounter)
    DMA_ITConfig                             0x08003631   Thumb Code    18  stm32f10x_dma.o(i.DMA_ITConfig)
    DMA_Init                                 0x08003643   Thumb Code    60  stm32f10x_dma.o(i.DMA_Init)
    EXTI_ClearITPendingBit                   0x08003681   Thumb Code     6  stm32f10x_exti.o(i.EXTI_ClearITPendingBit)
    EXTI_GetITStatus                         0x0800368d   Thumb Code    34  stm32f10x_exti.o(i.EXTI_GetITStatus)
    EXTI_Init                                0x080036b5   Thumb Code   142  stm32f10x_exti.o(i.EXTI_Init)
    FLASH_ClearFlag                          0x08003749   Thumb Code     6  stm32f10x_flash.o(i.FLASH_ClearFlag)
    FLASH_ErasePage                          0x08003755   Thumb Code    72  stm32f10x_flash.o(i.FLASH_ErasePage)
    FLASH_GetBank1Status                     0x080037a1   Thumb Code    48  stm32f10x_flash.o(i.FLASH_GetBank1Status)
    FLASH_Lock                               0x080037d5   Thumb Code    14  stm32f10x_flash.o(i.FLASH_Lock)
    FLASH_ProgramWord                        0x080037e9   Thumb Code   102  stm32f10x_flash.o(i.FLASH_ProgramWord)
    FLASH_Unlock                             0x08003855   Thumb Code    12  stm32f10x_flash.o(i.FLASH_Unlock)
    FLASH_WaitForLastOperation               0x0800386d   Thumb Code    38  stm32f10x_flash.o(i.FLASH_WaitForLastOperation)
    GPIO_Init                                0x08003893   Thumb Code   274  stm32f10x_gpio.o(i.GPIO_Init)
    GPIO_PinRemapConfig                      0x080039a5   Thumb Code   138  stm32f10x_gpio.o(i.GPIO_PinRemapConfig)
    HardFault_Handler                        0x08003a35   Thumb Code    38  main.o(i.HardFault_Handler)
    MemManage_Handler                        0x08003a6d   Thumb Code    38  main.o(i.MemManage_Handler)
    NVIC_Init                                0x08003aa5   Thumb Code   102  misc.o(i.NVIC_Init)
    PVD_IRQHandler                           0x08003b41   Thumb Code    56  run.o(i.PVD_IRQHandler)
    PWR_PVDCmd                               0x08003b81   Thumb Code     6  stm32f10x_pwr.o(i.PWR_PVDCmd)
    PWR_PVDLevelConfig                       0x08003b8d   Thumb Code    18  stm32f10x_pwr.o(i.PWR_PVDLevelConfig)
    RCC_ADCCLKConfig                         0x08003ba5   Thumb Code    18  stm32f10x_rcc.o(i.RCC_ADCCLKConfig)
    RCC_AHBPeriphClockCmd                    0x08003bbd   Thumb Code    26  stm32f10x_rcc.o(i.RCC_AHBPeriphClockCmd)
    RCC_APB1PeriphClockCmd                   0x08003bdd   Thumb Code    26  stm32f10x_rcc.o(i.RCC_APB1PeriphClockCmd)
    RCC_APB2PeriphClockCmd                   0x08003bfd   Thumb Code    26  stm32f10x_rcc.o(i.RCC_APB2PeriphClockCmd)
    RCC_ClearFlag                            0x08003c1d   Thumb Code    14  stm32f10x_rcc.o(i.RCC_ClearFlag)
    RCC_GetClocksFreq                        0x08003c31   Thumb Code   192  stm32f10x_rcc.o(i.RCC_GetClocksFreq)
    RCC_GetFlagStatus                        0x08003d05   Thumb Code    56  stm32f10x_rcc.o(i.RCC_GetFlagStatus)
    RCC_HSICmd                               0x08003d41   Thumb Code     6  stm32f10x_rcc.o(i.RCC_HSICmd)
    SysTick_Handler                          0x08003e31   Thumb Code   224  run.o(i.SysTick_Handler)
    SystemInit                               0x08003f5d   Thumb Code    78  system_stm32f10x.o(i.SystemInit)
    TIM1_CC_IRQHandler                       0x080040d5   Thumb Code   134  pwm.o(i.TIM1_CC_IRQHandler)
    TIM2_IRQHandler                          0x08004181   Thumb Code   136  timer.o(i.TIM2_IRQHandler)
    TIM_ARRPreloadConfig                     0x0800420d   Thumb Code    24  stm32f10x_tim.o(i.TIM_ARRPreloadConfig)
    TIM_ClearITPendingBit                    0x08004225   Thumb Code     6  stm32f10x_tim.o(i.TIM_ClearITPendingBit)
    TIM_Cmd                                  0x0800422b   Thumb Code    24  stm32f10x_tim.o(i.TIM_Cmd)
    TIM_GetITStatus                          0x08004243   Thumb Code    34  stm32f10x_tim.o(i.TIM_GetITStatus)
    TIM_OC1Init                              0x08004265   Thumb Code   132  stm32f10x_tim.o(i.TIM_OC1Init)
    TIM_OC1PreloadConfig                     0x080042fd   Thumb Code    18  stm32f10x_tim.o(i.TIM_OC1PreloadConfig)
    TIM_OC2Init                              0x08004311   Thumb Code   154  stm32f10x_tim.o(i.TIM_OC2Init)
    TIM_OC2PreloadConfig                     0x080043b5   Thumb Code    26  stm32f10x_tim.o(i.TIM_OC2PreloadConfig)
    TIM_OC3Init                              0x080043d1   Thumb Code   150  stm32f10x_tim.o(i.TIM_OC3Init)
    TIM_OC3PreloadConfig                     0x08004471   Thumb Code    18  stm32f10x_tim.o(i.TIM_OC3PreloadConfig)
    TIM_OC4Init                              0x08004485   Thumb Code   114  stm32f10x_tim.o(i.TIM_OC4Init)
    TIM_OC4PreloadConfig                     0x08004501   Thumb Code    26  stm32f10x_tim.o(i.TIM_OC4PreloadConfig)
    TIM_OCStructInit                         0x0800451b   Thumb Code    20  stm32f10x_tim.o(i.TIM_OCStructInit)
    TIM_PWMIConfig                           0x0800452f   Thumb Code   124  stm32f10x_tim.o(i.TIM_PWMIConfig)
    TIM_SelectInputTrigger                   0x080045ab   Thumb Code    18  stm32f10x_tim.o(i.TIM_SelectInputTrigger)
    TIM_SelectMasterSlaveMode                0x080045bd   Thumb Code    18  stm32f10x_tim.o(i.TIM_SelectMasterSlaveMode)
    TIM_SelectSlaveMode                      0x080045cf   Thumb Code    18  stm32f10x_tim.o(i.TIM_SelectSlaveMode)
    TIM_SetIC1Prescaler                      0x080045e1   Thumb Code    18  stm32f10x_tim.o(i.TIM_SetIC1Prescaler)
    TIM_SetIC2Prescaler                      0x080045f3   Thumb Code    26  stm32f10x_tim.o(i.TIM_SetIC2Prescaler)
    TIM_TimeBaseInit                         0x0800460d   Thumb Code   122  stm32f10x_tim.o(i.TIM_TimeBaseInit)
    TIM_TimeBaseStructInit                   0x080046b1   Thumb Code    18  stm32f10x_tim.o(i.TIM_TimeBaseStructInit)
    USART_Cmd                                0x080046c3   Thumb Code    24  stm32f10x_usart.o(i.USART_Cmd)
    USART_DMACmd                             0x080046db   Thumb Code    18  stm32f10x_usart.o(i.USART_DMACmd)
    USART_Init                               0x080046ed   Thumb Code   210  stm32f10x_usart.o(i.USART_Init)
    UsageFault_Handler                       0x080047c5   Thumb Code    38  main.o(i.UsageFault_Handler)
    __ARM_fpclassify                         0x080047fd   Thumb Code    40  fpclassify.o(i.__ARM_fpclassify)
    __ARM_fpclassifyf                        0x08004825   Thumb Code    38  fpclassifyf.o(i.__ARM_fpclassifyf)
    __mathlib_dbl_underflow                  0x0800484d   Thumb Code    10  dunder.o(i.__mathlib_dbl_underflow)
    __mathlib_flt_underflow                  0x0800485d   Thumb Code    10  funder.o(i.__mathlib_flt_underflow)
    __mathlib_narrow                         0x08004867   Thumb Code    16  narrow.o(i.__mathlib_narrow)
    __mathlib_rredf2                         0x08004879   Thumb Code   326  rredf.o(i.__mathlib_rredf2)
    __mathlib_tofloat                        0x080049d1   Thumb Code   132  narrow.o(i.__mathlib_tofloat)
    __support_ldexp                          0x08004a59   Thumb Code    22  ldexp.o(i.__support_ldexp)
    _fetSetDutyCycle                         0x08004a71   Thumb Code    78  fet.o(i._fetSetDutyCycle)
    _is_digit                                0x08004b09   Thumb Code    14  __printf_wp.o(i._is_digit)
    adcInit                                  0x08004c2d   Thumb Code   572  adc.o(i.adcInit)
    adcSetConstants                          0x08004e85   Thumb Code   252  adc.o(i.adcSetConstants)
    adcSetCrossingPeriod                     0x08004fb5   Thumb Code    12  adc.o(i.adcSetCrossingPeriod)
    binaryCheck                              0x0800509d   Thumb Code   430  binary.o(i.binaryCheck)
    cliCheck                                 0x08005791   Thumb Code   368  cli.o(i.cliCheck)
    cliInit                                  0x08006711   Thumb Code    52  cli.o(i.cliInit)
    cliPrintParam                            0x08006771   Thumb Code    72  cli.o(i.cliPrintParam)
    cliUsage                                 0x08006801   Thumb Code    36  cli.o(i.cliUsage)
    configGetId                              0x08006831   Thumb Code    52  config.o(i.configGetId)
    configInit                               0x08006869   Thumb Code    66  config.o(i.configInit)
    configLoadDefault                        0x080068b5   Thumb Code   228  config.o(i.configLoadDefault)
    configReadFlash                          0x08006a05   Thumb Code    18  config.o(i.configReadFlash)
    configSetParamByID                       0x08006a39   Thumb Code    32  config.o(i.configSetParamByID)
    configWriteFlash                         0x08006a5d   Thumb Code   136  config.o(i.configWriteFlash)
    digitalInit                              0x08006aed   Thumb Code    54  digital.o(i.digitalInit)
    digitalTogg                              0x08006b23   Thumb Code    26  digital.o(i.digitalTogg)
    fetBeep                                  0x08006b3d   Thumb Code   108  fet.o(i.fetBeep)
    fetCommutate                             0x08006bad   Thumb Code   136  fet.o(i.fetCommutate)
    fetInit                                  0x08006d01   Thumb Code   472  fet.o(i.fetInit)
    fetSetAngle                              0x08006f2d   Thumb Code    30  fet.o(i.fetSetAngle)
    fetSetAngleFromPwm                       0x08006f55   Thumb Code    74  fet.o(i.fetSetAngleFromPwm)
    fetSetBraking                            0x0800700d   Thumb Code    38  fet.o(i.fetSetBraking)
    fetSetConstants                          0x08007041   Thumb Code   352  fet.o(i.fetSetConstants)
    fetSetDutyCycle                          0x080071dd   Thumb Code    26  fet.o(i.fetSetDutyCycle)
    fetStartCommutation                      0x080072a5   Thumb Code   128  fet.o(i.fetStartCommutation)
    fetUpdateServo                           0x08007361   Thumb Code   486  fet.o(i.fetUpdateServo)
    frexp                                    0x0800757d   Thumb Code    80  frexp.o(i.frexp)
    getBuildNumber                           0x080075d5   Thumb Code     6  getbuildnum.o(i.getBuildNumber)
    ldexp                                    0x080075db   Thumb Code   126  ldexp.o(i.ldexp)
    main                                     0x08007659   Thumb Code   282  main.o(i.main)
    motorStartSeqInit                        0x08007975   Thumb Code    52  fet.o(i.motorStartSeqInit)
    owEdgeDetect                             0x08007a75   Thumb Code    56  ow.o(i.owEdgeDetect)
    owInit                                   0x08007ab5   Thumb Code    60  ow.o(i.owInit)
    owReset                                  0x08007e05   Thumb Code    16  ow.o(i.owReset)
    pwmInit                                  0x08007f81   Thumb Code   172  pwm.o(i.pwmInit)
    pwmIsrAllOff                             0x08008035   Thumb Code    16  pwm.o(i.pwmIsrAllOff)
    pwmIsrAllOn                              0x08008049   Thumb Code    28  pwm.o(i.pwmIsrAllOn)
    pwmIsrRunOn                              0x08008069   Thumb Code    32  pwm.o(i.pwmIsrRunOn)
    pwmSetConstants                          0x0800808d   Thumb Code   248  pwm.o(i.pwmSetConstants)
    rccInit                                  0x08008205   Thumb Code   214  rcc.o(i.rccInit)
    rccReset                                 0x08008305   Thumb Code    16  rcc.o(i.rccReset)
    rccWriteBkpDr                            0x08008321   Thumb Code    40  rcc.o(i.rccWriteBkpDr)
    runArm                                   0x08008351   Thumb Code   118  run.o(i.runArm)
    runDisarm                                0x08008471   Thumb Code    58  run.o(i.runDisarm)
    runDuty                                  0x080084bd   Thumb Code    84  run.o(i.runDuty)
    runFeedIWDG                              0x08008521   Thumb Code     2  run.o(i.runFeedIWDG)
    runIWDGInit                              0x08008523   Thumb Code     6  run.o(i.runIWDGInit)
    runInit                                  0x08008529   Thumb Code    94  run.o(i.runInit)
    runNewInput                              0x08008595   Thumb Code   578  run.o(i.runNewInput)
    runRpmPIDReset                           0x08008a79   Thumb Code     8  run.o(i.runRpmPIDReset)
    runSetConstants                          0x08008a85   Thumb Code   190  run.o(i.runSetConstants)
    runStart                                 0x08008bb9   Thumb Code    54  run.o(i.runStart)
    runStop                                  0x08008bf9   Thumb Code    14  run.o(i.runStop)
    serialAvailable                          0x08008e7d   Thumb Code    22  serial.o(i.serialAvailable)
    serialInit                               0x08008e9d   Thumb Code   318  serial.o(i.serialInit)
    serialPrint                              0x0800901d   Thumb Code    22  serial.o(i.serialPrint)
    serialRead                               0x08009035   Thumb Code    48  serial.o(i.serialRead)
    serialSetConstants                       0x08009069   Thumb Code    72  serial.o(i.serialSetConstants)
    serialStartTxDMA                         0x080090bd   Thumb Code    88  serial.o(i.serialStartTxDMA)
    serialWrite                              0x0800911d   Thumb Code    48  serial.o(i.serialWrite)
    sinf                                     0x08009155   Thumb Code   342  sinf.o(i.sinf)
    sqrtf                                    0x080092e1   Thumb Code    44  sqrtf.o(i.sqrtf)
    timerCancelAlarm1                        0x0800930d   Thumb Code    28  timer.o(i.timerCancelAlarm1)
    timerCancelAlarm2                        0x08009329   Thumb Code    30  timer.o(i.timerCancelAlarm2)
    timerCancelAlarm3                        0x08009347   Thumb Code    30  timer.o(i.timerCancelAlarm3)
    timerDelay                               0x08009365   Thumb Code    42  timer.o(i.timerDelay)
    timerGetMicros                           0x08009391   Thumb Code    46  timer.o(i.timerGetMicros)
    timerInit                                0x080093cd   Thumb Code   184  timer.o(i.timerInit)
    timerSetAlarm1                           0x08009485   Thumb Code    72  timer.o(i.timerSetAlarm1)
    timerSetAlarm2                           0x080094d1   Thumb Code    74  timer.o(i.timerSetAlarm2)
    timerSetAlarm3                           0x08009521   Thumb Code    74  timer.o(i.timerSetAlarm3)
    _get_lc_numeric                          0x08009571   Thumb Code    44  lc_numeric_c.o(locale$$code)
    _get_lc_ctype                            0x0800959d   Thumb Code    44  lc_ctype_c.o(locale$$code)
    __aeabi_d2f                              0x080095c9   Thumb Code     0  d2f.o(x$fpl$d2f)
    _d2f                                     0x080095c9   Thumb Code    98  d2f.o(x$fpl$d2f)
    __fpl_dcheck_NaN1                        0x0800962d   Thumb Code    10  dcheck1.o(x$fpl$dcheck1)
    __fpl_dcmp_Inf                           0x0800963d   Thumb Code    24  dcmpi.o(x$fpl$dcmpinf)
    __aeabi_cdcmpeq                          0x08009655   Thumb Code     0  deqf.o(x$fpl$deqf)
    _dcmpeq                                  0x08009655   Thumb Code   120  deqf.o(x$fpl$deqf)
    __aeabi_cdcmple                          0x080096cd   Thumb Code     0  dleqf.o(x$fpl$dleqf)
    _dcmple                                  0x080096cd   Thumb Code   120  dleqf.o(x$fpl$dleqf)
    __fpl_dcmple_InfNaN                      0x0800972f   Thumb Code     0  dleqf.o(x$fpl$dleqf)
    __fpl_dnaninf                            0x08009745   Thumb Code   156  dnaninf.o(x$fpl$dnaninf)
    __fpl_dretinf                            0x080097e1   Thumb Code    12  dretinf.o(x$fpl$dretinf)
    __aeabi_cdrcmple                         0x080097ed   Thumb Code     0  drleqf.o(x$fpl$drleqf)
    _drcmple                                 0x080097ed   Thumb Code   108  drleqf.o(x$fpl$drleqf)
    __aeabi_f2d                              0x08009859   Thumb Code     0  f2d.o(x$fpl$f2d)
    _f2d                                     0x08009859   Thumb Code    86  f2d.o(x$fpl$f2d)
    __aeabi_fadd                             0x080098b1   Thumb Code     0  faddsub_clz.o(x$fpl$fadd)
    _fadd                                    0x080098b1   Thumb Code   196  faddsub_clz.o(x$fpl$fadd)
    __fpl_fcheck_NaN1                        0x08009975   Thumb Code     6  fcheck1.o(x$fpl$fcheck1)
    __fpl_fcmp_Inf                           0x08009981   Thumb Code    24  fcmpi.o(x$fpl$fcmpinf)
    __aeabi_fdiv                             0x08009999   Thumb Code     0  fdiv.o(x$fpl$fdiv)
    _fdiv                                    0x08009999   Thumb Code   384  fdiv.o(x$fpl$fdiv)
    __aeabi_cfcmpeq                          0x08009b1d   Thumb Code     0  feqf.o(x$fpl$feqf)
    _fcmpeq                                  0x08009b1d   Thumb Code   104  feqf.o(x$fpl$feqf)
    __aeabi_f2iz                             0x08009b85   Thumb Code     0  ffix.o(x$fpl$ffix)
    _ffix                                    0x08009b85   Thumb Code    54  ffix.o(x$fpl$ffix)
    __aeabi_f2uiz                            0x08009bbd   Thumb Code     0  ffixu.o(x$fpl$ffixu)
    _ffixu                                   0x08009bbd   Thumb Code    62  ffixu.o(x$fpl$ffixu)
    __aeabi_i2f                              0x08009bfd   Thumb Code     0  fflt_clz.o(x$fpl$fflt)
    _fflt                                    0x08009bfd   Thumb Code    48  fflt_clz.o(x$fpl$fflt)
    __aeabi_ui2f                             0x08009c2d   Thumb Code     0  fflt_clz.o(x$fpl$ffltu)
    _ffltu                                   0x08009c2d   Thumb Code    38  fflt_clz.o(x$fpl$ffltu)
    __aeabi_cfcmple                          0x08009c55   Thumb Code     0  fleqf.o(x$fpl$fleqf)
    _fcmple                                  0x08009c55   Thumb Code   104  fleqf.o(x$fpl$fleqf)
    __fpl_fcmple_InfNaN                      0x08009ca7   Thumb Code     0  fleqf.o(x$fpl$fleqf)
    __aeabi_fmul                             0x08009cbd   Thumb Code     0  fmul.o(x$fpl$fmul)
    _fmul                                    0x08009cbd   Thumb Code   258  fmul.o(x$fpl$fmul)
    __fpl_fnaninf                            0x08009dbf   Thumb Code   140  fnaninf.o(x$fpl$fnaninf)
    __fpl_fretinf                            0x08009e4b   Thumb Code    10  fretinf.o(x$fpl$fretinf)
    __aeabi_cfrcmple                         0x08009e55   Thumb Code     0  frleqf.o(x$fpl$frleqf)
    _frcmple                                 0x08009e55   Thumb Code    98  frleqf.o(x$fpl$frleqf)
    _frnd                                    0x08009eb9   Thumb Code    96  frnd.o(x$fpl$frnd)
    __aeabi_frsub                            0x08009f19   Thumb Code     0  faddsub_clz.o(x$fpl$frsb)
    _frsb                                    0x08009f19   Thumb Code    20  faddsub_clz.o(x$fpl$frsb)
    _fsqrt                                   0x08009f2d   Thumb Code   272  fsqrt.o(x$fpl$fsqrt)
    __aeabi_fsub                             0x0800a03d   Thumb Code     0  faddsub_clz.o(x$fpl$fsub)
    _fsub                                    0x0800a03d   Thumb Code   234  faddsub_clz.o(x$fpl$fsub)
    _printf_fp_dec                           0x0800a127   Thumb Code     4  printf1.o(x$fpl$printf1)
    _printf_fp_hex                           0x0800a12b   Thumb Code     4  printf2.o(x$fpl$printf2)
    __fpl_return_NaN                         0x0800a12f   Thumb Code   100  retnan.o(x$fpl$retnan)
    __ARM_scalbn                             0x0800a193   Thumb Code    92  scalbn.o(x$fpl$scalbn)
    __ARM_scalbnf                            0x0800a1ef   Thumb Code    76  scalbnf.o(x$fpl$scalbnf)
    _scanf_real                              0x0800a23b   Thumb Code     4  scanf1.o(x$fpl$scanf1)
    _scanf_hex_real                          0x0800a23f   Thumb Code     4  scanf2.o(x$fpl$scanf2)
    _scanf_infnan                            0x0800a243   Thumb Code     4  scanf2.o(x$fpl$scanf2)
    __fpl_cmpreturn                          0x0800a247   Thumb Code    48  trapv.o(x$fpl$trapveneer)
    __I$use$fp                               0x0800a276   Number         0  usenofp.o(x$fpl$usenofp)
    Region$$Table$$Base                      0x0800a8fc   Number         0  anon$$obj.o(Region$$Table)
    Region$$Table$$Limit                     0x0800a91c   Number         0  anon$$obj.o(Region$$Table)
    __aeabi_HUGE_VAL                         0x0800a91c   Data           0  fpconst.o(c$$dinf)
    __aeabi_HUGE_VALL                        0x0800a91c   Data           0  fpconst.o(c$$dinf)
    __aeabi_INFINITY                         0x0800a91c   Data           0  fpconst.o(c$$dinf)
    __dInf                                   0x0800a91c   Data           0  fpconst.o(c$$dinf)
    __huge_val                               0x0800a91c   Data           0  fpconst.o(c$$dinf)
    __ctype                                  0x0800a94d   Data           0  lc_ctype_c.o(locale$$data)
    SystemCoreClock                          0x20000014   Data           4  system_stm32f10x.o(.data)
    AHBPrescTable                            0x20000018   Data          16  system_stm32f10x.o(.data)
    adcToAmps                                0x20000028   Data           4  adc.o(.data)
    adcMaxPeriod                             0x20000034   Data           4  adc.o(.data)
    histSize                                 0x2000003e   Data           2  adc.o(.data)
    avgA                                     0x20000040   Data           4  adc.o(.data)
    avgB                                     0x20000044   Data           4  adc.o(.data)
    avgC                                     0x20000048   Data           4  adc.o(.data)
    adcAmpsOffset                            0x2000004c   Data           4  adc.o(.data)
    adcAvgAmps                               0x20000050   Data           4  adc.o(.data)
    adcMaxAmps                               0x20000054   Data           4  adc.o(.data)
    adcAvgVolts                              0x20000058   Data           4  adc.o(.data)
    detectedCrossing                         0x20000060   Data           4  adc.o(.data)
    crossingPeriod                           0x20000064   Data           4  adc.o(.data)
    adcCrossingPeriod                        0x20000068   Data           4  adc.o(.data)
    configParameterStrings                   0x200000d4   Data         192  config.o(.data)
    configFormatStrings                      0x20000194   Data         192  config.o(.data)
    fetStartDetects                          0x2000030c   Data           2  fet.o(.data)
    fetDisarmDetects                         0x2000030e   Data           2  fet.o(.data)
    fetPeriod                                0x20000310   Data           4  fet.o(.data)
    fetActualDutyCycle                       0x20000314   Data           4  fet.o(.data)
    fetDutyCycle                             0x20000318   Data           4  fet.o(.data)
    fetStep                                  0x2000031c   Data           1  fet.o(.data)
    fetGoodDetects                           0x20000320   Data           4  fet.o(.data)
    fetBadDetects                            0x20000324   Data           4  fet.o(.data)
    fetTotalBadDetects                       0x20000328   Data           4  fet.o(.data)
    fetCommutationMicros                     0x2000032c   Data           4  fet.o(.data)
    fetBrakingEnabled                        0x20000330   Data           1  fet.o(.data)
    fetBraking                               0x20000331   Data           1  fet.o(.data)
    errorLed                                 0x20000340   Data           4  main.o(.data)
    statusLed                                0x20000344   Data           4  main.o(.data)
    tp                                       0x20000348   Data           4  main.o(.data)
    minCycles                                0x2000034c   Data           4  main.o(.data)
    idleCounter                              0x20000350   Data           4  main.o(.data)
    totalCycles                              0x20000354   Data           4  main.o(.data)
    state                                    0x20000358   Data           1  main.o(.data)
    inputMode                                0x20000359   Data           1  main.o(.data)
    pwmMinValue                              0x20000374   Data           2  pwm.o(.data)
    pwmLoValue                               0x20000378   Data           2  pwm.o(.data)
    pwmHiValue                               0x2000037a   Data           2  pwm.o(.data)
    pwmMinStart                              0x2000037c   Data           2  pwm.o(.data)
    pwmValidMicros                           0x20000380   Data           4  pwm.o(.data)
    runMilis                                 0x2000038c   Data           4  run.o(.data)
    idlePercent                              0x20000394   Data           4  run.o(.data)
    avgAmps                                  0x20000398   Data           4  run.o(.data)
    maxAmps                                  0x2000039c   Data           4  run.o(.data)
    avgVolts                                 0x200003a0   Data           4  run.o(.data)
    rpm                                      0x200003a4   Data           4  run.o(.data)
    targetRpm                                0x200003a8   Data           4  run.o(.data)
    disarmReason                             0x200003b8   Data           1  run.o(.data)
    commandMode                              0x200003b9   Data           1  run.o(.data)
    runMode                                  0x200003bb   Data           1  run.o(.data)
    currentIState                            0x200003c0   Data           4  run.o(.data)
    timerMicros                              0x200003c8   Data           4  timer.o(.data)
    version                                  0x20000587   Data          16  cli.o(.bss)
    p                                        0x200005f8   Data         192  config.o(.bss)
    serialPort                               0x20000ec8   Data        4372  serial.o(.bss)
    timerData                                0x20001fdc   Data          24  timer.o(.bss)
    __libspace_start                         0x20001ff4   Data          96  libspace.o(.bss)
    __temporary_stack_top$libspace           0x20002054   Data           0  libspace.o(.bss)



==============================================================================

Memory Map of the image

  Image Entry point : 0x080000ed

  Load Region LR_IROM1 (Base: 0x08000000, Size: 0x0000ae1c, Max: 0x00010000, ABSOLUTE, COMPRESSED[0x0000aba0])

    Execution Region ER_IROM1 (Base: 0x08000000, Size: 0x0000aa50, Max: 0x00010000, ABSOLUTE)

    Base Addr    Size         Type   Attr      Idx    E Section Name        Object

    0x08000000   0x000000ec   Data   RO         1779    RESET               startup_stm32f10x_md.o
    0x080000ec   0x00000008   Code   RO         3005  * !!!main             c_w.l(__main.o)
    0x080000f4   0x00000034   Code   RO         3503    !!!scatter          c_w.l(__scatter.o)
    0x08000128   0x0000005a   Code   RO         3501    !!dczerorl2         c_w.l(__dczerorl2.o)
    0x08000182   0x00000002   PAD
    0x08000184   0x0000001c   Code   RO         3505    !!handler_zi        c_w.l(__scatter_zi.o)
    0x080001a0   0x00000000   Code   RO         2981    .ARM.Collect$$_printf_percent$$00000000  c_w.l(_printf_percent.o)
    0x080001a0   0x00000006   Code   RO         2970    .ARM.Collect$$_printf_percent$$00000001  c_w.l(_printf_n.o)
    0x080001a6   0x00000006   Code   RO         2972    .ARM.Collect$$_printf_percent$$00000002  c_w.l(_printf_p.o)
    0x080001ac   0x00000006   Code   RO         2977    .ARM.Collect$$_printf_percent$$00000003  c_w.l(_printf_f.o)
    0x080001b2   0x00000006   Code   RO         2978    .ARM.Collect$$_printf_percent$$00000004  c_w.l(_printf_e.o)
    0x080001b8   0x00000006   Code   RO         2979    .ARM.Collect$$_printf_percent$$00000005  c_w.l(_printf_g.o)
    0x080001be   0x00000006   Code   RO         2980    .ARM.Collect$$_printf_percent$$00000006  c_w.l(_printf_a.o)
    0x080001c4   0x00000006   Code   RO         2974    .ARM.Collect$$_printf_percent$$00000008  c_w.l(_printf_i.o)
    0x080001ca   0x00000006   Code   RO         2975    .ARM.Collect$$_printf_percent$$00000009  c_w.l(_printf_d.o)
    0x080001d0   0x00000006   Code   RO         2976    .ARM.Collect$$_printf_percent$$0000000A  c_w.l(_printf_u.o)
    0x080001d6   0x00000006   Code   RO         2973    .ARM.Collect$$_printf_percent$$0000000B  c_w.l(_printf_o.o)
    0x080001dc   0x00000006   Code   RO         2971    .ARM.Collect$$_printf_percent$$0000000C  c_w.l(_printf_x.o)
    0x080001e2   0x0000000a   Code   RO         3150    .ARM.Collect$$_printf_percent$$00000012  c_w.l(_printf_l.o)
    0x080001ec   0x00000006   Code   RO         2968    .ARM.Collect$$_printf_percent$$00000013  c_w.l(_printf_c.o)
    0x080001f2   0x00000006   Code   RO         2969    .ARM.Collect$$_printf_percent$$00000014  c_w.l(_printf_s.o)
    0x080001f8   0x00000006   Code   RO         2982    .ARM.Collect$$_printf_percent$$00000015  c_w.l(_printf_lc.o)
    0x080001fe   0x00000004   Code   RO         3149    .ARM.Collect$$_printf_percent$$00000017  c_w.l(_printf_percent_end.o)
    0x08000202   0x00000002   Code   RO         3393    .ARM.Collect$$libinit$$00000000  c_w.l(libinit.o)
    0x08000204   0x00000000   Code   RO         3290    .ARM.Collect$$libinit$$00000002  c_w.l(libinit2.o)
    0x08000204   0x00000008   Code   RO         3291    .ARM.Collect$$libinit$$00000003  c_w.l(libinit2.o)
    0x0800020c   0x00000000   Code   RO         3293    .ARM.Collect$$libinit$$00000008  c_w.l(libinit2.o)
    0x0800020c   0x00000000   Code   RO         3295    .ARM.Collect$$libinit$$0000000A  c_w.l(libinit2.o)
    0x0800020c   0x00000000   Code   RO         3297    .ARM.Collect$$libinit$$0000000C  c_w.l(libinit2.o)
    0x0800020c   0x00000006   Code   RO         3298    .ARM.Collect$$libinit$$0000000D  c_w.l(libinit2.o)
    0x08000212   0x00000000   Code   RO         3300    .ARM.Collect$$libinit$$0000000F  c_w.l(libinit2.o)
    0x08000212   0x0000000c   Code   RO         3301    .ARM.Collect$$libinit$$00000010  c_w.l(libinit2.o)
    0x0800021e   0x00000000   Code   RO         3302    .ARM.Collect$$libinit$$00000011  c_w.l(libinit2.o)
    0x0800021e   0x00000000   Code   RO         3304    .ARM.Collect$$libinit$$00000013  c_w.l(libinit2.o)
    0x0800021e   0x0000000a   Code   RO         3305    .ARM.Collect$$libinit$$00000014  c_w.l(libinit2.o)
    0x08000228   0x00000000   Code   RO         3306    .ARM.Collect$$libinit$$00000015  c_w.l(libinit2.o)
    0x08000228   0x00000000   Code   RO         3308    .ARM.Collect$$libinit$$00000017  c_w.l(libinit2.o)
    0x08000228   0x00000000   Code   RO         3310    .ARM.Collect$$libinit$$00000019  c_w.l(libinit2.o)
    0x08000228   0x00000000   Code   RO         3312    .ARM.Collect$$libinit$$0000001B  c_w.l(libinit2.o)
    0x08000228   0x00000000   Code   RO         3314    .ARM.Collect$$libinit$$0000001D  c_w.l(libinit2.o)
    0x08000228   0x00000000   Code   RO         3316    .ARM.Collect$$libinit$$0000001F  c_w.l(libinit2.o)
    0x08000228   0x00000000   Code   RO         3318    .ARM.Collect$$libinit$$00000021  c_w.l(libinit2.o)
    0x08000228   0x00000000   Code   RO         3320    .ARM.Collect$$libinit$$00000023  c_w.l(libinit2.o)
    0x08000228   0x00000000   Code   RO         3324    .ARM.Collect$$libinit$$0000002A  c_w.l(libinit2.o)
    0x08000228   0x00000000   Code   RO         3326    .ARM.Collect$$libinit$$0000002C  c_w.l(libinit2.o)
    0x08000228   0x00000000   Code   RO         3328    .ARM.Collect$$libinit$$0000002E  c_w.l(libinit2.o)
    0x08000228   0x00000000   Code   RO         3330    .ARM.Collect$$libinit$$00000030  c_w.l(libinit2.o)
    0x08000228   0x00000002   Code   RO         3331    .ARM.Collect$$libinit$$00000031  c_w.l(libinit2.o)
    0x0800022a   0x00000002   Code   RO         3482    .ARM.Collect$$libshutdown$$00000000  c_w.l(libshutdown.o)
    0x0800022c   0x00000000   Code   RO         3458    .ARM.Collect$$libshutdown$$00000003  c_w.l(libshutdown2.o)
    0x0800022c   0x00000000   Code   RO         3461    .ARM.Collect$$libshutdown$$00000006  c_w.l(libshutdown2.o)
    0x0800022c   0x00000000   Code   RO         3464    .ARM.Collect$$libshutdown$$00000009  c_w.l(libshutdown2.o)
    0x0800022c   0x00000000   Code   RO         3466    .ARM.Collect$$libshutdown$$0000000B  c_w.l(libshutdown2.o)
    0x0800022c   0x00000000   Code   RO         3469    .ARM.Collect$$libshutdown$$0000000E  c_w.l(libshutdown2.o)
    0x0800022c   0x00000002   Code   RO         3470    .ARM.Collect$$libshutdown$$0000000F  c_w.l(libshutdown2.o)
    0x0800022e   0x00000000   Code   RO         3073    .ARM.Collect$$rtentry$$00000000  c_w.l(rtentry.o)
    0x0800022e   0x00000000   Code   RO         3192    .ARM.Collect$$rtentry$$00000002  c_w.l(rtentry2.o)
    0x0800022e   0x00000006   Code   RO         3204    .ARM.Collect$$rtentry$$00000004  c_w.l(rtentry4.o)
    0x08000234   0x00000000   Code   RO         3194    .ARM.Collect$$rtentry$$00000009  c_w.l(rtentry2.o)
    0x08000234   0x00000004   Code   RO         3195    .ARM.Collect$$rtentry$$0000000A  c_w.l(rtentry2.o)
    0x08000238   0x00000000   Code   RO         3197    .ARM.Collect$$rtentry$$0000000C  c_w.l(rtentry2.o)
    0x08000238   0x00000008   Code   RO         3198    .ARM.Collect$$rtentry$$0000000D  c_w.l(rtentry2.o)
    0x08000240   0x00000002   Code   RO         3409    .ARM.Collect$$rtexit$$00000000  c_w.l(rtexit.o)
    0x08000242   0x00000000   Code   RO         3442    .ARM.Collect$$rtexit$$00000002  c_w.l(rtexit2.o)
    0x08000242   0x00000004   Code   RO         3443    .ARM.Collect$$rtexit$$00000003  c_w.l(rtexit2.o)
    0x08000246   0x00000006   Code   RO         3444    .ARM.Collect$$rtexit$$00000004  c_w.l(rtexit2.o)
    0x0800024c   0x0000000c   Code   RO         2341    .emb_text           main.o
    0x08000258   0x00000010   Code   RO         2586    .emb_text           rcc.o
    0x08000268   0x00000000   Code   RO         3362    .emb_text           c_w.l(maybetermalloc1.o)
    0x08000268   0x00000040   Code   RO         1780    .text               startup_stm32f10x_md.o
    0x080002a8   0x00000028   Code   RO         2900    .text               c_w.l(calloc.o)
    0x080002d0   0x00000028   Code   RO         2904    .text               c_w.l(noretval__2sprintf.o)
    0x080002f8   0x00000052   Code   RO         2908    .text               c_w.l(_printf_pad.o)
    0x0800034a   0x00000024   Code   RO         2910    .text               c_w.l(_printf_truncate.o)
    0x0800036e   0x00000052   Code   RO         2912    .text               c_w.l(_printf_str.o)
    0x080003c0   0x00000078   Code   RO         2914    .text               c_w.l(_printf_dec.o)
    0x08000438   0x0000002a   Code   RO         2916    .text               c_w.l(_printf_charcount.o)
    0x08000462   0x00000002   PAD
    0x08000464   0x000000bc   Code   RO         2918    .text               c_w.l(_printf_wctomb.o)
    0x08000520   0x00000058   Code   RO         2923    .text               c_w.l(_printf_oct_int.o)
    0x08000578   0x00000080   Code   RO         2939    .text               c_w.l(_printf_hex_int_ptr.o)
    0x080005f8   0x0000018c   Code   RO         2965    .text               c_w.l(__printf_flags_ss_wp.o)
    0x08000784   0x0000003c   Code   RO         2983    .text               c_w.l(__0sscanf.o)
    0x080007c0   0x00000150   Code   RO         2985    .text               c_w.l(_scanf_int.o)
    0x08000910   0x000000da   Code   RO         2987    .text               c_w.l(_scanf_str.o)
    0x080009ea   0x00000050   Code   RO         2989    .text               c_w.l(bsearchnoex.o)
    0x08000a3a   0x00000058   Code   RO         2991    .text               c_w.l(memcmp.o)
    0x08000a92   0x00000032   Code   RO         2993    .text               c_w.l(strncasecmp.o)
    0x08000ac4   0x0000002a   Code   RO         2995    .text               c_w.l(strcasecmp.o)
    0x08000aee   0x0000003e   Code   RO         2997    .text               c_w.l(strlen.o)
    0x08000b2c   0x00000064   Code   RO         2999    .text               c_w.l(rt_memcpy_w.o)
    0x08000b90   0x00000044   Code   RO         3001    .text               c_w.l(rt_memclr.o)
    0x08000bd4   0x00000006   Code   RO         3003    .text               c_w.l(heapauxi.o)
    0x08000bda   0x0000005e   Code   RO         3076    .text               c_w.l(h1_alloc.o)
    0x08000c38   0x00000016   Code   RO         3130    .text               c_w.l(_rserrno.o)
    0x08000c4e   0x0000001a   Code   RO         3132    .text               c_w.l(tolower.o)
    0x08000c68   0x000000b8   Code   RO         3134    .text               c_w.l(_printf_intcommon.o)
    0x08000d20   0x00000420   Code   RO         3136    .text               c_w.l(_printf_fp_dec.o)
    0x08001140   0x00000300   Code   RO         3138    .text               c_w.l(_printf_fp_hex.o)
    0x08001440   0x00000030   Code   RO         3141    .text               c_w.l(_printf_char_common.o)
    0x08001470   0x0000000a   Code   RO         3143    .text               c_w.l(_sputc.o)
    0x0800147a   0x0000002c   Code   RO         3145    .text               c_w.l(_printf_char.o)
    0x080014a6   0x0000002c   Code   RO         3147    .text               c_w.l(_printf_wchar.o)
    0x080014d2   0x0000001c   Code   RO         3151    .text               c_w.l(_chval.o)
    0x080014ee   0x00000002   PAD
    0x080014f0   0x000004a4   Code   RO         3153    .text               c_w.l(scanf_fp.o)
    0x08001994   0x0000002c   Code   RO         3155    .text               c_w.l(scanf_char.o)
    0x080019c0   0x00000040   Code   RO         3157    .text               c_w.l(_sgetc.o)
    0x08001a00   0x00000040   Code   RO         3159    .text               c_w.l(_wcrtomb.o)
    0x08001a40   0x0000004e   Code   RO         3161    .text               c_w.l(rt_memclr_w.o)
    0x08001a8e   0x00000002   PAD
    0x08001a90   0x00000010   Code   RO         3206    .text               c_w.l(rt_ctype_table.o)
    0x08001aa0   0x00000008   Code   RO         3211    .text               c_w.l(rt_heap_descriptor_intlibspace.o)
    0x08001aa8   0x00000008   Code   RO         3216    .text               c_w.l(rt_locale_intlibspace.o)
    0x08001ab0   0x00000008   Code   RO         3221    .text               c_w.l(rt_errno_addr_intlibspace.o)
    0x08001ab8   0x00000004   Code   RO         3223    .text               c_w.l(hguard.o)
    0x08001abc   0x0000008a   Code   RO         3225    .text               c_w.l(init_alloc.o)
    0x08001b46   0x0000000e   Code   RO         3231    .text               c_w.l(h1_init.o)
    0x08001b54   0x0000004e   Code   RO         3233    .text               c_w.l(h1_free.o)
    0x08001ba2   0x0000008a   Code   RO         3249    .text               c_w.l(lludiv10.o)
    0x08001c2c   0x00000012   Code   RO         3251    .text               c_w.l(isspace.o)
    0x08001c3e   0x00000002   PAD
    0x08001c40   0x00000080   Code   RO         3253    .text               c_w.l(_printf_fp_infnan.o)
    0x08001cc0   0x00000370   Code   RO         3257    .text               c_w.l(_scanf.o)
    0x08002030   0x000000e4   Code   RO         3259    .text               c_w.l(bigflt0.o)
    0x08002114   0x00000008   Code   RO         3355    .text               c_w.l(libspace.o)
    0x0800211c   0x0000004a   Code   RO         3358    .text               c_w.l(sys_stackheap_outer.o)
    0x08002166   0x00000034   Code   RO         3364    .text               c_w.l(h1_extend.o)
    0x0800219a   0x00000002   PAD
    0x0800219c   0x00000314   Code   RO         3368    .text               c_w.l(scanf_hexfp.o)
    0x080024b0   0x0000013c   Code   RO         3370    .text               c_w.l(scanf_infnan.o)
    0x080025ec   0x0000000c   Code   RO         3375    .text               c_w.l(exit.o)
    0x080025f8   0x0000000e   Code   RO         3377    .text               c_w.l(defsig_rtmem_outer.o)
    0x08002606   0x00000002   PAD
    0x08002608   0x00000080   Code   RO         3381    .text               c_w.l(strcmpv7m.o)
    0x08002688   0x00000002   Code   RO         3406    .text               c_w.l(use_no_semi.o)
    0x0800268a   0x00000000   Code   RO         3408    .text               c_w.l(indicate_semi.o)
    0x0800268a   0x00000026   Code   RO         3415    .text               c_w.l(llshl.o)
    0x080026b0   0x0000000a   Code   RO         3417    .text               c_w.l(defsig_exit.o)
    0x080026ba   0x00000002   PAD
    0x080026bc   0x00000050   Code   RO         3419    .text               c_w.l(defsig_rtmem_inner.o)
    0x0800270c   0x0000000c   Code   RO         3439    .text               c_w.l(sys_exit.o)
    0x08002718   0x00000032   Code   RO         3454    .text               c_w.l(defsig_general.o)
    0x0800274a   0x0000000e   Code   RO         3476    .text               c_w.l(sys_wrch.o)
    0x08002758   0x0000003e   Code   RO         3262    CL$$btod_d2e        c_w.l(btod.o)
    0x08002796   0x00000046   Code   RO         3264    CL$$btod_d2e_denorm_low  c_w.l(btod.o)
    0x080027dc   0x00000060   Code   RO         3263    CL$$btod_d2e_norm_op1  c_w.l(btod.o)
    0x0800283c   0x00000338   Code   RO         3272    CL$$btod_div_common  c_w.l(btod.o)
    0x08002b74   0x00000054   Code   RO         3270    CL$$btod_e2d        c_w.l(btod.o)
    0x08002bc8   0x000000c6   Code   RO         3269    CL$$btod_e2e        c_w.l(btod.o)
    0x08002c8e   0x00000028   Code   RO         3266    CL$$btod_ediv       c_w.l(btod.o)
    0x08002cb6   0x00000028   Code   RO         3268    CL$$btod_edivd      c_w.l(btod.o)
    0x08002cde   0x00000028   Code   RO         3265    CL$$btod_emul       c_w.l(btod.o)
    0x08002d06   0x00000028   Code   RO         3267    CL$$btod_emuld      c_w.l(btod.o)
    0x08002d2e   0x00000244   Code   RO         3271    CL$$btod_mult_common  c_w.l(btod.o)
    0x08002f72   0x00000016   Code   RO            7    i.ADC_Cmd           stm32f10x_adc.o
    0x08002f88   0x00000016   Code   RO            8    i.ADC_DMACmd        stm32f10x_adc.o
    0x08002f9e   0x00000016   Code   RO           12    i.ADC_ExternalTrigConvCmd  stm32f10x_adc.o
    0x08002fb4   0x00000016   Code   RO           13    i.ADC_ExternalTrigInjectedConvCmd  stm32f10x_adc.o
    0x08002fca   0x00000010   Code   RO           14    i.ADC_ExternalTrigInjectedConvConfig  stm32f10x_adc.o
    0x08002fda   0x00000014   Code   RO           15    i.ADC_GetCalibrationStatus  stm32f10x_adc.o
    0x08002fee   0x00000014   Code   RO           21    i.ADC_GetResetCalibrationStatus  stm32f10x_adc.o
    0x08003002   0x00000002   PAD
    0x08003004   0x00000050   Code   RO           25    i.ADC_Init          stm32f10x_adc.o
    0x08003054   0x00000082   Code   RO           26    i.ADC_InjectedChannelConfig  stm32f10x_adc.o
    0x080030d6   0x00000018   Code   RO           28    i.ADC_InjectedSequencerLengthConfig  stm32f10x_adc.o
    0x080030ee   0x000000b8   Code   RO           29    i.ADC_RegularChannelConfig  stm32f10x_adc.o
    0x080031a6   0x0000000a   Code   RO           30    i.ADC_ResetCalibration  stm32f10x_adc.o
    0x080031b0   0x00000016   Code   RO           32    i.ADC_SoftwareStartConvCmd  stm32f10x_adc.o
    0x080031c6   0x0000000a   Code   RO           34    i.ADC_StartCalibration  stm32f10x_adc.o
    0x080031d0   0x00000038   Code   RO         2342    i.BusFault_Handler  main.o
    0x08003208   0x00000020   Code   RO          251    i.DBGMCU_Config     stm32f10x_dbgmcu.o
    0x08003228   0x00000254   Code   RO         1785    i.DMA1_Channel1_IRQHandler  adc.o
    0x0800347c   0x0000002c   Code   RO         2753    i.DMA1_Channel4_IRQHandler  serial.o
    0x080034a8   0x0000001c   Code   RO          279    i.DMA_ClearITPendingBit  stm32f10x_dma.o
    0x080034c4   0x00000018   Code   RO          280    i.DMA_Cmd           stm32f10x_dma.o
    0x080034dc   0x0000014c   Code   RO          281    i.DMA_DeInit        stm32f10x_dma.o
    0x08003628   0x00000008   Code   RO          282    i.DMA_GetCurrDataCounter  stm32f10x_dma.o
    0x08003630   0x00000012   Code   RO          285    i.DMA_ITConfig      stm32f10x_dma.o
    0x08003642   0x0000003c   Code   RO          286    i.DMA_Init          stm32f10x_dma.o
    0x0800367e   0x00000002   PAD
    0x08003680   0x0000000c   Code   RO          354    i.EXTI_ClearITPendingBit  stm32f10x_exti.o
    0x0800368c   0x00000028   Code   RO          358    i.EXTI_GetITStatus  stm32f10x_exti.o
    0x080036b4   0x00000094   Code   RO          359    i.EXTI_Init         stm32f10x_exti.o
    0x08003748   0x0000000c   Code   RO          410    i.FLASH_ClearFlag   stm32f10x_flash.o
    0x08003754   0x0000004c   Code   RO          415    i.FLASH_ErasePage   stm32f10x_flash.o
    0x080037a0   0x00000034   Code   RO          416    i.FLASH_GetBank1Status  stm32f10x_flash.o
    0x080037d4   0x00000014   Code   RO          425    i.FLASH_Lock        stm32f10x_flash.o
    0x080037e8   0x0000006c   Code   RO          430    i.FLASH_ProgramWord  stm32f10x_flash.o
    0x08003854   0x00000018   Code   RO          433    i.FLASH_Unlock      stm32f10x_flash.o
    0x0800386c   0x00000026   Code   RO          437    i.FLASH_WaitForLastOperation  stm32f10x_flash.o
    0x08003892   0x00000112   Code   RO          593    i.GPIO_Init         stm32f10x_gpio.o
    0x080039a4   0x00000090   Code   RO          595    i.GPIO_PinRemapConfig  stm32f10x_gpio.o
    0x08003a34   0x00000038   Code   RO         2343    i.HardFault_Handler  main.o
    0x08003a6c   0x00000038   Code   RO         2344    i.MemManage_Handler  main.o
    0x08003aa4   0x00000074   Code   RO         2401    i.NVIC_Init         misc.o
    0x08003b18   0x00000028   Code   RO         2624    i.NVIC_SetPriority  run.o
    0x08003b40   0x00000040   Code   RO         2625    i.PVD_IRQHandler    run.o
    0x08003b80   0x0000000c   Code   RO          752    i.PWR_PVDCmd        stm32f10x_pwr.o
    0x08003b8c   0x00000018   Code   RO          753    i.PWR_PVDLevelConfig  stm32f10x_pwr.o
    0x08003ba4   0x00000018   Code   RO          809    i.RCC_ADCCLKConfig  stm32f10x_rcc.o
    0x08003bbc   0x00000020   Code   RO          810    i.RCC_AHBPeriphClockCmd  stm32f10x_rcc.o
    0x08003bdc   0x00000020   Code   RO          811    i.RCC_APB1PeriphClockCmd  stm32f10x_rcc.o
    0x08003bfc   0x00000020   Code   RO          813    i.RCC_APB2PeriphClockCmd  stm32f10x_rcc.o
    0x08003c1c   0x00000014   Code   RO          817    i.RCC_ClearFlag     stm32f10x_rcc.o
    0x08003c30   0x000000d4   Code   RO          821    i.RCC_GetClocksFreq  stm32f10x_rcc.o
    0x08003d04   0x0000003c   Code   RO          822    i.RCC_GetFlagStatus  stm32f10x_rcc.o
    0x08003d40   0x0000000c   Code   RO          827    i.RCC_HSICmd        stm32f10x_rcc.o
    0x08003d4c   0x00000008   Code   RO         1743    i.SetSysClock       system_stm32f10x.o
    0x08003d54   0x000000dc   Code   RO         1744    i.SetSysClockTo72   system_stm32f10x.o
    0x08003e30   0x0000012c   Code   RO         2626    i.SysTick_Handler   run.o
    0x08003f5c   0x00000060   Code   RO         1746    i.SystemInit        system_stm32f10x.o
    0x08003fbc   0x00000080   Code   RO         1009    i.TI1_Config        stm32f10x_tim.o
    0x0800403c   0x00000098   Code   RO         1010    i.TI2_Config        stm32f10x_tim.o
    0x080040d4   0x000000ac   Code   RO         2537    i.TIM1_CC_IRQHandler  pwm.o
    0x08004180   0x0000008c   Code   RO         2819    i.TIM2_IRQHandler   timer.o
    0x0800420c   0x00000018   Code   RO         1013    i.TIM_ARRPreloadConfig  stm32f10x_tim.o
    0x08004224   0x00000006   Code   RO         1020    i.TIM_ClearITPendingBit  stm32f10x_tim.o
    0x0800422a   0x00000018   Code   RO         1025    i.TIM_Cmd           stm32f10x_tim.o
    0x08004242   0x00000022   Code   RO         1046    i.TIM_GetITStatus   stm32f10x_tim.o
    0x08004264   0x00000098   Code   RO         1054    i.TIM_OC1Init       stm32f10x_tim.o
    0x080042fc   0x00000012   Code   RO         1057    i.TIM_OC1PreloadConfig  stm32f10x_tim.o
    0x0800430e   0x00000002   PAD
    0x08004310   0x000000a4   Code   RO         1059    i.TIM_OC2Init       stm32f10x_tim.o
    0x080043b4   0x0000001a   Code   RO         1062    i.TIM_OC2PreloadConfig  stm32f10x_tim.o
    0x080043ce   0x00000002   PAD
    0x080043d0   0x000000a0   Code   RO         1064    i.TIM_OC3Init       stm32f10x_tim.o
    0x08004470   0x00000012   Code   RO         1067    i.TIM_OC3PreloadConfig  stm32f10x_tim.o
    0x08004482   0x00000002   PAD
    0x08004484   0x0000007c   Code   RO         1069    i.TIM_OC4Init       stm32f10x_tim.o
    0x08004500   0x0000001a   Code   RO         1071    i.TIM_OC4PreloadConfig  stm32f10x_tim.o
    0x0800451a   0x00000014   Code   RO         1072    i.TIM_OCStructInit  stm32f10x_tim.o
    0x0800452e   0x0000007c   Code   RO         1073    i.TIM_PWMIConfig    stm32f10x_tim.o
    0x080045aa   0x00000012   Code   RO         1078    i.TIM_SelectInputTrigger  stm32f10x_tim.o
    0x080045bc   0x00000012   Code   RO         1079    i.TIM_SelectMasterSlaveMode  stm32f10x_tim.o
    0x080045ce   0x00000012   Code   RO         1083    i.TIM_SelectSlaveMode  stm32f10x_tim.o
    0x080045e0   0x00000012   Code   RO         1091    i.TIM_SetIC1Prescaler  stm32f10x_tim.o
    0x080045f2   0x0000001a   Code   RO         1092    i.TIM_SetIC2Prescaler  stm32f10x_tim.o
    0x0800460c   0x000000a4   Code   RO         1096    i.TIM_TimeBaseInit  stm32f10x_tim.o
    0x080046b0   0x00000012   Code   RO         1097    i.TIM_TimeBaseStructInit  stm32f10x_tim.o
    0x080046c2   0x00000018   Code   RO         1564    i.USART_Cmd         stm32f10x_usart.o
    0x080046da   0x00000012   Code   RO         1565    i.USART_DMACmd      stm32f10x_usart.o
    0x080046ec   0x000000d8   Code   RO         1571    i.USART_Init        stm32f10x_usart.o
    0x080047c4   0x00000038   Code   RO         2345    i.UsageFault_Handler  main.o
    0x080047fc   0x00000028   Code   RO         3345    i.__ARM_fpclassify  m_ws.l(fpclassify.o)
    0x08004824   0x00000026   Code   RO         3182    i.__ARM_fpclassifyf  m_ws.l(fpclassifyf.o)
    0x0800484a   0x00000002   PAD
    0x0800484c   0x00000010   Code   RO         3473    i.__mathlib_dbl_underflow  m_ws.l(dunder.o)
    0x0800485c   0x0000000a   Code   RO         3184    i.__mathlib_flt_underflow  m_ws.l(funder.o)
    0x08004866   0x00000010   Code   RO         3347    i.__mathlib_narrow  m_ws.l(narrow.o)
    0x08004876   0x00000002   PAD
    0x08004878   0x00000158   Code   RO         3186    i.__mathlib_rredf2  m_ws.l(rredf.o)
    0x080049d0   0x00000088   Code   RO         3348    i.__mathlib_tofloat  m_ws.l(narrow.o)
    0x08004a58   0x00000016   Code   RO         3428    i.__support_ldexp   m_ws.l(ldexp.o)
    0x08004a6e   0x00000002   PAD
    0x08004a70   0x00000064   Code   RO         2210    i._fetSetDutyCycle  fet.o
    0x08004ad4   0x00000034   Code   RO         2211    i._fetSetServoDuty  fet.o
    0x08004b08   0x0000000e   Code   RO         2958    i._is_digit         c_w.l(__printf_wp.o)
    0x08004b16   0x0000002a   Code   RO         1786    i.adcCalibrateADC   adc.o
    0x08004b40   0x00000044   Code   RO         1787    i.adcEvaluateHistSize  adc.o
    0x08004b84   0x000000a8   Code   RO         1788    i.adcGrowHist       adc.o
    0x08004c2c   0x00000258   Code   RO         1789    i.adcInit           adc.o
    0x08004e84   0x00000130   Code   RO         1790    i.adcSetConstants   adc.o
    0x08004fb4   0x00000014   Code   RO         1791    i.adcSetCrossingPeriod  adc.o
    0x08004fc8   0x000000c0   Code   RO         1792    i.adcShrinkHist     adc.o
    0x08005088   0x00000014   Code   RO         1868    i.binaryAck         binary.o
    0x0800509c   0x00000200   Code   RO         1869    i.binaryCheck       binary.o
    0x0800529c   0x00000288   Code   RO         1870    i.binaryCommandParse  binary.o
    0x08005524   0x000000e0   Code   RO         1871    i.binaryCommandRead  binary.o
    0x08005604   0x00000030   Code   RO         1872    i.binaryGetChar     binary.o
    0x08005634   0x00000014   Code   RO         1873    i.binaryNack        binary.o
    0x08005648   0x00000080   Code   RO         1874    i.binaryProcessAck  binary.o
    0x080056c8   0x0000002c   Code   RO         1875    i.binarySendChar    binary.o
    0x080056f4   0x0000001a   Code   RO         1876    i.binarySendFloat   binary.o
    0x0800570e   0x0000001a   Code   RO         1877    i.binarySendShort   binary.o
    0x08005728   0x00000068   Code   RO         1878    i.binaryTelemSend   binary.o
    0x08005790   0x000001cc   Code   RO         1943    i.cliCheck          cli.o
    0x0800595c   0x00000022   Code   RO         1944    i.cliCommandComp    cli.o
    0x0800597e   0x00000002   PAD
    0x08005980   0x0000002c   Code   RO         1945    i.cliCommandGet     cli.o
    0x080059ac   0x00000058   Code   RO         1946    i.cliFuncArm        cli.o
    0x08005a04   0x000000d0   Code   RO         1947    i.cliFuncBeep       cli.o
    0x08005ad4   0x00000060   Code   RO         1948    i.cliFuncBinary     cli.o
    0x08005b34   0x0000006c   Code   RO         1949    i.cliFuncBoot       cli.o
    0x08005ba0   0x0000004c   Code   RO         1950    i.cliFuncChangeInput  cli.o
    0x08005bec   0x00000114   Code   RO         1951    i.cliFuncConfig     cli.o
    0x08005d00   0x0000002c   Code   RO         1952    i.cliFuncDisarm     cli.o
    0x08005d2c   0x000000d8   Code   RO         1953    i.cliFuncDuty       cli.o
    0x08005e04   0x00000064   Code   RO         1954    i.cliFuncHelp       cli.o
    0x08005e68   0x00000060   Code   RO         1955    i.cliFuncInput      cli.o
    0x08005ec8   0x000000a0   Code   RO         1956    i.cliFuncMode       cli.o
    0x08005f68   0x000000b0   Code   RO         1957    i.cliFuncPos        cli.o
    0x08006018   0x000000dc   Code   RO         1958    i.cliFuncPwm        cli.o
    0x080060f4   0x00000114   Code   RO         1959    i.cliFuncRpm        cli.o
    0x08006208   0x000000e4   Code   RO         1960    i.cliFuncSet        cli.o
    0x080062ec   0x00000078   Code   RO         1961    i.cliFuncStart      cli.o
    0x08006364   0x000002a4   Code   RO         1962    i.cliFuncStatus     cli.o
    0x08006608   0x00000044   Code   RO         1963    i.cliFuncStop       cli.o
    0x0800664c   0x00000094   Code   RO         1964    i.cliFuncTelemetry  cli.o
    0x080066e0   0x00000030   Code   RO         1965    i.cliFuncVer        cli.o
    0x08006710   0x00000060   Code   RO         1966    i.cliInit           cli.o
    0x08006770   0x00000068   Code   RO         1967    i.cliPrintParam     cli.o
    0x080067d8   0x00000028   Code   RO         1968    i.cliPrompt         cli.o
    0x08006800   0x00000030   Code   RO         1969    i.cliUsage          cli.o
    0x08006830   0x00000038   Code   RO         2121    i.configGetId       config.o
    0x08006868   0x0000004c   Code   RO         2122    i.configInit        config.o
    0x080068b4   0x00000150   Code   RO         2123    i.configLoadDefault  config.o
    0x08006a04   0x0000001c   Code   RO         2124    i.configReadFlash   config.o
    0x08006a20   0x00000018   Code   RO         2125    i.configRecalcConst  config.o
    0x08006a38   0x00000024   Code   RO         2127    i.configSetParamByID  config.o
    0x08006a5c   0x00000090   Code   RO         2128    i.configWriteFlash  config.o
    0x08006aec   0x00000036   Code   RO         2189    i.digitalInit       digital.o
    0x08006b22   0x0000001a   Code   RO         2190    i.digitalTogg       digital.o
    0x08006b3c   0x00000070   Code   RO         2212    i.fetBeep           fet.o
    0x08006bac   0x000000a4   Code   RO         2213    i.fetCommutate      fet.o
    0x08006c50   0x000000b0   Code   RO         2214    i.fetCreateSine     fet.o
    0x08006d00   0x000001f4   Code   RO         2215    i.fetInit           fet.o
    0x08006ef4   0x00000038   Code   RO         2216    i.fetMissedCommutate  fet.o
    0x08006f2c   0x00000028   Code   RO         2217    i.fetSetAngle       fet.o
    0x08006f54   0x00000058   Code   RO         2218    i.fetSetAngleFromPwm  fet.o
    0x08006fac   0x00000060   Code   RO         2219    i.fetSetBaseTime    fet.o
    0x0800700c   0x00000034   Code   RO         2220    i.fetSetBraking     fet.o
    0x08007040   0x0000019c   Code   RO         2221    i.fetSetConstants   fet.o
    0x080071dc   0x00000024   Code   RO         2222    i.fetSetDutyCycle   fet.o
    0x08007200   0x000000a4   Code   RO         2223    i.fetSetStep        fet.o
    0x080072a4   0x000000bc   Code   RO         2224    i.fetStartCommutation  fet.o
    0x08007360   0x0000021c   Code   RO         2225    i.fetUpdateServo    fet.o
    0x0800757c   0x00000058   Code   RO         3403    i.frexp             m_ws.l(frexp.o)
    0x080075d4   0x00000006   Code   RO         2326    i.getBuildNumber    getbuildnum.o
    0x080075da   0x0000007e   Code   RO         3429    i.ldexp             m_ws.l(ldexp.o)
    0x08007658   0x00000144   Code   RO         2346    i.main              main.o
    0x0800779c   0x000001d8   Code   RO         2226    i.motorStartSeq     fet.o
    0x08007974   0x00000048   Code   RO         2227    i.motorStartSeqInit  fet.o
    0x080079bc   0x0000004c   Code   RO         2437    i.owByteReceived    ow.o
    0x08007a08   0x0000003c   Code   RO         2438    i.owByteSent        ow.o
    0x08007a44   0x0000002e   Code   RO         2439    i.owCRC             ow.o
    0x08007a72   0x00000002   PAD
    0x08007a74   0x00000040   Code   RO         2440    i.owEdgeDetect      ow.o
    0x08007ab4   0x00000044   Code   RO         2441    i.owInit            ow.o
    0x08007af8   0x0000001c   Code   RO         2442    i.owPullLow         ow.o
    0x08007b14   0x00000048   Code   RO         2443    i.owReadBitIsr      ow.o
    0x08007b5c   0x00000028   Code   RO         2444    i.owReadBytes       ow.o
    0x08007b84   0x00000264   Code   RO         2445    i.owReadComplete    ow.o
    0x08007de8   0x0000001c   Code   RO         2446    i.owRelease         ow.o
    0x08007e04   0x00000014   Code   RO         2447    i.owReset           ow.o
    0x08007e18   0x0000007c   Code   RO         2448    i.owResetIsr        ow.o
    0x08007e94   0x00000014   Code   RO         2449    i.owTimeout         ow.o
    0x08007ea8   0x00000030   Code   RO         2450    i.owTimeoutIsr      ow.o
    0x08007ed8   0x00000068   Code   RO         2451    i.owWriteBitIsr     ow.o
    0x08007f40   0x00000034   Code   RO         2452    i.owWriteBytes      ow.o
    0x08007f74   0x0000000a   Code   RO         2453    i.owWriteComplete   ow.o
    0x08007f7e   0x00000002   PAD
    0x08007f80   0x000000b4   Code   RO         2538    i.pwmInit           pwm.o
    0x08008034   0x00000014   Code   RO         2539    i.pwmIsrAllOff      pwm.o
    0x08008048   0x00000020   Code   RO         2540    i.pwmIsrAllOn       pwm.o
    0x08008068   0x00000024   Code   RO         2541    i.pwmIsrRunOn       pwm.o
    0x0800808c   0x00000120   Code   RO         2542    i.pwmSetConstants   pwm.o
    0x080081ac   0x00000058   Code   RO         2587    i.rccBootLoader     rcc.o
    0x08008204   0x000000ec   Code   RO         2588    i.rccInit           rcc.o
    0x080082f0   0x00000014   Code   RO         2589    i.rccReadBkpDr      rcc.o
    0x08008304   0x0000001c   Code   RO         2590    i.rccReset          rcc.o
    0x08008320   0x00000030   Code   RO         2591    i.rccWriteBkpDr     rcc.o
    0x08008350   0x0000008c   Code   RO         2627    i.runArm            run.o
    0x080083dc   0x00000094   Code   RO         2628    i.runCurrentPID     run.o
    0x08008470   0x0000004c   Code   RO         2629    i.runDisarm         run.o
    0x080084bc   0x00000064   Code   RO         2630    i.runDuty           run.o
    0x08008520   0x00000002   Code   RO         2631    i.runFeedIWDG       run.o
    0x08008522   0x00000006   Code   RO         2632    i.runIWDGInit       run.o
    0x08008528   0x0000006c   Code   RO         2633    i.runInit           run.o
    0x08008594   0x00000278   Code   RO         2634    i.runNewInput       run.o
    0x0800880c   0x000000c8   Code   RO         2635    i.runRpm            run.o
    0x080088d4   0x000001a4   Code   RO         2636    i.runRpmPID         run.o
    0x08008a78   0x0000000c   Code   RO         2637    i.runRpmPIDReset    run.o
    0x08008a84   0x000000e0   Code   RO         2638    i.runSetConstants   run.o
    0x08008b64   0x00000052   Code   RO         2639    i.runSetupPVD       run.o
    0x08008bb6   0x00000002   PAD
    0x08008bb8   0x00000040   Code   RO         2640    i.runStart          run.o
    0x08008bf8   0x00000014   Code   RO         2641    i.runStop           run.o
    0x08008c0c   0x0000012c   Code   RO         2642    i.runThrotLim       run.o
    0x08008d38   0x00000144   Code   RO         2643    i.runWatchDog       run.o
    0x08008e7c   0x00000020   Code   RO         2754    i.serialAvailable   serial.o
    0x08008e9c   0x00000154   Code   RO         2755    i.serialInit        serial.o
    0x08008ff0   0x0000002c   Code   RO         2756    i.serialOpenPort    serial.o
    0x0800901c   0x00000016   Code   RO         2757    i.serialPrint       serial.o
    0x08009032   0x00000002   PAD
    0x08009034   0x00000034   Code   RO         2758    i.serialRead        serial.o
    0x08009068   0x00000054   Code   RO         2759    i.serialSetConstants  serial.o
    0x080090bc   0x00000060   Code   RO         2760    i.serialStartTxDMA  serial.o
    0x0800911c   0x00000038   Code   RO         2761    i.serialWrite       serial.o
    0x08009154   0x0000018c   Code   RO         3058    i.sinf              m_ws.l(sinf.o)
    0x080092e0   0x0000002c   Code   RO         3066    i.sqrtf             m_ws.l(sqrtf.o)
    0x0800930c   0x0000001c   Code   RO         2821    i.timerCancelAlarm1  timer.o
    0x08009328   0x0000001e   Code   RO         2822    i.timerCancelAlarm2  timer.o
    0x08009346   0x0000001e   Code   RO         2823    i.timerCancelAlarm3  timer.o
    0x08009364   0x0000002a   Code   RO         2824    i.timerDelay        timer.o
    0x0800938e   0x00000002   PAD
    0x08009390   0x0000003c   Code   RO         2825    i.timerGetMicros    timer.o
    0x080093cc   0x000000b8   Code   RO         2826    i.timerInit         timer.o
    0x08009484   0x0000004c   Code   RO         2827    i.timerSetAlarm1    timer.o
    0x080094d0   0x00000050   Code   RO         2828    i.timerSetAlarm2    timer.o
    0x08009520   0x00000050   Code   RO         2829    i.timerSetAlarm3    timer.o
    0x08009570   0x0000002c   Code   RO         3285    locale$$code        c_w.l(lc_numeric_c.o)
    0x0800959c   0x0000002c   Code   RO         3373    locale$$code        c_w.l(lc_ctype_c.o)
    0x080095c8   0x00000062   Code   RO         3394    x$fpl$d2f           fz_ws.l(d2f.o)
    0x0800962a   0x00000002   PAD
    0x0800962c   0x00000010   Code   RO         3471    x$fpl$dcheck1       fz_ws.l(dcheck1.o)
    0x0800963c   0x00000018   Code   RO         3163    x$fpl$dcmpinf       fz_ws.l(dcmpi.o)
    0x08009654   0x00000078   Code   RO         3396    x$fpl$deqf          fz_ws.l(deqf.o)
    0x080096cc   0x00000078   Code   RO         3007    x$fpl$dleqf         fz_ws.l(dleqf.o)
    0x08009744   0x0000009c   Code   RO         3165    x$fpl$dnaninf       fz_ws.l(dnaninf.o)
    0x080097e0   0x0000000c   Code   RO         3167    x$fpl$dretinf       fz_ws.l(dretinf.o)
    0x080097ec   0x0000006c   Code   RO         3009    x$fpl$drleqf        fz_ws.l(drleqf.o)
    0x08009858   0x00000056   Code   RO         3011    x$fpl$f2d           fz_ws.l(f2d.o)
    0x080098ae   0x00000002   PAD
    0x080098b0   0x000000c4   Code   RO         3013    x$fpl$fadd          fz_ws.l(faddsub_clz.o)
    0x08009974   0x0000000c   Code   RO         3169    x$fpl$fcheck1       fz_ws.l(fcheck1.o)
    0x08009980   0x00000018   Code   RO         3171    x$fpl$fcmpinf       fz_ws.l(fcmpi.o)
    0x08009998   0x00000184   Code   RO         3020    x$fpl$fdiv          fz_ws.l(fdiv.o)
    0x08009b1c   0x00000068   Code   RO         3023    x$fpl$feqf          fz_ws.l(feqf.o)
    0x08009b84   0x00000036   Code   RO         3025    x$fpl$ffix          fz_ws.l(ffix.o)
    0x08009bba   0x00000002   PAD
    0x08009bbc   0x0000003e   Code   RO         3029    x$fpl$ffixu         fz_ws.l(ffixu.o)
    0x08009bfa   0x00000002   PAD
    0x08009bfc   0x00000030   Code   RO         3034    x$fpl$fflt          fz_ws.l(fflt_clz.o)
    0x08009c2c   0x00000026   Code   RO         3033    x$fpl$ffltu         fz_ws.l(fflt_clz.o)
    0x08009c52   0x00000002   PAD
    0x08009c54   0x00000068   Code   RO         3039    x$fpl$fleqf         fz_ws.l(fleqf.o)
    0x08009cbc   0x00000102   Code   RO         3041    x$fpl$fmul          fz_ws.l(fmul.o)
    0x08009dbe   0x0000008c   Code   RO         3173    x$fpl$fnaninf       fz_ws.l(fnaninf.o)
    0x08009e4a   0x0000000a   Code   RO         3175    x$fpl$fretinf       fz_ws.l(fretinf.o)
    0x08009e54   0x00000062   Code   RO         3043    x$fpl$frleqf        fz_ws.l(frleqf.o)
    0x08009eb6   0x00000002   PAD
    0x08009eb8   0x00000060   Code   RO         3177    x$fpl$frnd          fz_ws.l(frnd.o)
    0x08009f18   0x00000014   Code   RO         3014    x$fpl$frsb          fz_ws.l(faddsub_clz.o)
    0x08009f2c   0x00000110   Code   RO         3179    x$fpl$fsqrt         fz_ws.l(fsqrt.o)
    0x0800a03c   0x000000ea   Code   RO         3015    x$fpl$fsub          fz_ws.l(faddsub_clz.o)
    0x0800a126   0x00000004   Code   RO         3045    x$fpl$printf1       fz_ws.l(printf1.o)
    0x0800a12a   0x00000004   Code   RO         3047    x$fpl$printf2       fz_ws.l(printf2.o)
    0x0800a12e   0x00000064   Code   RO         3337    x$fpl$retnan        fz_ws.l(retnan.o)
    0x0800a192   0x0000005c   Code   RO         3425    x$fpl$scalbn        fz_ws.l(scalbn.o)
    0x0800a1ee   0x0000004c   Code   RO         3053    x$fpl$scalbnf       fz_ws.l(scalbnf.o)
    0x0800a23a   0x00000004   Code   RO         3055    x$fpl$scanf1        fz_ws.l(scanf1.o)
    0x0800a23e   0x00000008   Code   RO         3339    x$fpl$scanf2        fz_ws.l(scanf2.o)
    0x0800a246   0x00000030   Code   RO         3400    x$fpl$trapveneer    fz_ws.l(trapv.o)
    0x0800a276   0x00000000   Code   RO         3181    x$fpl$usenofp       fz_ws.l(usenofp.o)
    0x0800a276   0x00000002   PAD
    0x0800a278   0x000000f5   Data   RO         1971    .constdata          cli.o
    0x0800a36d   0x00000003   PAD
    0x0800a370   0x00000008   Data   RO         2919    .constdata          c_w.l(_printf_wctomb.o)
    0x0800a378   0x00000028   Data   RO         2940    .constdata          c_w.l(_printf_hex_int_ptr.o)
    0x0800a3a0   0x00000011   Data   RO         2966    .constdata          c_w.l(__printf_flags_ss_wp.o)
    0x0800a3b1   0x00000026   Data   RO         3139    .constdata          c_w.l(_printf_fp_hex.o)
    0x0800a3d7   0x00000001   PAD
    0x0800a3d8   0x00000020   Data   RO         3187    .constdata          m_ws.l(rredf.o)
    0x0800a3f8   0x00000094   Data   RO         3260    .constdata          c_w.l(bigflt0.o)
    0x0800a48c   0x000001ad   Data   RO         1972    .conststring        cli.o
    0x0800a639   0x000002c0   Data   RO         2130    .conststring        config.o
    0x0800a8f9   0x00000003   PAD
    0x0800a8fc   0x00000020   Data   RO         3499    Region$$Table       anon$$obj.o
    0x0800a91c   0x00000008   Data   RO         3332    c$$dinf             fz_ws.l(fpconst.o)
    0x0800a924   0x0000001c   Data   RO         3284    locale$$data        c_w.l(lc_numeric_c.o)
    0x0800a940   0x00000110   Data   RO         3372    locale$$data        c_w.l(lc_ctype_c.o)


    Execution Region RW_IRAM1 (Base: 0x20000000, Size: 0x00002658, Max: 0x00005000, ABSOLUTE, COMPRESSED[0x00000150])

    Base Addr    Size         Type   Attr      Idx    E Section Name        Object

    0x20000000   0x00000014   Data   RW          841    .data               stm32f10x_rcc.o
    0x20000014   0x00000014   Data   RW         1747    .data               system_stm32f10x.o
    0x20000028   0x00000048   Data   RW         1794    .data               adc.o
    0x20000070   0x0000001c   Data   RW         1880    .data               binary.o
    0x2000008c   0x00000048   Data   RW         1973    .data               cli.o
    0x200000d4   0x00000180   Data   RW         2131    .data               config.o
    0x20000254   0x000000ec   Data   RW         2229    .data               fet.o
    0x20000340   0x0000001a   Data   RW         2348    .data               main.o
    0x2000035a   0x00000002   PAD
    0x2000035c   0x00000012   Data   RW         2455    .data               ow.o
    0x2000036e   0x00000002   PAD
    0x20000370   0x00000014   Data   RW         2543    .data               pwm.o
    0x20000384   0x00000040   Data   RW         2644    .data               run.o
    0x200003c4   0x00000008   Data   RW         2831    .data               timer.o
    0x200003cc   0x000001a0   Zero   RW         1793    .bss                adc.o
    0x2000056c   0x0000001b   Zero   RW         1879    .bss                binary.o
    0x20000587   0x00000070   Zero   RW         1970    .bss                cli.o
    0x200005f7   0x00000001   PAD
    0x200005f8   0x000000c0   Zero   RW         2129    .bss                config.o
    0x200006b8   0x00000800   Zero   RW         2228    .bss                fet.o
    0x20000eb8   0x00000010   Zero   RW         2454    .bss                ow.o
    0x20000ec8   0x00001114   Zero   RW         2762    .bss                serial.o
    0x20001fdc   0x00000018   Zero   RW         2830    .bss                timer.o
    0x20001ff4   0x00000060   Zero   RW         3356    .bss                c_w.l(libspace.o)
    0x20002054   0x00000004   PAD
    0x20002058   0x00000200   Zero   RW         1778    HEAP                startup_stm32f10x_md.o
    0x20002258   0x00000400   Zero   RW         1777    STACK               startup_stm32f10x_md.o


==============================================================================

Image component sizes


      Code (inc. data)   RO Data    RW Data    ZI Data      Debug   Object Name

      1990        200          0         72        416       8457   adc.o
      1800        288          0         28         27       8742   binary.o
      4254       1626        674         72        112      15942   cli.o
       700        144        704        384        192       8495   config.o
        80          0          0          0          0       1444   digital.o
      3320        464          0        236       2048      11311   fet.o
         6          0          0          0          0        437   getbuildnum.o
       560        114          0         26          0       3693   main.o
       116         14          0          0          0       1012   misc.o
      1472        188          0         18         16       8378   ow.o
       728         98          0         20          0       3915   pwm.o
       436         64          0          0          0       3009   rcc.o
      3262        460          0         64          0      26666   run.o
       770         78          0          0       4372       5188   serial.o
        64         26        236          0       1536        788   startup_stm32f10x_md.o
       604         10          0          0          0     241682   stm32f10x_adc.o
        32          6          0          0          0        504   stm32f10x_dbgmcu.o
       470         18          0          0          0      14566   stm32f10x_dma.o
       200         18          0          0          0       4100   stm32f10x_exti.o
       330         38          0          0          0      11280   stm32f10x_flash.o
       418          6          0          0          0       2714   stm32f10x_gpio.o
        36         12          0          0          0        930   stm32f10x_pwr.o
       424         60          0         20          0       6722   stm32f10x_rcc.o
      1480        134          0          0          0      33890   stm32f10x_tim.o
       258          6          0          0          0       9284   stm32f10x_usart.o
       324         26          0         20          0       2157   system_stm32f10x.o
       750         34          0          8         24       6279   timer.o

    ----------------------------------------------------------------------
     24906       4132       1652        972       8744     441585   Object Totals
         0          0         32          0          0          0   (incl. Generated)
        22          0          6          4          1          0   (incl. Padding)

    ----------------------------------------------------------------------

      Code (inc. data)   RO Data    RW Data    ZI Data      Debug   Library Member Name

        60          8          0          0          0         84   __0sscanf.o
        90          0          0          0          0          0   __dczerorl2.o
         8          0          0          0          0         68   __main.o
       396          6         17          0          0         92   __printf_flags_ss_wp.o
        14          0          0          0          0         68   __printf_wp.o
        52          8          0          0          0          0   __scatter.o
        28          0          0          0          0          0   __scatter_zi.o
        28          0          0          0          0         68   _chval.o
         6          0          0          0          0          0   _printf_a.o
         6          0          0          0          0          0   _printf_c.o
        44          0          0          0          0        108   _printf_char.o
        48          6          0          0          0         96   _printf_char_common.o
        42          0          0          0          0         68   _printf_charcount.o
         6          0          0          0          0          0   _printf_d.o
       120         18          0          0          0         92   _printf_dec.o
         6          0          0          0          0          0   _printf_e.o
         6          0          0          0          0          0   _printf_f.o
      1056          0          0          0          0        212   _printf_fp_dec.o
       768          8         38          0          0        100   _printf_fp_hex.o
       128         16          0          0          0         84   _printf_fp_infnan.o
         6          0          0          0          0          0   _printf_g.o
       128          4         40          0          0        144   _printf_hex_int_ptr.o
         6          0          0          0          0          0   _printf_i.o
       184          0          0          0          0         88   _printf_intcommon.o
        10          0          0          0          0          0   _printf_l.o
         6          0          0          0          0          0   _printf_lc.o
         6          0          0          0          0          0   _printf_n.o
         6          0          0          0          0          0   _printf_o.o
        88          8          0          0          0         88   _printf_oct_int.o
         6          0          0          0          0          0   _printf_p.o
        82          0          0          0          0        108   _printf_pad.o
         0          0          0          0          0          0   _printf_percent.o
         4          0          0          0          0          0   _printf_percent_end.o
         6          0          0          0          0          0   _printf_s.o
        82          0          0          0          0         80   _printf_str.o
        36          0          0          0          0         84   _printf_truncate.o
         6          0          0          0          0          0   _printf_u.o
        44          0          0          0          0        108   _printf_wchar.o
       188          6          8          0          0         92   _printf_wctomb.o
         6          0          0          0          0          0   _printf_x.o
        22          0          0          0          0        100   _rserrno.o
       880          4          0          0          0        100   _scanf.o
       336          0          0          0          0         92   _scanf_int.o
       218          0          0          0          0         92   _scanf_str.o
        64          0          0          0          0         84   _sgetc.o
        10          0          0          0          0         68   _sputc.o
        64          0          0          0          0         92   _wcrtomb.o
       228          6        148          0          0         96   bigflt0.o
        80          0          0          0          0         88   bsearchnoex.o
      2074        132          0          0          0        940   btod.o
        40          0          0          0          0         80   calloc.o
        10          0          0          0          0         68   defsig_exit.o
        50          0          0          0          0         88   defsig_general.o
        80         58          0          0          0         76   defsig_rtmem_inner.o
        14          0          0          0          0         80   defsig_rtmem_outer.o
        12          0          0          0          0         72   exit.o
        94          0          0          0          0         80   h1_alloc.o
        52          0          0          0          0         68   h1_extend.o
        78          0          0          0          0         80   h1_free.o
        14          0          0          0          0         84   h1_init.o
         6          0          0          0          0        152   heapauxi.o
         4          0          0          0          0        136   hguard.o
         0          0          0          0          0          0   indicate_semi.o
       138          0          0          0          0        168   init_alloc.o
        18          0          0          0          0         76   isspace.o
        44         10        272          0          0         76   lc_ctype_c.o
        44         10         28          0          0         76   lc_numeric_c.o
         2          0          0          0          0          0   libinit.o
        38          0          0          0          0          0   libinit2.o
         2          0          0          0          0          0   libshutdown.o
         2          0          0          0          0          0   libshutdown2.o
         8          4          0          0         96         68   libspace.o
        38          0          0          0          0         68   llshl.o
       138          0          0          0          0         80   lludiv10.o
         0          0          0          0          0          0   maybetermalloc1.o
        88          0          0          0          0         76   memcmp.o
        40          6          0          0          0         84   noretval__2sprintf.o
        16          4          0          0          0         76   rt_ctype_table.o
         8          4          0          0          0         68   rt_errno_addr_intlibspace.o
         8          4          0          0          0         68   rt_heap_descriptor_intlibspace.o
         8          4          0          0          0         68   rt_locale_intlibspace.o
        68          0          0          0          0         68   rt_memclr.o
        78          0          0          0          0         80   rt_memclr_w.o
       100          0          0          0          0         80   rt_memcpy_w.o
         0          0          0          0          0          0   rtentry.o
        12          0          0          0          0          0   rtentry2.o
         6          0          0          0          0          0   rtentry4.o
         2          0          0          0          0          0   rtexit.o
        10          0          0          0          0          0   rtexit2.o
        44          8          0          0          0         84   scanf_char.o
      1188         12          0          0          0        144   scanf_fp.o
       788         12          0          0          0         96   scanf_hexfp.o
       316         18          0          0          0         96   scanf_infnan.o
        42          0          0          0          0         84   strcasecmp.o
       128          0          0          0          0         68   strcmpv7m.o
        62          0          0          0          0         76   strlen.o
        50          0          0          0          0         84   strncasecmp.o
        12          4          0          0          0         68   sys_exit.o
        74          0          0          0          0         80   sys_stackheap_outer.o
        14          0          0          0          0         76   sys_wrch.o
        26          0          0          0          0         76   tolower.o
         2          0          0          0          0         68   use_no_semi.o
        98          4          0          0          0         92   d2f.o
        16          4          0          0          0         68   dcheck1.o
        24          0          0          0          0         68   dcmpi.o
       120          4          0          0          0         92   deqf.o
       120          4          0          0          0         92   dleqf.o
       156          4          0          0          0         92   dnaninf.o
        12          0          0          0          0         68   dretinf.o
       108          0          0          0          0         80   drleqf.o
        86          4          0          0          0         84   f2d.o
       450          8          0          0          0        236   faddsub_clz.o
        12          4          0          0          0         68   fcheck1.o
        24          0          0          0          0         68   fcmpi.o
       388         76          0          0          0         96   fdiv.o
       104          4          0          0          0         84   feqf.o
        54          4          0          0          0         84   ffix.o
        62          4          0          0          0         84   ffixu.o
        86          0          0          0          0        136   fflt_clz.o
       104          4          0          0          0         84   fleqf.o
       258          4          0          0          0         84   fmul.o
       140          4          0          0          0         84   fnaninf.o
         0          0          8          0          0          0   fpconst.o
        10          0          0          0          0         68   fretinf.o
        98          0          0          0          0         68   frleqf.o
        96          4          0          0          0         76   frnd.o
       272        100          0          0          0         88   fsqrt.o
         4          0          0          0          0         68   printf1.o
         4          0          0          0          0         68   printf2.o
       100          0          0          0          0         68   retnan.o
        92          0          0          0          0         68   scalbn.o
        76          0          0          0          0         68   scalbnf.o
         4          0          0          0          0         68   scanf1.o
         8          0          0          0          0         84   scanf2.o
        48          0          0          0          0         68   trapv.o
         0          0          0          0          0          0   usenofp.o
        16          6          0          0          0         68   dunder.o
        40          0          0          0          0         68   fpclassify.o
        38          0          0          0          0         68   fpclassifyf.o
        88          8          0          0          0         76   frexp.o
        10          0          0          0          0         68   funder.o
       148          0          0          0          0        160   ldexp.o
       152          4          0          0          0        160   narrow.o
       344         18         32          0          0         88   rredf.o
       396         54          0          0          0        112   sinf.o
        44          0          0          0          0         80   sqrtf.o

    ----------------------------------------------------------------------
     16450        718        592          0        100      10780   Library Totals
        36          0          1          0          4          0   (incl. Padding)

    ----------------------------------------------------------------------

      Code (inc. data)   RO Data    RW Data    ZI Data      Debug   Library Name

     11904        388        551          0         96       7128   c_w.l
      3234        240          8          0          0       2704   fz_ws.l
      1276         90         32          0          0        948   m_ws.l

    ----------------------------------------------------------------------
     16450        718        592          0        100      10780   Library Totals

    ----------------------------------------------------------------------

==============================================================================


      Code (inc. data)   RO Data    RW Data    ZI Data      Debug   

     41356       4850       2244        972       8844     434373   Grand Totals
     41356       4850       2244        336       8844     434373   ELF Image Totals (compressed)
     41356       4850       2244        336          0          0   ROM Totals

==============================================================================

    Total RO  Size (Code + RO Data)                43600 (  42.58kB)
    Total RW  Size (RW Data + ZI Data)              9816 (   9.59kB)
    Total ROM Size (Code + RO Data + RW Data)      43936 (  42.91kB)

==============================================================================

