Component: ARM Compiler 5.06 update 6 (build 750) Tool: armlink [4d35ed]

==============================================================================

Section Cross References

    stm32f10x_adc.o(i.ADC_DeInit) refers to stm32f10x_rcc.o(i.RCC_APB2PeriphResetCmd) for RCC_APB2PeriphResetCmd
    stm32f10x_flash.o(i.FLASH_EnableWriteProtection) refers to stm32f10x_flash.o(i.FLASH_WaitForLastOperation) for FLASH_WaitForLastOperation
    stm32f10x_flash.o(i.FLASH_EraseAllBank1Pages) refers to stm32f10x_flash.o(i.FLASH_WaitForLastBank1Operation) for FLASH_WaitForLastBank1Operation
    stm32f10x_flash.o(i.FLASH_EraseAllPages) refers to stm32f10x_flash.o(i.FLASH_WaitForLastOperation) for FLASH_WaitForLastOperation
    stm32f10x_flash.o(i.FLASH_EraseOptionBytes) refers to stm32f10x_flash.o(i.FLASH_GetReadOutProtectionStatus) for FLASH_GetReadOutProtectionStatus
    stm32f10x_flash.o(i.FLASH_EraseOptionBytes) refers to stm32f10x_flash.o(i.FLASH_WaitForLastOperation) for FLASH_WaitForLastOperation
    stm32f10x_flash.o(i.FLASH_ErasePage) refers to stm32f10x_flash.o(i.FLASH_WaitForLastOperation) for FLASH_WaitForLastOperation
    stm32f10x_flash.o(i.FLASH_ProgramHalfWord) refers to stm32f10x_flash.o(i.FLASH_WaitForLastOperation) for FLASH_WaitForLastOperation
    stm32f10x_flash.o(i.FLASH_ProgramOptionByteData) refers to stm32f10x_flash.o(i.FLASH_WaitForLastOperation) for FLASH_WaitForLastOperation
    stm32f10x_flash.o(i.FLASH_ProgramWord) refers to stm32f10x_flash.o(i.FLASH_WaitForLastOperation) for FLASH_WaitForLastOperation
    stm32f10x_flash.o(i.FLASH_ReadOutProtection) refers to stm32f10x_flash.o(i.FLASH_WaitForLastOperation) for FLASH_WaitForLastOperation
    stm32f10x_flash.o(i.FLASH_UserOptionByteConfig) refers to stm32f10x_flash.o(i.FLASH_WaitForLastOperation) for FLASH_WaitForLastOperation
    stm32f10x_flash.o(i.FLASH_WaitForLastBank1Operation) refers to stm32f10x_flash.o(i.FLASH_GetBank1Status) for FLASH_GetBank1Status
    stm32f10x_flash.o(i.FLASH_WaitForLastOperation) refers to stm32f10x_flash.o(i.FLASH_GetBank1Status) for FLASH_GetBank1Status
    stm32f10x_gpio.o(i.GPIO_AFIODeInit) refers to stm32f10x_rcc.o(i.RCC_APB2PeriphResetCmd) for RCC_APB2PeriphResetCmd
    stm32f10x_gpio.o(i.GPIO_DeInit) refers to stm32f10x_rcc.o(i.RCC_APB2PeriphResetCmd) for RCC_APB2PeriphResetCmd
    stm32f10x_pwr.o(i.PWR_DeInit) refers to stm32f10x_rcc.o(i.RCC_APB1PeriphResetCmd) for RCC_APB1PeriphResetCmd
    stm32f10x_rcc.o(i.RCC_GetClocksFreq) refers to stm32f10x_rcc.o(.data) for APBAHBPrescTable
    stm32f10x_rcc.o(i.RCC_WaitForHSEStartUp) refers to stm32f10x_rcc.o(i.RCC_GetFlagStatus) for RCC_GetFlagStatus
    stm32f10x_tim.o(i.TIM_DeInit) refers to stm32f10x_rcc.o(i.RCC_APB2PeriphResetCmd) for RCC_APB2PeriphResetCmd
    stm32f10x_tim.o(i.TIM_DeInit) refers to stm32f10x_rcc.o(i.RCC_APB1PeriphResetCmd) for RCC_APB1PeriphResetCmd
    stm32f10x_tim.o(i.TIM_ETRClockMode1Config) refers to stm32f10x_tim.o(i.TIM_ETRConfig) for TIM_ETRConfig
    stm32f10x_tim.o(i.TIM_ETRClockMode2Config) refers to stm32f10x_tim.o(i.TIM_ETRConfig) for TIM_ETRConfig
    stm32f10x_tim.o(i.TIM_ICInit) refers to stm32f10x_tim.o(i.TI1_Config) for TI1_Config
    stm32f10x_tim.o(i.TIM_ICInit) refers to stm32f10x_tim.o(i.TIM_SetIC1Prescaler) for TIM_SetIC1Prescaler
    stm32f10x_tim.o(i.TIM_ICInit) refers to stm32f10x_tim.o(i.TI2_Config) for TI2_Config
    stm32f10x_tim.o(i.TIM_ICInit) refers to stm32f10x_tim.o(i.TIM_SetIC2Prescaler) for TIM_SetIC2Prescaler
    stm32f10x_tim.o(i.TIM_ICInit) refers to stm32f10x_tim.o(i.TI3_Config) for TI3_Config
    stm32f10x_tim.o(i.TIM_ICInit) refers to stm32f10x_tim.o(i.TIM_SetIC3Prescaler) for TIM_SetIC3Prescaler
    stm32f10x_tim.o(i.TIM_ICInit) refers to stm32f10x_tim.o(i.TI4_Config) for TI4_Config
    stm32f10x_tim.o(i.TIM_ICInit) refers to stm32f10x_tim.o(i.TIM_SetIC4Prescaler) for TIM_SetIC4Prescaler
    stm32f10x_tim.o(i.TIM_ITRxExternalClockConfig) refers to stm32f10x_tim.o(i.TIM_SelectInputTrigger) for TIM_SelectInputTrigger
    stm32f10x_tim.o(i.TIM_PWMIConfig) refers to stm32f10x_tim.o(i.TI1_Config) for TI1_Config
    stm32f10x_tim.o(i.TIM_PWMIConfig) refers to stm32f10x_tim.o(i.TIM_SetIC1Prescaler) for TIM_SetIC1Prescaler
    stm32f10x_tim.o(i.TIM_PWMIConfig) refers to stm32f10x_tim.o(i.TI2_Config) for TI2_Config
    stm32f10x_tim.o(i.TIM_PWMIConfig) refers to stm32f10x_tim.o(i.TIM_SetIC2Prescaler) for TIM_SetIC2Prescaler
    stm32f10x_tim.o(i.TIM_TIxExternalClockConfig) refers to stm32f10x_tim.o(i.TI2_Config) for TI2_Config
    stm32f10x_tim.o(i.TIM_TIxExternalClockConfig) refers to stm32f10x_tim.o(i.TI1_Config) for TI1_Config
    stm32f10x_tim.o(i.TIM_TIxExternalClockConfig) refers to stm32f10x_tim.o(i.TIM_SelectInputTrigger) for TIM_SelectInputTrigger
    stm32f10x_usart.o(i.USART_DeInit) refers to stm32f10x_rcc.o(i.RCC_APB2PeriphResetCmd) for RCC_APB2PeriphResetCmd
    stm32f10x_usart.o(i.USART_DeInit) refers to stm32f10x_rcc.o(i.RCC_APB1PeriphResetCmd) for RCC_APB1PeriphResetCmd
[...]
    DMA1_Channel1_IRQHandler                 0x080032ad   Thumb Code   558  adc.o(i.DMA1_Channel1_IRQHandler)
    DMA1_Channel4_IRQHandler                 0x08003501   Thumb Code    34  serial.o(i.DMA1_Channel4_IRQHandler)
    DMA_ClearITPendingBit                    0x0800352d   Thumb Code    18  stm32f10x_dma.o(i.DMA_ClearITPendingBit)
    DMA_Cmd                                  0x08003549   Thumb Code    24  stm32f10x_dma.o(i.DMA_Cmd)
    DMA_DeInit                               0x08003561   Thumb Code   324  stm32f10x_dma.o(i.DMA_DeInit)
    DMA_GetCurrDataCounter                   0x080036ad   Thumb Code     8  stm32f10x_dma.o(i.DMA_GetCurrDataCounter)
    DMA_ITConfig                             0x080036b5   Thumb Code    18  stm32f10x_dma.o(i.DMA_ITConfig)
    DMA_Init                                 0x080036c7   Thumb Code    60  stm32f10x_dma.o(i.DMA_Init)
    EXTI_ClearITPendingBit                   0x08003705   Thumb Code     6  stm32f10x_exti.o(i.EXTI_ClearITPendingBit)
    EXTI_GetITStatus                         0x08003711   Thumb Code    34  stm32f10x_exti.o(i.EXTI_GetITStatus)
    EXTI_Init                                0x08003739   Thumb Code   142  stm32f10x_exti.o(i.EXTI_Init)
    FLASH_ClearFlag                          0x080037cd   Thumb Code     6  stm32f10x_flash.o(i.FLASH_ClearFlag)
    FLASH_ErasePage                          0x080037d9   Thumb Code    72  stm32f10x_flash.o(i.FLASH_ErasePage)
    FLASH_GetBank1Status                     0x08003825   Thumb Code    48  stm32f10x_flash.o(i.FLASH_GetBank1Status)
    FLASH_Lock                               0x08003859   Thumb Code    14  stm32f10x_flash.o(i.FLASH_Lock)
    FLASH_ProgramWord                        0x0800386d   Thumb Code   102  stm32f10x_flash.o(i.FLASH_ProgramWord)
    FLASH_Unlock                             0x080038d9   Thumb Code    12  stm32f10x_flash.o(i.FLASH_Unlock)
    FLASH_WaitForLastOperation               0x080038f1   Thumb Code    38  stm32f10x_flash.o(i.FLASH_WaitForLastOperation)
    GPIO_Init                                0x08003917   Thumb Code   278  stm32f10x_gpio.o(i.GPIO_Init)
    GPIO_PinRemapConfig                      0x08003a2d   Thumb Code   138  stm32f10x_gpio.o(i.GPIO_PinRemapConfig)
    HardFault_Handler                        0x08003abd   Thumb Code    36  main.o(i.HardFault_Handler)
    MemManage_Handler                        0x08003aed   Thumb Code    36  main.o(i.MemManage_Handler)
    NVIC_Init                                0x08003b1d   Thumb Code   100  misc.o(i.NVIC_Init)
    PVD_IRQHandler                           0x08003bb5   Thumb Code    56  run.o(i.PVD_IRQHandler)
    PWR_PVDCmd                               0x08003bf5   Thumb Code     6  stm32f10x_pwr.o(i.PWR_PVDCmd)
    PWR_PVDLevelConfig                       0x08003c01   Thumb Code    18  stm32f10x_pwr.o(i.PWR_PVDLevelConfig)
    RCC_ADCCLKConfig                         0x08003c19   Thumb Code    18  stm32f10x_rcc.o(i.RCC_ADCCLKConfig)
    RCC_AHBPeriphClockCmd                    0x08003c31   Thumb Code    26  stm32f10x_rcc.o(i.RCC_AHBPeriphClockCmd)
    RCC_APB1PeriphClockCmd                   0x08003c51   Thumb Code    26  stm32f10x_rcc.o(i.RCC_APB1PeriphClockCmd)
    RCC_APB2PeriphClockCmd                   0x08003c71   Thumb Code    26  stm32f10x_rcc.o(i.RCC_APB2PeriphClockCmd)
    RCC_ClearFlag                            0x08003c91   Thumb Code    14  stm32f10x_rcc.o(i.RCC_ClearFlag)
    RCC_GetClocksFreq                        0x08003ca5   Thumb Code   192  stm32f10x_rcc.o(i.RCC_GetClocksFreq)
    RCC_GetFlagStatus                        0x08003d79   Thumb Code    56  stm32f10x_rcc.o(i.RCC_GetFlagStatus)
    RCC_HSICmd                               0x08003db5   Thumb Code     6  stm32f10x_rcc.o(i.RCC_HSICmd)
    SysTick_Handler                          0x08003ea9   Thumb Code   212  run.o(i.SysTick_Handler)
    SystemInit                               0x08003fc5   Thumb Code    78  system_stm32f10x.o(i.SystemInit)
    TIM1_CC_IRQHandler                       0x0800413d   Thumb Code   134  pwm.o(i.TIM1_CC_IRQHandler)
    TIM2_IRQHandler                          0x080041e9   Thumb Code   136  timer.o(i.TIM2_IRQHandler)
    TIM_ARRPreloadConfig                     0x08004275   Thumb Code    24  stm32f10x_tim.o(i.TIM_ARRPreloadConfig)
    TIM_ClearITPendingBit                    0x0800428d   Thumb Code     6  stm32f10x_tim.o(i.TIM_ClearITPendingBit)
    TIM_Cmd                                  0x08004293   Thumb Code    24  stm32f10x_tim.o(i.TIM_Cmd)
    TIM_GetITStatus                          0x080042ab   Thumb Code    34  stm32f10x_tim.o(i.TIM_GetITStatus)
    TIM_OC1Init                              0x080042cd   Thumb Code   132  stm32f10x_tim.o(i.TIM_OC1Init)
    TIM_OC1PreloadConfig                     0x08004365   Thumb Code    18  stm32f10x_tim.o(i.TIM_OC1PreloadConfig)
    TIM_OC2Init                              0x08004379   Thumb Code   154  stm32f10x_tim.o(i.TIM_OC2Init)
    TIM_OC2PreloadConfig                     0x0800441d   Thumb Code    26  stm32f10x_tim.o(i.TIM_OC2PreloadConfig)
    TIM_OC3Init                              0x08004439   Thumb Code   150  stm32f10x_tim.o(i.TIM_OC3Init)
    TIM_OC3PreloadConfig                     0x080044d9   Thumb Code    18  stm32f10x_tim.o(i.TIM_OC3PreloadConfig)
    TIM_OC4Init                              0x080044ed   Thumb Code   114  stm32f10x_tim.o(i.TIM_OC4Init)
    TIM_OC4PreloadConfig                     0x08004569   Thumb Code    26  stm32f10x_tim.o(i.TIM_OC4PreloadConfig)
    TIM_OCStructInit                         0x08004583   Thumb Code    20  stm32f10x_tim.o(i.TIM_OCStructInit)
    TIM_PWMIConfig                           0x08004597   Thumb Code   124  stm32f10x_tim.o(i.TIM_PWMIConfig)
    TIM_SelectInputTrigger                   0x08004613   Thumb Code    18  stm32f10x_tim.o(i.TIM_SelectInputTrigger)
    TIM_SelectMasterSlaveMode                0x08004625   Thumb Code    18  stm32f10x_tim.o(i.TIM_SelectMasterSlaveMode)
    TIM_SelectSlaveMode                      0x08004637   Thumb Code    18  stm32f10x_tim.o(i.TIM_SelectSlaveMode)
    TIM_SetIC1Prescaler                      0x08004649   Thumb Code    18  stm32f10x_tim.o(i.TIM_SetIC1Prescaler)
    TIM_SetIC2Prescaler                      0x0800465b   Thumb Code    26  stm32f10x_tim.o(i.TIM_SetIC2Prescaler)
    TIM_TimeBaseInit                         0x08004675   Thumb Code   122  stm32f10x_tim.o(i.TIM_TimeBaseInit)
    TIM_TimeBaseStructInit                   0x08004719   Thumb Code    18  stm32f10x_tim.o(i.TIM_TimeBaseStructInit)
    USART_Cmd                                0x0800472b   Thumb Code    24  stm32f10x_usart.o(i.USART_Cmd)
    USART_DMACmd                             0x08004743   Thumb Code    18  stm32f10x_usart.o(i.USART_DMACmd)
    USART_Init                               0x08004755   Thumb Code   210  stm32f10x_usart.o(i.USART_Init)
    UsageFault_Handler                       0x0800482d   Thumb Code    36  main.o(i.UsageFault_Handler)
    __ARM_fpclassify                         0x0800485d   Thumb Code    40  fpclassify.o(i.__ARM_fpclassify)
    __ARM_fpclassifyf                        0x08004885   Thumb Code    38  fpclassifyf.o(i.__ARM_fpclassifyf)
    __mathlib_dbl_overflow                   0x080048ab   Thumb Code    14  dunder.o(i.__mathlib_dbl_overflow)
    __mathlib_dbl_underflow                  0x080048b9   Thumb Code    10  dunder.o(i.__mathlib_dbl_underflow)
    __mathlib_flt_infnan                     0x080048c9   Thumb Code     6  funder.o(i.__mathlib_flt_infnan)
    __mathlib_flt_invalid                    0x080048cf   Thumb Code     8  funder.o(i.__mathlib_flt_invalid)
    __mathlib_flt_underflow                  0x080048d7   Thumb Code    10  funder.o(i.__mathlib_flt_underflow)
    __mathlib_narrow                         0x080048e1   Thumb Code    16  narrow.o(i.__mathlib_narrow)
    __mathlib_rredf2                         0x080048f1   Thumb Code   344  rredf.o(i.__mathlib_rredf2)
    __mathlib_tofloat                        0x08004a59   Thumb Code   184  narrow.o(i.__mathlib_tofloat)
    __support_ldexp                          0x08004b15   Thumb Code    22  ldexp.o(i.__support_ldexp)
    _fetSetDutyCycle                         0x08004b2d   Thumb Code    78  fet.o(i._fetSetDutyCycle)
    _is_digit                                0x08004bc5   Thumb Code    14  __printf_wp.o(i._is_digit)
    adcInit                                  0x08004ce9   Thumb Code   572  adc.o(i.adcInit)
    adcSetConstants                          0x08004f41   Thumb Code   252  adc.o(i.adcSetConstants)
    adcSetCrossingPeriod                     0x08005071   Thumb Code    12  adc.o(i.adcSetCrossingPeriod)
    cliCheck                                 0x08005145   Thumb Code   244  cli.o(i.cliCheck)
    cliInit                                  0x080062bd   Thumb Code    52  cli.o(i.cliInit)
    cliPrintParam                            0x0800631d   Thumb Code    72  cli.o(i.cliPrintParam)
    cliUsage                                 0x080063ad   Thumb Code    36  cli.o(i.cliUsage)
    configGetId                              0x080063dd   Thumb Code    52  config.o(i.configGetId)
    configInit                               0x08006415   Thumb Code    66  config.o(i.configInit)
    configLoadDefault                        0x08006461   Thumb Code   236  config.o(i.configLoadDefault)
    configReadFlash                          0x080065b9   Thumb Code    18  config.o(i.configReadFlash)
    configSetParamByID                       0x080065ed   Thumb Code    32  config.o(i.configSetParamByID)
    configWriteFlash                         0x08006611   Thumb Code   136  config.o(i.configWriteFlash)
    digitalInit                              0x080066a1   Thumb Code    54  digital.o(i.digitalInit)
    digitalTogg                              0x080066d7   Thumb Code    26  digital.o(i.digitalTogg)
    fetBeep                                  0x080066f1   Thumb Code   108  fet.o(i.fetBeep)
    fetCommutate                             0x08006761   Thumb Code   136  fet.o(i.fetCommutate)
    fetInit                                  0x080068b5   Thumb Code   472  fet.o(i.fetInit)
    fetSetAngle                              0x08006ae1   Thumb Code    30  fet.o(i.fetSetAngle)
    fetSetAngleFromPwm                       0x08006b09   Thumb Code    74  fet.o(i.fetSetAngleFromPwm)
    fetSetBraking                            0x08006bc1   Thumb Code    38  fet.o(i.fetSetBraking)
    fetSetConstants                          0x08006bf5   Thumb Code   352  fet.o(i.fetSetConstants)
    fetSetDutyCycle                          0x08006d91   Thumb Code    26  fet.o(i.fetSetDutyCycle)
    fetStartCommutation                      0x08006e59   Thumb Code   128  fet.o(i.fetStartCommutation)
    fetUpdateServo                           0x08006f15   Thumb Code   490  fet.o(i.fetUpdateServo)
    frexp                                    0x08007131   Thumb Code    80  frexp.o(i.frexp)
    getBuildNumber                           0x08007189   Thumb Code     6  getbuildnum.o(i.getBuildNumber)
    ldexp                                    0x0800718f   Thumb Code   116  ldexp.o(i.ldexp)
    main                                     0x08007205   Thumb Code   282  main.o(i.main)
    motorStartSeqInit                        0x08007521   Thumb Code    52  fet.o(i.motorStartSeqInit)
    owEdgeDetect                             0x08007621   Thumb Code    56  ow.o(i.owEdgeDetect)
    owInit                                   0x08007661   Thumb Code    64  ow.o(i.owInit)
    owReset                                  0x080079b5   Thumb Code    16  ow.o(i.owReset)
    pwmInit                                  0x08007b31   Thumb Code   172  pwm.o(i.pwmInit)
    pwmIsrAllOff                             0x08007be5   Thumb Code    16  pwm.o(i.pwmIsrAllOff)
    pwmIsrAllOn                              0x08007bf9   Thumb Code    28  pwm.o(i.pwmIsrAllOn)
    pwmIsrRunOn                              0x08007c19   Thumb Code    32  pwm.o(i.pwmIsrRunOn)
    pwmSetConstants                          0x08007c3d   Thumb Code   248  pwm.o(i.pwmSetConstants)
    rccInit                                  0x08007db5   Thumb Code   214  rcc.o(i.rccInit)
    rccReset                                 0x08007eb5   Thumb Code    16  rcc.o(i.rccReset)
    rccWriteBkpDr                            0x08007ed1   Thumb Code    40  rcc.o(i.rccWriteBkpDr)
    runArm                                   0x08007f01   Thumb Code   118  run.o(i.runArm)
    runDisarm                                0x08008021   Thumb Code    58  run.o(i.runDisarm)
    runDuty                                  0x0800806d   Thumb Code    84  run.o(i.runDuty)
    runFeedIWDG                              0x080080d1   Thumb Code     2  run.o(i.runFeedIWDG)
    runIWDGInit                              0x080080d3   Thumb Code     6  run.o(i.runIWDGInit)
    runInit                                  0x080080d9   Thumb Code    94  run.o(i.runInit)
    runNewInput                              0x08008145   Thumb Code   578  run.o(i.runNewInput)
    runRpmPIDReset                           0x08008629   Thumb Code     8  run.o(i.runRpmPIDReset)
    runSetConstants                          0x08008635   Thumb Code   190  run.o(i.runSetConstants)
    runStart                                 0x08008769   Thumb Code    54  run.o(i.runStart)
    runStop                                  0x080087a9   Thumb Code    14  run.o(i.runStop)
    serialAvailable                          0x08008a2d   Thumb Code    22  serial.o(i.serialAvailable)
    serialInit                               0x08008a4d   Thumb Code   318  serial.o(i.serialInit)
    serialPrint                              0x08008bcd   Thumb Code    22  serial.o(i.serialPrint)
    serialRead                               0x08008be5   Thumb Code    48  serial.o(i.serialRead)
    serialSetConstants                       0x08008c19   Thumb Code    72  serial.o(i.serialSetConstants)
    serialStartTxDMA                         0x08008c6d   Thumb Code    88  serial.o(i.serialStartTxDMA)
    serialWrite                              0x08008ccd   Thumb Code    48  serial.o(i.serialWrite)
    sinf                                     0x08008d05   Thumb Code   338  sinf.o(i.sinf)
    sqrtf                                    0x08008e8d   Thumb Code    44  sqrtf.o(i.sqrtf)
    timerCancelAlarm1                        0x08008eb9   Thumb Code    28  timer.o(i.timerCancelAlarm1)
    timerCancelAlarm2                        0x08008ed5   Thumb Code    30  timer.o(i.timerCancelAlarm2)
    timerCancelAlarm3                        0x08008ef3   Thumb Code    30  timer.o(i.timerCancelAlarm3)
    timerDelay                               0x08008f11   Thumb Code    42  timer.o(i.timerDelay)
    timerGetMicros                           0x08008f3d   Thumb Code    46  timer.o(i.timerGetMicros)
    timerInit                                0x08008f79   Thumb Code   184  timer.o(i.timerInit)
    timerSetAlarm1                           0x08009031   Thumb Code    72  timer.o(i.timerSetAlarm1)
    timerSetAlarm2                           0x0800907d   Thumb Code    74  timer.o(i.timerSetAlarm2)
    timerSetAlarm3                           0x080090cd   Thumb Code    74  timer.o(i.timerSetAlarm3)
    _get_lc_numeric                          0x0800911d   Thumb Code    44  lc_numeric_c.o(locale$$code)
    _get_lc_ctype                            0x08009149   Thumb Code    44  lc_ctype_c.o(locale$$code)
    __aeabi_d2f                              0x08009175   Thumb Code     0  d2f.o(x$fpl$d2f)
    _d2f                                     0x08009175   Thumb Code    98  d2f.o(x$fpl$d2f)
    __fpl_dcheck_NaN1                        0x080091d9   Thumb Code    10  dcheck1.o(x$fpl$dcheck1)
    __fpl_dcmp_Inf                           0x080091e9   Thumb Code    24  dcmpi.o(x$fpl$dcmpinf)
    __aeabi_ddiv                             0x08009201   Thumb Code     0  ddiv.o(x$fpl$ddiv)
    _ddiv                                    0x08009201   Thumb Code   552  ddiv.o(x$fpl$ddiv)
    __aeabi_cdcmpeq                          0x080094b1   Thumb Code     0  deqf.o(x$fpl$deqf)
    _dcmpeq                                  0x080094b1   Thumb Code   120  deqf.o(x$fpl$deqf)
    __aeabi_ui2d                             0x08009529   Thumb Code     0  dflt_clz.o(x$fpl$dfltu)
    _dfltu                                   0x08009529   Thumb Code    38  dflt_clz.o(x$fpl$dfltu)
    __aeabi_cdcmple                          0x08009551   Thumb Code     0  dleqf.o(x$fpl$dleqf)
    _dcmple                                  0x08009551   Thumb Code   120  dleqf.o(x$fpl$dleqf)
    __fpl_dcmple_InfNaN                      0x080095b3   Thumb Code     0  dleqf.o(x$fpl$dleqf)
    __aeabi_dmul                             0x080095c9   Thumb Code     0  dmul.o(x$fpl$dmul)
    _dmul                                    0x080095c9   Thumb Code   332  dmul.o(x$fpl$dmul)
    __fpl_dnaninf                            0x0800971d   Thumb Code   156  dnaninf.o(x$fpl$dnaninf)
    __fpl_dretinf                            0x080097b9   Thumb Code    12  dretinf.o(x$fpl$dretinf)
    __aeabi_cdrcmple                         0x080097c5   Thumb Code     0  drleqf.o(x$fpl$drleqf)
    _drcmple                                 0x080097c5   Thumb Code   108  drleqf.o(x$fpl$drleqf)
    __aeabi_f2d                              0x08009831   Thumb Code     0  f2d.o(x$fpl$f2d)
    _f2d                                     0x08009831   Thumb Code    86  f2d.o(x$fpl$f2d)
    __aeabi_fadd                             0x08009889   Thumb Code     0  faddsub_clz.o(x$fpl$fadd)
    _fadd                                    0x08009889   Thumb Code   196  faddsub_clz.o(x$fpl$fadd)
    __fpl_fcheck_NaN1                        0x0800994d   Thumb Code     6  fcheck1.o(x$fpl$fcheck1)
    __fpl_fcmp_Inf                           0x08009959   Thumb Code    24  fcmpi.o(x$fpl$fcmpinf)
    __aeabi_fdiv                             0x08009971   Thumb Code     0  fdiv.o(x$fpl$fdiv)
    _fdiv                                    0x08009971   Thumb Code   384  fdiv.o(x$fpl$fdiv)
    __aeabi_cfcmpeq                          0x08009af5   Thumb Code     0  feqf.o(x$fpl$feqf)
    _fcmpeq                                  0x08009af5   Thumb Code   104  feqf.o(x$fpl$feqf)
    __aeabi_f2iz                             0x08009b5d   Thumb Code     0  ffix.o(x$fpl$ffix)
    _ffix                                    0x08009b5d   Thumb Code    54  ffix.o(x$fpl$ffix)
    __aeabi_f2uiz                            0x08009b95   Thumb Code     0  ffixu.o(x$fpl$ffixu)
    _ffixu                                   0x08009b95   Thumb Code    62  ffixu.o(x$fpl$ffixu)
    __aeabi_i2f                              0x08009bd5   Thumb Code     0  fflt_clz.o(x$fpl$fflt)
    _fflt                                    0x08009bd5   Thumb Code    48  fflt_clz.o(x$fpl$fflt)
    __aeabi_ui2f                             0x08009c05   Thumb Code     0  fflt_clz.o(x$fpl$ffltu)
    _ffltu                                   0x08009c05   Thumb Code    38  fflt_clz.o(x$fpl$ffltu)
    __aeabi_cfcmple                          0x08009c2d   Thumb Code     0  fleqf.o(x$fpl$fleqf)
    _fcmple                                  0x08009c2d   Thumb Code   104  fleqf.o(x$fpl$fleqf)
    __fpl_fcmple_InfNaN                      0x08009c7f   Thumb Code     0  fleqf.o(x$fpl$fleqf)
    __aeabi_fmul                             0x08009c95   Thumb Code     0  fmul.o(x$fpl$fmul)
    _fmul                                    0x08009c95   Thumb Code   258  fmul.o(x$fpl$fmul)
    __fpl_fnaninf                            0x08009d97   Thumb Code   140  fnaninf.o(x$fpl$fnaninf)
    __fpl_fretinf                            0x08009e23   Thumb Code    10  fretinf.o(x$fpl$fretinf)
    __aeabi_cfrcmple                         0x08009e2d   Thumb Code     0  frleqf.o(x$fpl$frleqf)
    _frcmple                                 0x08009e2d   Thumb Code    98  frleqf.o(x$fpl$frleqf)
    _frnd                                    0x08009e91   Thumb Code    96  frnd.o(x$fpl$frnd)
    __aeabi_frsub                            0x08009ef1   Thumb Code     0  faddsub_clz.o(x$fpl$frsb)
    _frsb                                    0x08009ef1   Thumb Code    20  faddsub_clz.o(x$fpl$frsb)
    _fsqrt                                   0x08009f05   Thumb Code   272  fsqrt.o(x$fpl$fsqrt)
    __aeabi_fsub                             0x0800a015   Thumb Code     0  faddsub_clz.o(x$fpl$fsub)
    _fsub                                    0x0800a015   Thumb Code   234  faddsub_clz.o(x$fpl$fsub)
    __ieee_status                            0x0800a0ff   Thumb Code     6  istatus.o(x$fpl$ieeestatus)
    _printf_fp_dec                           0x0800a105   Thumb Code     4  printf1.o(x$fpl$printf1)
    _printf_fp_hex                           0x0800a109   Thumb Code     4  printf2.o(x$fpl$printf2)
    __fpl_return_NaN                         0x0800a10d   Thumb Code   100  retnan.o(x$fpl$retnan)
    __ARM_scalbn                             0x0800a171   Thumb Code    92  scalbn.o(x$fpl$scalbn)
    __ARM_scalbnf                            0x0800a1cd   Thumb Code    76  scalbnf.o(x$fpl$scalbnf)
    _scanf_real                              0x0800a219   Thumb Code     4  scanf1.o(x$fpl$scanf1)
    _scanf_hex_real                          0x0800a21d   Thumb Code     4  scanf2.o(x$fpl$scanf2)
    _scanf_infnan                            0x0800a221   Thumb Code     4  scanf2.o(x$fpl$scanf2)
    __fpl_cmpreturn                          0x0800a225   Thumb Code    48  trapv.o(x$fpl$trapveneer)
    __I$use$fp                               0x0800a254   Number         0  usenofp.o(x$fpl$usenofp)
    Region$$Table$$Base                      0x0800a998   Number         0  anon$$obj.o(Region$$Table)
    Region$$Table$$Limit                     0x0800a9b8   Number         0  anon$$obj.o(Region$$Table)
    __aeabi_HUGE_VAL                         0x0800a9b8   Data           0  fpconst.o(c$$dinf)
    __aeabi_HUGE_VALL                        0x0800a9b8   Data           0  fpconst.o(c$$dinf)
    __aeabi_INFINITY                         0x0800a9b8   Data           0  fpconst.o(c$$dinf)
    __dInf                                   0x0800a9b8   Data           0  fpconst.o(c$$dinf)
    __huge_val                               0x0800a9b8   Data           0  fpconst.o(c$$dinf)
    __dbl_max                                0x0800a9c0   Data           0  fpconst.o(c$$dmax)
    __ctype                                  0x0800a9f1   Data           0  lc_ctype_c.o(locale$$data)
    SystemCoreClock                          0x20000014   Data           4  system_stm32f10x.o(.data)
    AHBPrescTable                            0x20000018   Data          16  system_stm32f10x.o(.data)
    adcToAmps                                0x20000028   Data           4  adc.o(.data)
    adcMaxPeriod                             0x20000034   Data           4  adc.o(.data)
    histSize                                 0x2000003e   Data           2  adc.o(.data)
    avgA                                     0x20000040   Data           4  adc.o(.data)
    avgB                                     0x20000044   Data           4  adc.o(.data)
    avgC                                     0x20000048   Data           4  adc.o(.data)
    adcAmpsOffset                            0x2000004c   Data           4  adc.o(.data)
    adcAvgAmps                               0x20000050   Data           4  adc.o(.data)
    adcMaxAmps                               0x20000054   Data           4  adc.o(.data)
    adcAvgVolts                              0x20000058   Data           4  adc.o(.data)
    detectedCrossing                         0x20000060   Data           4  adc.o(.data)
    crossingPeriod                           0x20000064   Data           4  adc.o(.data)
    adcCrossingPeriod                        0x20000068   Data           4  adc.o(.data)
    FullRpm                                  0x200000b8   Data           4  cli.o(.data)
    configParameterStrings                   0x200000bc   Data         196  config.o(.data)
    configFormatStrings                      0x20000180   Data         196  config.o(.data)
    fetStartDetects                          0x200002f4   Data           2  fet.o(.data)
    fetDisarmDetects                         0x200002f6   Data           2  fet.o(.data)
    fetPeriod                                0x200002f8   Data           4  fet.o(.data)
    fetActualDutyCycle                       0x200002fc   Data           4  fet.o(.data)
    fetDutyCycle                             0x20000300   Data           4  fet.o(.data)
    fetStep                                  0x20000304   Data           1  fet.o(.data)
    fetGoodDetects                           0x20000308   Data           4  fet.o(.data)
    fetBadDetects                            0x2000030c   Data           4  fet.o(.data)
    fetTotalBadDetects                       0x20000310   Data           4  fet.o(.data)
    fetCommutationMicros                     0x20000314   Data           4  fet.o(.data)
    fetBrakingEnabled                        0x20000318   Data           1  fet.o(.data)
    fetBraking                               0x20000319   Data           1  fet.o(.data)
    errorLed                                 0x20000330   Data           4  main.o(.data)
    statusLed                                0x20000334   Data           4  main.o(.data)
    tp                                       0x20000338   Data           4  main.o(.data)
    minCycles                                0x2000033c   Data           4  main.o(.data)
    idleCounter                              0x20000340   Data           4  main.o(.data)
    totalCycles                              0x20000344   Data           4  main.o(.data)
    state                                    0x20000348   Data           1  main.o(.data)
    inputMode                                0x20000349   Data           1  main.o(.data)
    pwmMinValue                              0x20000364   Data           2  pwm.o(.data)
    pwmLoValue                               0x20000368   Data           2  pwm.o(.data)
    pwmHiValue                               0x2000036a   Data           2  pwm.o(.data)
    pwmMinStart                              0x2000036c   Data           2  pwm.o(.data)
    pwmValidMicros                           0x20000370   Data           4  pwm.o(.data)
    runMilis                                 0x20000374   Data           4  run.o(.data)
    idlePercent                              0x2000037c   Data           4  run.o(.data)
    avgAmps                                  0x20000380   Data           4  run.o(.data)
    maxAmps                                  0x20000384   Data           4  run.o(.data)
    avgVolts                                 0x20000388   Data           4  run.o(.data)
    rpm                                      0x2000038c   Data           4  run.o(.data)
    targetRpm                                0x20000390   Data           4  run.o(.data)
    disarmReason                             0x200003a0   Data           1  run.o(.data)
    commandMode                              0x200003a1   Data           1  run.o(.data)
    runMode                                  0x200003a3   Data           1  run.o(.data)
    currentIState                            0x200003a8   Data           4  run.o(.data)
    timerMicros                              0x200003b4   Data           4  timer.o(.data)
    version                                  0x2000055c   Data          16  cli.o(.bss)
    p                                        0x200005cc   Data         196  config.o(.bss)
    serialPort                               0x20000ea0   Data        4372  serial.o(.bss)
    timerData                                0x20001fb4   Data          24  timer.o(.bss)
    __libspace_start                         0x20001fcc   Data          96  libspace.o(.bss)
    __temporary_stack_top$libspace           0x2000202c   Data           0  libspace.o(.bss)



==============================================================================

Memory Map of the image

  Image Entry point : 0x080000ed

  Load Region LR_IROM1 (Base: 0x08000000, Size: 0x0000aeb0, Max: 0x00010000, ABSOLUTE, COMPRESSED[0x0000ac44])

    Execution Region ER_IROM1 (Exec base: 0x08000000, Load base: 0x08000000, Size: 0x0000aaf4, Max: 0x00010000, ABSOLUTE)

    Exec Addr    Load Addr    Size         Type   Attr      Idx    E Section Name        Object

    0x08000000   0x08000000   0x000000ec   Data   RO         1779    RESET               startup_stm32f10x_md.o
    0x080000ec   0x080000ec   0x00000008   Code   RO         3015  * !!!main             c_w.l(__main.o)
    0x080000f4   0x080000f4   0x00000034   Code   RO         3559    !!!scatter          c_w.l(__scatter.o)
    0x08000128   0x08000128   0x0000005a   Code   RO         3557    !!dczerorl2         c_w.l(__dczerorl2.o)
    0x08000182   0x08000182   0x00000002   PAD
    0x08000184   0x08000184   0x0000001c   Code   RO         3561    !!handler_zi        c_w.l(__scatter_zi.o)
    0x080001a0   0x080001a0   0x00000000   Code   RO         2991    .ARM.Collect$$_printf_percent$$00000000  c_w.l(_printf_percent.o)
    0x080001a0   0x080001a0   0x00000006   Code   RO         2980    .ARM.Collect$$_printf_percent$$00000001  c_w.l(_printf_n.o)
    0x080001a6   0x080001a6   0x00000006   Code   RO         2982    .ARM.Collect$$_printf_percent$$00000002  c_w.l(_printf_p.o)
    0x080001ac   0x080001ac   0x00000006   Code   RO         2987    .ARM.Collect$$_printf_percent$$00000003  c_w.l(_printf_f.o)
    0x080001b2   0x080001b2   0x00000006   Code   RO         2988    .ARM.Collect$$_printf_percent$$00000004  c_w.l(_printf_e.o)
    0x080001b8   0x080001b8   0x00000006   Code   RO         2989    .ARM.Collect$$_printf_percent$$00000005  c_w.l(_printf_g.o)
    0x080001be   0x080001be   0x00000006   Code   RO         2990    .ARM.Collect$$_printf_percent$$00000006  c_w.l(_printf_a.o)
    0x080001c4   0x080001c4   0x00000006   Code   RO         2984    .ARM.Collect$$_printf_percent$$00000008  c_w.l(_printf_i.o)
    0x080001ca   0x080001ca   0x00000006   Code   RO         2985    .ARM.Collect$$_printf_percent$$00000009  c_w.l(_printf_d.o)
    0x080001d0   0x080001d0   0x00000006   Code   RO         2986    .ARM.Collect$$_printf_percent$$0000000A  c_w.l(_printf_u.o)
    0x080001d6   0x080001d6   0x00000006   Code   RO         2983    .ARM.Collect$$_printf_percent$$0000000B  c_w.l(_printf_o.o)
    0x080001dc   0x080001dc   0x00000006   Code   RO         2981    .ARM.Collect$$_printf_percent$$0000000C  c_w.l(_printf_x.o)
    0x080001e2   0x080001e2   0x0000000a   Code   RO         3174    .ARM.Collect$$_printf_percent$$00000012  c_w.l(_printf_l.o)
    0x080001ec   0x080001ec   0x00000006   Code   RO         2978    .ARM.Collect$$_printf_percent$$00000013  c_w.l(_printf_c.o)
    0x080001f2   0x080001f2   0x00000006   Code   RO         2979    .ARM.Collect$$_printf_percent$$00000014  c_w.l(_printf_s.o)
    0x080001f8   0x080001f8   0x00000006   Code   RO         2992    .ARM.Collect$$_printf_percent$$00000015  c_w.l(_printf_lc.o)
    0x080001fe   0x080001fe   0x00000004   Code   RO         3173    .ARM.Collect$$_printf_percent$$00000017  c_w.l(_printf_percent_end.o)
    0x08000202   0x08000202   0x00000002   Code   RO         3432    .ARM.Collect$$libinit$$00000000  c_w.l(libinit.o)
    0x08000204   0x08000204   0x00000000   Code   RO         3326    .ARM.Collect$$libinit$$00000002  c_w.l(libinit2.o)
    0x08000204   0x08000204   0x00000000   Code   RO         3328    .ARM.Collect$$libinit$$00000004  c_w.l(libinit2.o)
    0x08000204   0x08000204   0x00000008   Code   RO         3329    .ARM.Collect$$libinit$$00000005  c_w.l(libinit2.o)
    0x0800020c   0x0800020c   0x00000000   Code   RO         3331    .ARM.Collect$$libinit$$0000000A  c_w.l(libinit2.o)
    0x0800020c   0x0800020c   0x00000000   Code   RO         3333    .ARM.Collect$$libinit$$0000000C  c_w.l(libinit2.o)
    0x0800020c   0x0800020c   0x00000000   Code   RO         3335    .ARM.Collect$$libinit$$0000000E  c_w.l(libinit2.o)
    0x0800020c   0x0800020c   0x00000006   Code   RO         3336    .ARM.Collect$$libinit$$0000000F  c_w.l(libinit2.o)
    0x08000212   0x08000212   0x00000000   Code   RO         3338    .ARM.Collect$$libinit$$00000011  c_w.l(libinit2.o)
    0x08000212   0x08000212   0x0000000c   Code   RO         3339    .ARM.Collect$$libinit$$00000012  c_w.l(libinit2.o)
    0x0800021e   0x0800021e   0x00000000   Code   RO         3340    .ARM.Collect$$libinit$$00000013  c_w.l(libinit2.o)
    0x0800021e   0x0800021e   0x00000000   Code   RO         3342    .ARM.Collect$$libinit$$00000015  c_w.l(libinit2.o)
    0x0800021e   0x0800021e   0x0000000a   Code   RO         3343    .ARM.Collect$$libinit$$00000016  c_w.l(libinit2.o)
    0x08000228   0x08000228   0x00000000   Code   RO         3344    .ARM.Collect$$libinit$$00000017  c_w.l(libinit2.o)
    0x08000228   0x08000228   0x00000000   Code   RO         3346    .ARM.Collect$$libinit$$00000019  c_w.l(libinit2.o)
    0x08000228   0x08000228   0x00000000   Code   RO         3348    .ARM.Collect$$libinit$$0000001B  c_w.l(libinit2.o)
    0x08000228   0x08000228   0x00000000   Code   RO         3350    .ARM.Collect$$libinit$$0000001D  c_w.l(libinit2.o)
    0x08000228   0x08000228   0x00000000   Code   RO         3352    .ARM.Collect$$libinit$$0000001F  c_w.l(libinit2.o)
    0x08000228   0x08000228   0x00000000   Code   RO         3354    .ARM.Collect$$libinit$$00000021  c_w.l(libinit2.o)
    0x08000228   0x08000228   0x00000000   Code   RO         3356    .ARM.Collect$$libinit$$00000023  c_w.l(libinit2.o)
    0x08000228   0x08000228   0x00000000   Code   RO         3358    .ARM.Collect$$libinit$$00000025  c_w.l(libinit2.o)
    0x08000228   0x08000228   0x00000000   Code   RO         3362    .ARM.Collect$$libinit$$0000002C  c_w.l(libinit2.o)
    0x08000228   0x08000228   0x00000000   Code   RO         3364    .ARM.Collect$$libinit$$0000002E  c_w.l(libinit2.o)
    0x08000228   0x08000228   0x00000000   Code   RO         3366    .ARM.Collect$$libinit$$00000030  c_w.l(libinit2.o)
    0x08000228   0x08000228   0x00000000   Code   RO         3368    .ARM.Collect$$libinit$$00000032  c_w.l(libinit2.o)
    0x08000228   0x08000228   0x00000002   Code   RO         3369    .ARM.Collect$$libinit$$00000033  c_w.l(libinit2.o)
    0x0800022a   0x0800022a   0x00000002   Code   RO         3532    .ARM.Collect$$libshutdown$$00000000  c_w.l(libshutdown.o)
    0x0800022c   0x0800022c   0x00000000   Code   RO         3494    .ARM.Collect$$libshutdown$$00000002  c_w.l(libshutdown2.o)
    0x0800022c   0x0800022c   0x00000000   Code   RO         3496    .ARM.Collect$$libshutdown$$00000004  c_w.l(libshutdown2.o)
    0x0800022c   0x0800022c   0x00000000   Code   RO         3499    .ARM.Collect$$libshutdown$$00000007  c_w.l(libshutdown2.o)
    0x0800022c   0x0800022c   0x00000000   Code   RO         3502    .ARM.Collect$$libshutdown$$0000000A  c_w.l(libshutdown2.o)
    0x0800022c   0x0800022c   0x00000000   Code   RO         3504    .ARM.Collect$$libshutdown$$0000000C  c_w.l(libshutdown2.o)
    0x0800022c   0x0800022c   0x00000000   Code   RO         3507    .ARM.Collect$$libshutdown$$0000000F  c_w.l(libshutdown2.o)
    0x0800022c   0x0800022c   0x00000002   Code   RO         3508    .ARM.Collect$$libshutdown$$00000010  c_w.l(libshutdown2.o)
    0x0800022e   0x0800022e   0x00000000   Code   RO         3097    .ARM.Collect$$rtentry$$00000000  c_w.l(__rtentry.o)
    0x0800022e   0x0800022e   0x00000000   Code   RO         3228    .ARM.Collect$$rtentry$$00000002  c_w.l(__rtentry2.o)
    0x0800022e   0x0800022e   0x00000006   Code   RO         3240    .ARM.Collect$$rtentry$$00000004  c_w.l(__rtentry4.o)
    0x08000234   0x08000234   0x00000000   Code   RO         3230    .ARM.Collect$$rtentry$$00000009  c_w.l(__rtentry2.o)
    0x08000234   0x08000234   0x00000004   Code   RO         3231    .ARM.Collect$$rtentry$$0000000A  c_w.l(__rtentry2.o)
    0x08000238   0x08000238   0x00000000   Code   RO         3233    .ARM.Collect$$rtentry$$0000000C  c_w.l(__rtentry2.o)
    0x08000238   0x08000238   0x00000008   Code   RO         3234    .ARM.Collect$$rtentry$$0000000D  c_w.l(__rtentry2.o)
    0x08000240   0x08000240   0x00000002   Code   RO         3446    .ARM.Collect$$rtexit$$00000000  c_w.l(rtexit.o)
    0x08000242   0x08000242   0x00000000   Code   RO         3479    .ARM.Collect$$rtexit$$00000002  c_w.l(rtexit2.o)
    0x08000242   0x08000242   0x00000004   Code   RO         3480    .ARM.Collect$$rtexit$$00000003  c_w.l(rtexit2.o)
    0x08000246   0x08000246   0x00000006   Code   RO         3481    .ARM.Collect$$rtexit$$00000004  c_w.l(rtexit2.o)
    0x0800024c   0x0800024c   0x0000000c   Code   RO         2351    .emb_text           main.o
    0x08000258   0x08000258   0x00000010   Code   RO         2596    .emb_text           rcc.o
    0x08000268   0x08000268   0x00000000   Code   RO         3401    .emb_text           c_w.l(maybetermalloc1.o)
    0x08000268   0x08000268   0x00000040   Code   RO         1780    .text               startup_stm32f10x_md.o
    0x080002a8   0x080002a8   0x00000028   Code   RO         2910    .text               c_w.l(calloc.o)
    0x080002d0   0x080002d0   0x00000028   Code   RO         2914    .text               c_w.l(noretval__2sprintf.o)
    0x080002f8   0x080002f8   0x0000004e   Code   RO         2918    .text               c_w.l(_printf_pad.o)
    0x08000346   0x08000346   0x00000024   Code   RO         2920    .text               c_w.l(_printf_truncate.o)
    0x0800036a   0x0800036a   0x00000052   Code   RO         2922    .text               c_w.l(_printf_str.o)
    0x080003bc   0x080003bc   0x00000078   Code   RO         2924    .text               c_w.l(_printf_dec.o)
    0x08000434   0x08000434   0x00000028   Code   RO         2926    .text               c_w.l(_printf_charcount.o)
    0x0800045c   0x0800045c   0x000000bc   Code   RO         2928    .text               c_w.l(_printf_wctomb.o)
    0x08000518   0x08000518   0x00000050   Code   RO         2933    .text               c_w.l(_printf_oct_int.o)
    0x08000568   0x08000568   0x0000007c   Code   RO         2949    .text               c_w.l(_printf_hex_int_ptr.o)
    0x080005e4   0x080005e4   0x00000188   Code   RO         2975    .text               c_w.l(__printf_flags_ss_wp.o)
    0x0800076c   0x0800076c   0x0000003c   Code   RO         2993    .text               c_w.l(__0sscanf.o)
    0x080007a8   0x080007a8   0x0000014c   Code   RO         2995    .text               c_w.l(_scanf_int.o)
    0x080008f4   0x080008f4   0x000000e0   Code   RO         2997    .text               c_w.l(_scanf_str.o)
    0x080009d4   0x080009d4   0x00000050   Code   RO         2999    .text               c_w.l(bsearchnoex.o)
    0x08000a24   0x08000a24   0x00000058   Code   RO         3001    .text               c_w.l(memcmp.o)
    0x08000a7c   0x08000a7c   0x00000032   Code   RO         3003    .text               c_w.l(strncasecmp.o)
    0x08000aae   0x08000aae   0x0000002a   Code   RO         3005    .text               c_w.l(strcasecmp.o)
    0x08000ad8   0x08000ad8   0x0000003e   Code   RO         3007    .text               c_w.l(strlen.o)
    0x08000b16   0x08000b16   0x00000064   Code   RO         3009    .text               c_w.l(rt_memcpy_w.o)
    0x08000b7a   0x08000b7a   0x00000044   Code   RO         3011    .text               c_w.l(rt_memclr.o)
    0x08000bbe   0x08000bbe   0x00000006   Code   RO         3013    .text               c_w.l(heapauxi.o)
    0x08000bc4   0x08000bc4   0x0000005e   Code   RO         3100    .text               c_w.l(h1_alloc.o)
    0x08000c22   0x08000c22   0x00000016   Code   RO         3154    .text               c_w.l(_rserrno.o)
    0x08000c38   0x08000c38   0x0000001a   Code   RO         3156    .text               c_w.l(tolower.o)
    0x08000c52   0x08000c52   0x000000b2   Code   RO         3158    .text               c_w.l(_printf_intcommon.o)
    0x08000d04   0x08000d04   0x0000041e   Code   RO         3160    .text               c_w.l(_printf_fp_dec.o)
    0x08001122   0x08001122   0x00000002   PAD
    0x08001124   0x08001124   0x000002fc   Code   RO         3162    .text               c_w.l(_printf_fp_hex.o)
    0x08001420   0x08001420   0x00000030   Code   RO         3165    .text               c_w.l(_printf_char_common.o)
    0x08001450   0x08001450   0x0000000a   Code   RO         3167    .text               c_w.l(_sputc.o)
    0x0800145a   0x0800145a   0x0000002c   Code   RO         3169    .text               c_w.l(_printf_char.o)
    0x08001486   0x08001486   0x0000002c   Code   RO         3171    .text               c_w.l(_printf_wchar.o)
    0x080014b2   0x080014b2   0x0000001c   Code   RO         3175    .text               c_w.l(_chval.o)
    0x080014ce   0x080014ce   0x00000002   PAD
    0x080014d0   0x080014d0   0x000004f8   Code   RO         3177    .text               c_w.l(scanf_fp.o)
    0x080019c8   0x080019c8   0x0000002c   Code   RO         3179    .text               c_w.l(scanf_char.o)
    0x080019f4   0x080019f4   0x00000040   Code   RO         3181    .text               c_w.l(_sgetc.o)
    0x08001a34   0x08001a34   0x00000040   Code   RO         3183    .text               c_w.l(_wcrtomb.o)
    0x08001a74   0x08001a74   0x0000004e   Code   RO         3185    .text               c_w.l(rt_memclr_w.o)
    0x08001ac2   0x08001ac2   0x00000002   PAD
    0x08001ac4   0x08001ac4   0x00000010   Code   RO         3242    .text               c_w.l(rt_ctype_table.o)
    0x08001ad4   0x08001ad4   0x00000008   Code   RO         3247    .text               c_w.l(rt_heap_descriptor_intlibspace.o)
    0x08001adc   0x08001adc   0x00000008   Code   RO         3252    .text               c_w.l(rt_locale_intlibspace.o)
    0x08001ae4   0x08001ae4   0x00000008   Code   RO         3257    .text               c_w.l(rt_errno_addr_intlibspace.o)
    0x08001aec   0x08001aec   0x00000004   Code   RO         3259    .text               c_w.l(hguard.o)
    0x08001af0   0x08001af0   0x0000008a   Code   RO         3261    .text               c_w.l(init_alloc.o)
    0x08001b7a   0x08001b7a   0x0000000e   Code   RO         3267    .text               c_w.l(h1_init.o)
    0x08001b88   0x08001b88   0x0000004e   Code   RO         3269    .text               c_w.l(h1_free.o)
    0x08001bd6   0x08001bd6   0x0000008a   Code   RO         3285    .text               c_w.l(lludiv10.o)
    0x08001c60   0x08001c60   0x00000012   Code   RO         3287    .text               c_w.l(isspace.o)
    0x08001c72   0x08001c72   0x00000002   PAD
    0x08001c74   0x08001c74   0x00000080   Code   RO         3289    .text               c_w.l(_printf_fp_infnan.o)
    0x08001cf4   0x08001cf4   0x00000374   Code   RO         3293    .text               c_w.l(_scanf.o)
    0x08002068   0x08002068   0x000000e4   Code   RO         3295    .text               c_w.l(bigflt0.o)
    0x0800214c   0x0800214c   0x00000008   Code   RO         3394    .text               c_w.l(libspace.o)
    0x08002154   0x08002154   0x0000004a   Code   RO         3397    .text               c_w.l(sys_stackheap_outer.o)
    0x0800219e   0x0800219e   0x00000034   Code   RO         3403    .text               c_w.l(h1_extend.o)
    0x080021d2   0x080021d2   0x00000002   PAD
    0x080021d4   0x080021d4   0x00000320   Code   RO         3407    .text               c_w.l(scanf_hexfp.o)
    0x080024f4   0x080024f4   0x00000134   Code   RO         3409    .text               c_w.l(scanf_infnan.o)
    0x08002628   0x08002628   0x00000012   Code   RO         3414    .text               c_w.l(exit.o)
    0x0800263a   0x0800263a   0x0000000e   Code   RO         3416    .text               c_w.l(defsig_rtmem_outer.o)
    0x08002648   0x08002648   0x00000080   Code   RO         3420    .text               c_w.l(strcmpv7m.o)
    0x080026c8   0x080026c8   0x00000002   Code   RO         3443    .text               c_w.l(use_no_semi.o)
    0x080026ca   0x080026ca   0x00000000   Code   RO         3445    .text               c_w.l(indicate_semi.o)
    0x080026ca   0x080026ca   0x00000026   Code   RO         3452    .text               c_w.l(llshl.o)
    0x080026f0   0x080026f0   0x0000000a   Code   RO         3454    .text               c_w.l(defsig_exit.o)
    0x080026fa   0x080026fa   0x00000002   PAD
    0x080026fc   0x080026fc   0x00000050   Code   RO         3456    .text               c_w.l(defsig_rtmem_inner.o)
    0x0800274c   0x0800274c   0x0000000c   Code   RO         3476    .text               c_w.l(sys_exit.o)
    0x08002758   0x08002758   0x00000032   Code   RO         3491    .text               c_w.l(defsig_general.o)
    0x0800278a   0x0800278a   0x0000000e   Code   RO         3526    .text               c_w.l(sys_wrch.o)
    0x08002798   0x08002798   0x0000003e   Code   RO         3298    CL$$btod_d2e        c_w.l(btod.o)
    0x080027d6   0x080027d6   0x00000046   Code   RO         3300    CL$$btod_d2e_denorm_low  c_w.l(btod.o)
    0x0800281c   0x0800281c   0x00000060   Code   RO         3299    CL$$btod_d2e_norm_op1  c_w.l(btod.o)
    0x0800287c   0x0800287c   0x00000338   Code   RO         3308    CL$$btod_div_common  c_w.l(btod.o)
    0x08002bb4   0x08002bb4   0x00000084   Code   RO         3306    CL$$btod_e2d        c_w.l(btod.o)
    0x08002c38   0x08002c38   0x000000dc   Code   RO         3305    CL$$btod_e2e        c_w.l(btod.o)
    0x08002d14   0x08002d14   0x0000002a   Code   RO         3302    CL$$btod_ediv       c_w.l(btod.o)
    0x08002d3e   0x08002d3e   0x0000002a   Code   RO         3304    CL$$btod_edivd      c_w.l(btod.o)
    0x08002d68   0x08002d68   0x0000002a   Code   RO         3301    CL$$btod_emul       c_w.l(btod.o)
    0x08002d92   0x08002d92   0x0000002a   Code   RO         3303    CL$$btod_emuld      c_w.l(btod.o)
    0x08002dbc   0x08002dbc   0x00000244   Code   RO         3307    CL$$btod_mult_common  c_w.l(btod.o)
    0x08003000   0x08003000   0x00000016   Code   RO            7    i.ADC_Cmd           stm32f10x_adc.o
    0x08003016   0x08003016   0x00000016   Code   RO            8    i.ADC_DMACmd        stm32f10x_adc.o
    0x0800302c   0x0800302c   0x00000016   Code   RO           12    i.ADC_ExternalTrigConvCmd  stm32f10x_adc.o
    0x08003042   0x08003042   0x00000016   Code   RO           13    i.ADC_ExternalTrigInjectedConvCmd  stm32f10x_adc.o
    0x08003058   0x08003058   0x00000010   Code   RO           14    i.ADC_ExternalTrigInjectedConvConfig  stm32f10x_adc.o
    0x08003068   0x08003068   0x00000014   Code   RO           15    i.ADC_GetCalibrationStatus  stm32f10x_adc.o
    0x0800307c   0x0800307c   0x00000014   Code   RO           21    i.ADC_GetResetCalibrationStatus  stm32f10x_adc.o
    0x08003090   0x08003090   0x00000050   Code   RO           25    i.ADC_Init          stm32f10x_adc.o
    0x080030e0   0x080030e0   0x00000082   Code   RO           26    i.ADC_InjectedChannelConfig  stm32f10x_adc.o
    0x08003162   0x08003162   0x00000018   Code   RO           28    i.ADC_InjectedSequencerLengthConfig  stm32f10x_adc.o
    0x0800317a   0x0800317a   0x000000b8   Code   RO           29    i.ADC_RegularChannelConfig  stm32f10x_adc.o
    0x08003232   0x08003232   0x0000000a   Code   RO           30    i.ADC_ResetCalibration  stm32f10x_adc.o
    0x0800323c   0x0800323c   0x00000016   Code   RO           32    i.ADC_SoftwareStartConvCmd  stm32f10x_adc.o
    0x08003252   0x08003252   0x0000000a   Code   RO           34    i.ADC_StartCalibration  stm32f10x_adc.o
    0x0800325c   0x0800325c   0x00000030   Code   RO         2352    i.BusFault_Handler  main.o
    0x0800328c   0x0800328c   0x00000020   Code   RO          251    i.DBGMCU_Config     stm32f10x_dbgmcu.o
    0x080032ac   0x080032ac   0x00000254   Code   RO         1785    i.DMA1_Channel1_IRQHandler  adc.o
    0x08003500   0x08003500   0x0000002c   Code   RO         2763    i.DMA1_Channel4_IRQHandler  serial.o
    0x0800352c   0x0800352c   0x0000001c   Code   RO          279    i.DMA_ClearITPendingBit  stm32f10x_dma.o
    0x08003548   0x08003548   0x00000018   Code   RO          280    i.DMA_Cmd           stm32f10x_dma.o
    0x08003560   0x08003560   0x0000014c   Code   RO          281    i.DMA_DeInit        stm32f10x_dma.o
    0x080036ac   0x080036ac   0x00000008   Code   RO          282    i.DMA_GetCurrDataCounter  stm32f10x_dma.o
    0x080036b4   0x080036b4   0x00000012   Code   RO          285    i.DMA_ITConfig      stm32f10x_dma.o
    0x080036c6   0x080036c6   0x0000003c   Code   RO          286    i.DMA_Init          stm32f10x_dma.o
    0x08003702   0x08003702   0x00000002   PAD
    0x08003704   0x08003704   0x0000000c   Code   RO          354    i.EXTI_ClearITPendingBit  stm32f10x_exti.o
    0x08003710   0x08003710   0x00000028   Code   RO          358    i.EXTI_GetITStatus  stm32f10x_exti.o
    0x08003738   0x08003738   0x00000094   Code   RO          359    i.EXTI_Init         stm32f10x_exti.o
    0x080037cc   0x080037cc   0x0000000c   Code   RO          410    i.FLASH_ClearFlag   stm32f10x_flash.o
    0x080037d8   0x080037d8   0x0000004c   Code   RO          415    i.FLASH_ErasePage   stm32f10x_flash.o
    0x08003824   0x08003824   0x00000034   Code   RO          416    i.FLASH_GetBank1Status  stm32f10x_flash.o
    0x08003858   0x08003858   0x00000014   Code   RO          425    i.FLASH_Lock        stm32f10x_flash.o
    0x0800386c   0x0800386c   0x0000006c   Code   RO          430    i.FLASH_ProgramWord  stm32f10x_flash.o
    0x080038d8   0x080038d8   0x00000018   Code   RO          433    i.FLASH_Unlock      stm32f10x_flash.o
    0x080038f0   0x080038f0   0x00000026   Code   RO          437    i.FLASH_WaitForLastOperation  stm32f10x_flash.o
    0x08003916   0x08003916   0x00000116   Code   RO          593    i.GPIO_Init         stm32f10x_gpio.o
    0x08003a2c   0x08003a2c   0x00000090   Code   RO          595    i.GPIO_PinRemapConfig  stm32f10x_gpio.o
    0x08003abc   0x08003abc   0x00000030   Code   RO         2353    i.HardFault_Handler  main.o
    0x08003aec   0x08003aec   0x00000030   Code   RO         2354    i.MemManage_Handler  main.o
    0x08003b1c   0x08003b1c   0x00000070   Code   RO         2411    i.NVIC_Init         misc.o
    0x08003b8c   0x08003b8c   0x00000028   Code   RO         2634    i.NVIC_SetPriority  run.o
    0x08003bb4   0x08003bb4   0x00000040   Code   RO         2635    i.PVD_IRQHandler    run.o
    0x08003bf4   0x08003bf4   0x0000000c   Code   RO          752    i.PWR_PVDCmd        stm32f10x_pwr.o
    0x08003c00   0x08003c00   0x00000018   Code   RO          753    i.PWR_PVDLevelConfig  stm32f10x_pwr.o
    0x08003c18   0x08003c18   0x00000018   Code   RO          809    i.RCC_ADCCLKConfig  stm32f10x_rcc.o
    0x08003c30   0x08003c30   0x00000020   Code   RO          810    i.RCC_AHBPeriphClockCmd  stm32f10x_rcc.o
    0x08003c50   0x08003c50   0x00000020   Code   RO          811    i.RCC_APB1PeriphClockCmd  stm32f10x_rcc.o
    0x08003c70   0x08003c70   0x00000020   Code   RO          813    i.RCC_APB2PeriphClockCmd  stm32f10x_rcc.o
    0x08003c90   0x08003c90   0x00000014   Code   RO          817    i.RCC_ClearFlag     stm32f10x_rcc.o
    0x08003ca4   0x08003ca4   0x000000d4   Code   RO          821    i.RCC_GetClocksFreq  stm32f10x_rcc.o
    0x08003d78   0x08003d78   0x0000003c   Code   RO          822    i.RCC_GetFlagStatus  stm32f10x_rcc.o
    0x08003db4   0x08003db4   0x0000000c   Code   RO          827    i.RCC_HSICmd        stm32f10x_rcc.o
    0x08003dc0   0x08003dc0   0x00000008   Code   RO         1743    i.SetSysClock       system_stm32f10x.o
    0x08003dc8   0x08003dc8   0x000000e0   Code   RO         1744    i.SetSysClockTo72   system_stm32f10x.o
    0x08003ea8   0x08003ea8   0x0000011c   Code   RO         2636    i.SysTick_Handler   run.o
    0x08003fc4   0x08003fc4   0x00000060   Code   RO         1746    i.SystemInit        system_stm32f10x.o
    0x08004024   0x08004024   0x00000080   Code   RO         1009    i.TI1_Config        stm32f10x_tim.o
    0x080040a4   0x080040a4   0x00000098   Code   RO         1010    i.TI2_Config        stm32f10x_tim.o
    0x0800413c   0x0800413c   0x000000ac   Code   RO         2547    i.TIM1_CC_IRQHandler  pwm.o
    0x080041e8   0x080041e8   0x0000008c   Code   RO         2829    i.TIM2_IRQHandler   timer.o
    0x08004274   0x08004274   0x00000018   Code   RO         1013    i.TIM_ARRPreloadConfig  stm32f10x_tim.o
    0x0800428c   0x0800428c   0x00000006   Code   RO         1020    i.TIM_ClearITPendingBit  stm32f10x_tim.o
    0x08004292   0x08004292   0x00000018   Code   RO         1025    i.TIM_Cmd           stm32f10x_tim.o
    0x080042aa   0x080042aa   0x00000022   Code   RO         1046    i.TIM_GetITStatus   stm32f10x_tim.o
    0x080042cc   0x080042cc   0x00000098   Code   RO         1054    i.TIM_OC1Init       stm32f10x_tim.o
    0x08004364   0x08004364   0x00000012   Code   RO         1057    i.TIM_OC1PreloadConfig  stm32f10x_tim.o
    0x08004376   0x08004376   0x00000002   PAD
    0x08004378   0x08004378   0x000000a4   Code   RO         1059    i.TIM_OC2Init       stm32f10x_tim.o
    0x0800441c   0x0800441c   0x0000001a   Code   RO         1062    i.TIM_OC2PreloadConfig  stm32f10x_tim.o
    0x08004436   0x08004436   0x00000002   PAD
    0x08004438   0x08004438   0x000000a0   Code   RO         1064    i.TIM_OC3Init       stm32f10x_tim.o
    0x080044d8   0x080044d8   0x00000012   Code   RO         1067    i.TIM_OC3PreloadConfig  stm32f10x_tim.o
    0x080044ea   0x080044ea   0x00000002   PAD
    0x080044ec   0x080044ec   0x0000007c   Code   RO         1069    i.TIM_OC4Init       stm32f10x_tim.o
    0x08004568   0x08004568   0x0000001a   Code   RO         1071    i.TIM_OC4PreloadConfig  stm32f10x_tim.o
    0x08004582   0x08004582   0x00000014   Code   RO         1072    i.TIM_OCStructInit  stm32f10x_tim.o
    0x08004596   0x08004596   0x0000007c   Code   RO         1073    i.TIM_PWMIConfig    stm32f10x_tim.o
    0x08004612   0x08004612   0x00000012   Code   RO         1078    i.TIM_SelectInputTrigger  stm32f10x_tim.o
    0x08004624   0x08004624   0x00000012   Code   RO         1079    i.TIM_SelectMasterSlaveMode  stm32f10x_tim.o
    0x08004636   0x08004636   0x00000012   Code   RO         1083    i.TIM_SelectSlaveMode  stm32f10x_tim.o
    0x08004648   0x08004648   0x00000012   Code   RO         1091    i.TIM_SetIC1Prescaler  stm32f10x_tim.o
    0x0800465a   0x0800465a   0x0000001a   Code   RO         1092    i.TIM_SetIC2Prescaler  stm32f10x_tim.o
    0x08004674   0x08004674   0x000000a4   Code   RO         1096    i.TIM_TimeBaseInit  stm32f10x_tim.o
    0x08004718   0x08004718   0x00000012   Code   RO         1097    i.TIM_TimeBaseStructInit  stm32f10x_tim.o
    0x0800472a   0x0800472a   0x00000018   Code   RO         1564    i.USART_Cmd         stm32f10x_usart.o
    0x08004742   0x08004742   0x00000012   Code   RO         1565    i.USART_DMACmd      stm32f10x_usart.o
    0x08004754   0x08004754   0x000000d8   Code   RO         1571    i.USART_Init        stm32f10x_usart.o
    0x0800482c   0x0800482c   0x00000030   Code   RO         2355    i.UsageFault_Handler  main.o
    0x0800485c   0x0800485c   0x00000028   Code   RO         3384    i.__ARM_fpclassify  m_ws.l(fpclassify.o)
    0x08004884   0x08004884   0x00000026   Code   RO         3206    i.__ARM_fpclassifyf  m_ws.l(fpclassifyf.o)
    0x080048aa   0x080048aa   0x0000000e   Code   RO         3515    i.__mathlib_dbl_overflow  m_ws.l(dunder.o)
    0x080048b8   0x080048b8   0x00000010   Code   RO         3517    i.__mathlib_dbl_underflow  m_ws.l(dunder.o)
    0x080048c8   0x080048c8   0x00000006   Code   RO         3209    i.__mathlib_flt_infnan  m_ws.l(funder.o)
    0x080048ce   0x080048ce   0x00000008   Code   RO         3211    i.__mathlib_flt_invalid  m_ws.l(funder.o)
    0x080048d6   0x080048d6   0x0000000a   Code   RO         3214    i.__mathlib_flt_underflow  m_ws.l(funder.o)
    0x080048e0   0x080048e0   0x00000010   Code   RO         3386    i.__mathlib_narrow  m_ws.l(narrow.o)
    0x080048f0   0x080048f0   0x00000168   Code   RO         3222    i.__mathlib_rredf2  m_ws.l(rredf.o)
    0x08004a58   0x08004a58   0x000000bc   Code   RO         3387    i.__mathlib_tofloat  m_ws.l(narrow.o)
    0x08004b14   0x08004b14   0x00000016   Code   RO         3465    i.__support_ldexp   m_ws.l(ldexp.o)
    0x08004b2a   0x08004b2a   0x00000002   PAD
    0x08004b2c   0x08004b2c   0x00000064   Code   RO         2220    i._fetSetDutyCycle  fet.o
    0x08004b90   0x08004b90   0x00000034   Code   RO         2221    i._fetSetServoDuty  fet.o
    0x08004bc4   0x08004bc4   0x0000000e   Code   RO         2968    i._is_digit         c_w.l(__printf_wp.o)
    0x08004bd2   0x08004bd2   0x0000002a   Code   RO         1786    i.adcCalibrateADC   adc.o
    0x08004bfc   0x08004bfc   0x00000044   Code   RO         1787    i.adcEvaluateHistSize  adc.o
    0x08004c40   0x08004c40   0x000000a8   Code   RO         1788    i.adcGrowHist       adc.o
    0x08004ce8   0x08004ce8   0x00000258   Code   RO         1789    i.adcInit           adc.o
    0x08004f40   0x08004f40   0x00000130   Code   RO         1790    i.adcSetConstants   adc.o
    0x08005070   0x08005070   0x00000014   Code   RO         1791    i.adcSetCrossingPeriod  adc.o
    0x08005084   0x08005084   0x000000c0   Code   RO         1792    i.adcShrinkHist     adc.o
    0x08005144   0x08005144   0x00000148   Code   RO         1943    i.cliCheck          cli.o
    0x0800528c   0x0800528c   0x00000022   Code   RO         1944    i.cliCommandComp    cli.o
    0x080052ae   0x080052ae   0x00000002   PAD
    0x080052b0   0x080052b0   0x0000002c   Code   RO         1945    i.cliCommandGet     cli.o
    0x080052dc   0x080052dc   0x00000058   Code   RO         1946    i.cliFuncArm        cli.o
    0x08005334   0x08005334   0x000000d0   Code   RO         1947    i.cliFuncBeep       cli.o
    0x08005404   0x08005404   0x00000060   Code   RO         1948    i.cliFuncBinary     cli.o
    0x08005464   0x08005464   0x0000006c   Code   RO         1949    i.cliFuncBoot       cli.o
    0x080054d0   0x080054d0   0x0000004c   Code   RO         1950    i.cliFuncChangeInput  cli.o
    0x0800551c   0x0800551c   0x00000114   Code   RO         1951    i.cliFuncConfig     cli.o
    0x08005630   0x08005630   0x0000002c   Code   RO         1952    i.cliFuncDisarm     cli.o
    0x0800565c   0x0800565c   0x000000d8   Code   RO         1953    i.cliFuncDuty       cli.o
    0x08005734   0x08005734   0x0000012c   Code   RO         1954    i.cliFuncGzs        cli.o
    0x08005860   0x08005860   0x00000064   Code   RO         1955    i.cliFuncHelp       cli.o
    0x080058c4   0x080058c4   0x00000060   Code   RO         1956    i.cliFuncInput      cli.o
    0x08005924   0x08005924   0x00000150   Code   RO         1957    i.cliFuncJzs        cli.o
    0x08005a74   0x08005a74   0x000000a0   Code   RO         1958    i.cliFuncMode       cli.o
    0x08005b14   0x08005b14   0x000000b0   Code   RO         1959    i.cliFuncPos        cli.o
    0x08005bc4   0x08005bc4   0x000000dc   Code   RO         1960    i.cliFuncPwm        cli.o
    0x08005ca0   0x08005ca0   0x00000114   Code   RO         1961    i.cliFuncRpm        cli.o
    0x08005db4   0x08005db4   0x000000e4   Code   RO         1962    i.cliFuncSet        cli.o
    0x08005e98   0x08005e98   0x00000078   Code   RO         1963    i.cliFuncStart      cli.o
    0x08005f10   0x08005f10   0x000002a4   Code   RO         1964    i.cliFuncStatus     cli.o
    0x080061b4   0x080061b4   0x00000044   Code   RO         1965    i.cliFuncStop       cli.o
    0x080061f8   0x080061f8   0x00000094   Code   RO         1966    i.cliFuncTelemetry  cli.o
    0x0800628c   0x0800628c   0x00000030   Code   RO         1967    i.cliFuncVer        cli.o
    0x080062bc   0x080062bc   0x00000060   Code   RO         1968    i.cliInit           cli.o
    0x0800631c   0x0800631c   0x00000068   Code   RO         1969    i.cliPrintParam     cli.o
    0x08006384   0x08006384   0x00000028   Code   RO         1970    i.cliPrompt         cli.o
    0x080063ac   0x080063ac   0x00000030   Code   RO         1971    i.cliUsage          cli.o
    0x080063dc   0x080063dc   0x00000038   Code   RO         2131    i.configGetId       config.o
    0x08006414   0x08006414   0x0000004c   Code   RO         2132    i.configInit        config.o
    0x08006460   0x08006460   0x00000158   Code   RO         2133    i.configLoadDefault  config.o
    0x080065b8   0x080065b8   0x0000001c   Code   RO         2134    i.configReadFlash   config.o
    0x080065d4   0x080065d4   0x00000018   Code   RO         2135    i.configRecalcConst  config.o
    0x080065ec   0x080065ec   0x00000024   Code   RO         2137    i.configSetParamByID  config.o
    0x08006610   0x08006610   0x00000090   Code   RO         2138    i.configWriteFlash  config.o
    0x080066a0   0x080066a0   0x00000036   Code   RO         2199    i.digitalInit       digital.o
    0x080066d6   0x080066d6   0x0000001a   Code   RO         2200    i.digitalTogg       digital.o
    0x080066f0   0x080066f0   0x00000070   Code   RO         2222    i.fetBeep           fet.o
    0x08006760   0x08006760   0x000000a4   Code   RO         2223    i.fetCommutate      fet.o
    0x08006804   0x08006804   0x000000b0   Code   RO         2224    i.fetCreateSine     fet.o
    0x080068b4   0x080068b4   0x000001f4   Code   RO         2225    i.fetInit           fet.o
    0x08006aa8   0x08006aa8   0x00000038   Code   RO         2226    i.fetMissedCommutate  fet.o
    0x08006ae0   0x08006ae0   0x00000028   Code   RO         2227    i.fetSetAngle       fet.o
    0x08006b08   0x08006b08   0x00000058   Code   RO         2228    i.fetSetAngleFromPwm  fet.o
    0x08006b60   0x08006b60   0x00000060   Code   RO         2229    i.fetSetBaseTime    fet.o
    0x08006bc0   0x08006bc0   0x00000034   Code   RO         2230    i.fetSetBraking     fet.o
    0x08006bf4   0x08006bf4   0x0000019c   Code   RO         2231    i.fetSetConstants   fet.o
    0x08006d90   0x08006d90   0x00000024   Code   RO         2232    i.fetSetDutyCycle   fet.o
    0x08006db4   0x08006db4   0x000000a4   Code   RO         2233    i.fetSetStep        fet.o
    0x08006e58   0x08006e58   0x000000bc   Code   RO         2234    i.fetStartCommutation  fet.o
    0x08006f14   0x08006f14   0x0000021c   Code   RO         2235    i.fetUpdateServo    fet.o
    0x08007130   0x08007130   0x00000058   Code   RO         3440    i.frexp             m_ws.l(frexp.o)
    0x08007188   0x08007188   0x00000006   Code   RO         2336    i.getBuildNumber    getbuildnum.o
    0x0800718e   0x0800718e   0x00000074   Code   RO         3466    i.ldexp             m_ws.l(ldexp.o)
    0x08007202   0x08007202   0x00000002   PAD
    0x08007204   0x08007204   0x00000144   Code   RO         2356    i.main              main.o
    0x08007348   0x08007348   0x000001d8   Code   RO         2236    i.motorStartSeq     fet.o
    0x08007520   0x08007520   0x00000048   Code   RO         2237    i.motorStartSeqInit  fet.o
    0x08007568   0x08007568   0x0000004c   Code   RO         2447    i.owByteReceived    ow.o
    0x080075b4   0x080075b4   0x0000003c   Code   RO         2448    i.owByteSent        ow.o
    0x080075f0   0x080075f0   0x0000002e   Code   RO         2449    i.owCRC             ow.o
    0x0800761e   0x0800761e   0x00000002   PAD
    0x08007620   0x08007620   0x00000040   Code   RO         2450    i.owEdgeDetect      ow.o
    0x08007660   0x08007660   0x00000048   Code   RO         2451    i.owInit            ow.o
    0x080076a8   0x080076a8   0x0000001c   Code   RO         2452    i.owPullLow         ow.o
    0x080076c4   0x080076c4   0x00000048   Code   RO         2453    i.owReadBitIsr      ow.o
    0x0800770c   0x0800770c   0x00000028   Code   RO         2454    i.owReadBytes       ow.o
    0x08007734   0x08007734   0x00000264   Code   RO         2455    i.owReadComplete    ow.o
    0x08007998   0x08007998   0x0000001c   Code   RO         2456    i.owRelease         ow.o
    0x080079b4   0x080079b4   0x00000014   Code   RO         2457    i.owReset           ow.o
    0x080079c8   0x080079c8   0x0000007c   Code   RO         2458    i.owResetIsr        ow.o
    0x08007a44   0x08007a44   0x00000014   Code   RO         2459    i.owTimeout         ow.o
    0x08007a58   0x08007a58   0x00000030   Code   RO         2460    i.owTimeoutIsr      ow.o
    0x08007a88   0x08007a88   0x00000068   Code   RO         2461    i.owWriteBitIsr     ow.o
    0x08007af0   0x08007af0   0x00000034   Code   RO         2462    i.owWriteBytes      ow.o
    0x08007b24   0x08007b24   0x0000000a   Code   RO         2463    i.owWriteComplete   ow.o
    0x08007b2e   0x08007b2e   0x00000002   PAD
    0x08007b30   0x08007b30   0x000000b4   Code   RO         2548    i.pwmInit           pwm.o
    0x08007be4   0x08007be4   0x00000014   Code   RO         2549    i.pwmIsrAllOff      pwm.o
    0x08007bf8   0x08007bf8   0x00000020   Code   RO         2550    i.pwmIsrAllOn       pwm.o
    0x08007c18   0x08007c18   0x00000024   Code   RO         2551    i.pwmIsrRunOn       pwm.o
    0x08007c3c   0x08007c3c   0x00000120   Code   RO         2552    i.pwmSetConstants   pwm.o
    0x08007d5c   0x08007d5c   0x00000058   Code   RO         2597    i.rccBootLoader     rcc.o
    0x08007db4   0x08007db4   0x000000ec   Code   RO         2598    i.rccInit           rcc.o
    0x08007ea0   0x08007ea0   0x00000014   Code   RO         2599    i.rccReadBkpDr      rcc.o
    0x08007eb4   0x08007eb4   0x0000001c   Code   RO         2600    i.rccReset          rcc.o
    0x08007ed0   0x08007ed0   0x00000030   Code   RO         2601    i.rccWriteBkpDr     rcc.o
    0x08007f00   0x08007f00   0x0000008c   Code   RO         2637    i.runArm            run.o
    0x08007f8c   0x08007f8c   0x00000094   Code   RO         2638    i.runCurrentPID     run.o
    0x08008020   0x08008020   0x0000004c   Code   RO         2639    i.runDisarm         run.o
    0x0800806c   0x0800806c   0x00000064   Code   RO         2640    i.runDuty           run.o
    0x080080d0   0x080080d0   0x00000002   Code   RO         2641    i.runFeedIWDG       run.o
    0x080080d2   0x080080d2   0x00000006   Code   RO         2642    i.runIWDGInit       run.o
    0x080080d8   0x080080d8   0x0000006c   Code   RO         2643    i.runInit           run.o
    0x08008144   0x08008144   0x00000278   Code   RO         2644    i.runNewInput       run.o
    0x080083bc   0x080083bc   0x000000c8   Code   RO         2645    i.runRpm            run.o
    0x08008484   0x08008484   0x000001a4   Code   RO         2646    i.runRpmPID         run.o
    0x08008628   0x08008628   0x0000000c   Code   RO         2647    i.runRpmPIDReset    run.o
    0x08008634   0x08008634   0x000000e0   Code   RO         2648    i.runSetConstants   run.o
    0x08008714   0x08008714   0x00000052   Code   RO         2649    i.runSetupPVD       run.o
    0x08008766   0x08008766   0x00000002   PAD
    0x08008768   0x08008768   0x00000040   Code   RO         2650    i.runStart          run.o
    0x080087a8   0x080087a8   0x00000014   Code   RO         2651    i.runStop           run.o
    0x080087bc   0x080087bc   0x0000012c   Code   RO         2652    i.runThrotLim       run.o
    0x080088e8   0x080088e8   0x00000144   Code   RO         2653    i.runWatchDog       run.o
    0x08008a2c   0x08008a2c   0x00000020   Code   RO         2764    i.serialAvailable   serial.o
    0x08008a4c   0x08008a4c   0x00000154   Code   RO         2765    i.serialInit        serial.o
    0x08008ba0   0x08008ba0   0x0000002c   Code   RO         2766    i.serialOpenPort    serial.o
    0x08008bcc   0x08008bcc   0x00000016   Code   RO         2767    i.serialPrint       serial.o
    0x08008be2   0x08008be2   0x00000002   PAD
    0x08008be4   0x08008be4   0x00000034   Code   RO         2768    i.serialRead        serial.o
    0x08008c18   0x08008c18   0x00000054   Code   RO         2769    i.serialSetConstants  serial.o
    0x08008c6c   0x08008c6c   0x00000060   Code   RO         2770    i.serialStartTxDMA  serial.o
    0x08008ccc   0x08008ccc   0x00000038   Code   RO         2771    i.serialWrite       serial.o
    0x08008d04   0x08008d04   0x00000188   Code   RO         3082    i.sinf              m_ws.l(sinf.o)
    0x08008e8c   0x08008e8c   0x0000002c   Code   RO         3090    i.sqrtf             m_ws.l(sqrtf.o)
    0x08008eb8   0x08008eb8   0x0000001c   Code   RO         2831    i.timerCancelAlarm1  timer.o
    0x08008ed4   0x08008ed4   0x0000001e   Code   RO         2832    i.timerCancelAlarm2  timer.o
    0x08008ef2   0x08008ef2   0x0000001e   Code   RO         2833    i.timerCancelAlarm3  timer.o
    0x08008f10   0x08008f10   0x0000002a   Code   RO         2834    i.timerDelay        timer.o
    0x08008f3a   0x08008f3a   0x00000002   PAD
    0x08008f3c   0x08008f3c   0x0000003c   Code   RO         2835    i.timerGetMicros    timer.o
    0x08008f78   0x08008f78   0x000000b8   Code   RO         2836    i.timerInit         timer.o
    0x08009030   0x08009030   0x0000004c   Code   RO         2837    i.timerSetAlarm1    timer.o
    0x0800907c   0x0800907c   0x00000050   Code   RO         2838    i.timerSetAlarm2    timer.o
    0x080090cc   0x080090cc   0x00000050   Code   RO         2839    i.timerSetAlarm3    timer.o
    0x0800911c   0x0800911c   0x0000002c   Code   RO         3321    locale$$code        c_w.l(lc_numeric_c.o)
    0x08009148   0x08009148   0x0000002c   Code   RO         3412    locale$$code        c_w.l(lc_ctype_c.o)
    0x08009174   0x08009174   0x00000062   Code   RO         3017    x$fpl$d2f           fz_ws.l(d2f.o)
    0x080091d6   0x080091d6   0x00000002   PAD
    0x080091d8   0x080091d8   0x00000010   Code   RO         3509    x$fpl$dcheck1       fz_ws.l(dcheck1.o)
    0x080091e8   0x080091e8   0x00000018   Code   RO         3187    x$fpl$dcmpinf       fz_ws.l(dcmpi.o)
    0x08009200   0x08009200   0x000002b0   Code   RO         3020    x$fpl$ddiv          fz_ws.l(ddiv.o)
    0x080094b0   0x080094b0   0x00000078   Code   RO         3433    x$fpl$deqf          fz_ws.l(deqf.o)
    0x08009528   0x08009528   0x00000026   Code   RO         3023    x$fpl$dfltu         fz_ws.l(dflt_clz.o)
    0x0800954e   0x0800954e   0x00000002   PAD
    0x08009550   0x08009550   0x00000078   Code   RO         3029    x$fpl$dleqf         fz_ws.l(dleqf.o)
    0x080095c8   0x080095c8   0x00000154   Code   RO         3031    x$fpl$dmul          fz_ws.l(dmul.o)
    0x0800971c   0x0800971c   0x0000009c   Code   RO         3189    x$fpl$dnaninf       fz_ws.l(dnaninf.o)
    0x080097b8   0x080097b8   0x0000000c   Code   RO         3191    x$fpl$dretinf       fz_ws.l(dretinf.o)
    0x080097c4   0x080097c4   0x0000006c   Code   RO         3033    x$fpl$drleqf        fz_ws.l(drleqf.o)
    0x08009830   0x08009830   0x00000056   Code   RO         3035    x$fpl$f2d           fz_ws.l(f2d.o)
    0x08009886   0x08009886   0x00000002   PAD
    0x08009888   0x08009888   0x000000c4   Code   RO         3037    x$fpl$fadd          fz_ws.l(faddsub_clz.o)
    0x0800994c   0x0800994c   0x0000000c   Code   RO         3193    x$fpl$fcheck1       fz_ws.l(fcheck1.o)
    0x08009958   0x08009958   0x00000018   Code   RO         3195    x$fpl$fcmpinf       fz_ws.l(fcmpi.o)
    0x08009970   0x08009970   0x00000184   Code   RO         3044    x$fpl$fdiv          fz_ws.l(fdiv.o)
    0x08009af4   0x08009af4   0x00000068   Code   RO         3047    x$fpl$feqf          fz_ws.l(feqf.o)
    0x08009b5c   0x08009b5c   0x00000036   Code   RO         3049    x$fpl$ffix          fz_ws.l(ffix.o)
    0x08009b92   0x08009b92   0x00000002   PAD
    0x08009b94   0x08009b94   0x0000003e   Code   RO         3053    x$fpl$ffixu         fz_ws.l(ffixu.o)
    0x08009bd2   0x08009bd2   0x00000002   PAD
    0x08009bd4   0x08009bd4   0x00000030   Code   RO         3058    x$fpl$fflt          fz_ws.l(fflt_clz.o)
    0x08009c04   0x08009c04   0x00000026   Code   RO         3057    x$fpl$ffltu         fz_ws.l(fflt_clz.o)
    0x08009c2a   0x08009c2a   0x00000002   PAD
    0x08009c2c   0x08009c2c   0x00000068   Code   RO         3063    x$fpl$fleqf         fz_ws.l(fleqf.o)
    0x08009c94   0x08009c94   0x00000102   Code   RO         3065    x$fpl$fmul          fz_ws.l(fmul.o)
    0x08009d96   0x08009d96   0x0000008c   Code   RO         3197    x$fpl$fnaninf       fz_ws.l(fnaninf.o)
    0x08009e22   0x08009e22   0x0000000a   Code   RO         3199    x$fpl$fretinf       fz_ws.l(fretinf.o)
    0x08009e2c   0x08009e2c   0x00000062   Code   RO         3067    x$fpl$frleqf        fz_ws.l(frleqf.o)
    0x08009e8e   0x08009e8e   0x00000002   PAD
    0x08009e90   0x08009e90   0x00000060   Code   RO         3201    x$fpl$frnd          fz_ws.l(frnd.o)
    0x08009ef0   0x08009ef0   0x00000014   Code   RO         3038    x$fpl$frsb          fz_ws.l(faddsub_clz.o)
    0x08009f04   0x08009f04   0x00000110   Code   RO         3203    x$fpl$fsqrt         fz_ws.l(fsqrt.o)
    0x0800a014   0x0800a014   0x000000ea   Code   RO         3039    x$fpl$fsub          fz_ws.l(faddsub_clz.o)
    0x0800a0fe   0x0800a0fe   0x00000006   Code   RO         3374    x$fpl$ieeestatus    fz_ws.l(istatus.o)
    0x0800a104   0x0800a104   0x00000004   Code   RO         3069    x$fpl$printf1       fz_ws.l(printf1.o)
    0x0800a108   0x0800a108   0x00000004   Code   RO         3071    x$fpl$printf2       fz_ws.l(printf2.o)
    0x0800a10c   0x0800a10c   0x00000064   Code   RO         3376    x$fpl$retnan        fz_ws.l(retnan.o)
    0x0800a170   0x0800a170   0x0000005c   Code   RO         3462    x$fpl$scalbn        fz_ws.l(scalbn.o)
    0x0800a1cc   0x0800a1cc   0x0000004c   Code   RO         3077    x$fpl$scalbnf       fz_ws.l(scalbnf.o)
    0x0800a218   0x0800a218   0x00000004   Code   RO         3079    x$fpl$scanf1        fz_ws.l(scanf1.o)
    0x0800a21c   0x0800a21c   0x00000008   Code   RO         3378    x$fpl$scanf2        fz_ws.l(scanf2.o)
    0x0800a224   0x0800a224   0x00000030   Code   RO         3437    x$fpl$trapveneer    fz_ws.l(trapv.o)
    0x0800a254   0x0800a254   0x00000000   Code   RO         3205    x$fpl$usenofp       fz_ws.l(usenofp.o)
    0x0800a254   0x0800a254   0x0000010d   Data   RO         1973    .constdata          cli.o
    0x0800a361   0x0800a361   0x00000003   PAD
    0x0800a364   0x0800a364   0x00000008   Data   RO         2929    .constdata          c_w.l(_printf_wctomb.o)
    0x0800a36c   0x0800a36c   0x00000028   Data   RO         2950    .constdata          c_w.l(_printf_hex_int_ptr.o)
    0x0800a394   0x0800a394   0x00000011   Data   RO         2976    .constdata          c_w.l(__printf_flags_ss_wp.o)
    0x0800a3a5   0x0800a3a5   0x00000026   Data   RO         3163    .constdata          c_w.l(_printf_fp_hex.o)
    0x0800a3cb   0x0800a3cb   0x00000001   PAD
    0x0800a3cc   0x0800a3cc   0x00000020   Data   RO         3223    .constdata          m_ws.l(rredf.o)
    0x0800a3ec   0x0800a3ec   0x00000094   Data   RO         3296    .constdata          c_w.l(bigflt0.o)
    0x0800a480   0x0800a480   0x000001fd   Data   RO         1974    .conststring        cli.o
    0x0800a67d   0x0800a67d   0x00000003   PAD
    0x0800a680   0x0800a680   0x00000315   Data   RO         2140    .conststring        config.o
    0x0800a995   0x0800a995   0x00000003   PAD
    0x0800a998   0x0800a998   0x00000020   Data   RO         3555    Region$$Table       anon$$obj.o
    0x0800a9b8   0x0800a9b8   0x00000008   Data   RO         3370    c$$dinf             fz_ws.l(fpconst.o)
    0x0800a9c0   0x0800a9c0   0x00000008   Data   RO         3373    c$$dmax             fz_ws.l(fpconst.o)
    0x0800a9c8   0x0800a9c8   0x0000001c   Data   RO         3320    locale$$data        c_w.l(lc_numeric_c.o)
    0x0800a9e4   0x0800a9e4   0x00000110   Data   RO         3411    locale$$data        c_w.l(lc_ctype_c.o)


    Execution Region RW_IRAM1 (Exec base: 0x20000000, Load base: 0x0800aaf4, Size: 0x00002630, Max: 0x00005000, ABSOLUTE, COMPRESSED[0x00000150])

    Exec Addr    Load Addr    Size         Type   Attr      Idx    E Section Name        Object

    0x20000000   COMPRESSED   0x00000014   Data   RW          841    .data               stm32f10x_rcc.o
    0x20000014   COMPRESSED   0x00000014   Data   RW         1747    .data               system_stm32f10x.o
    0x20000028   COMPRESSED   0x00000048   Data   RW         1794    .data               adc.o
    0x20000070   COMPRESSED   0x0000004c   Data   RW         1975    .data               cli.o
    0x200000bc   COMPRESSED   0x00000188   Data   RW         2141    .data               config.o
    0x20000244   COMPRESSED   0x000000ec   Data   RW         2239    .data               fet.o
    0x20000330   COMPRESSED   0x0000001a   Data   RW         2358    .data               main.o
    0x2000034a   COMPRESSED   0x00000002   PAD
    0x2000034c   COMPRESSED   0x00000012   Data   RW         2465    .data               ow.o
    0x2000035e   COMPRESSED   0x00000002   PAD
    0x20000360   COMPRESSED   0x00000014   Data   RW         2553    .data               pwm.o
    0x20000374   COMPRESSED   0x00000040   Data   RW         2654    .data               run.o
    0x200003b4   COMPRESSED   0x00000008   Data   RW         2841    .data               timer.o
    0x200003bc        -       0x000001a0   Zero   RW         1793    .bss                adc.o
    0x2000055c        -       0x00000070   Zero   RW         1972    .bss                cli.o
    0x200005cc        -       0x000000c4   Zero   RW         2139    .bss                config.o
    0x20000690        -       0x00000800   Zero   RW         2238    .bss                fet.o
    0x20000e90        -       0x00000010   Zero   RW         2464    .bss                ow.o
    0x20000ea0        -       0x00001114   Zero   RW         2772    .bss                serial.o
    0x20001fb4        -       0x00000018   Zero   RW         2840    .bss                timer.o
    0x20001fcc        -       0x00000060   Zero   RW         3395    .bss                c_w.l(libspace.o)
    0x2000202c   COMPRESSED   0x00000004   PAD
    0x20002030        -       0x00000200   Zero   RW         1778    HEAP                startup_stm32f10x_md.o
    0x20002230        -       0x00000400   Zero   RW         1777    STACK               startup_stm32f10x_md.o


==============================================================================

Image component sizes


      Code (inc. data)   RO Data    RW Data    ZI Data      Debug   Object Name

      1990        200          0         72        416       8501   adc.o
         0          0          0          0          0        864   binary.o
      4758       1792        778         76        112      18210   cli.o
       708        144        789        392        196       8835   config.o
        80          0          0          0          0       1476   digital.o
      3320        458          0        236       2048      11499   fet.o
         6          0          0          0          0        437   getbuildnum.o
       528         90          0         26          0       3733   main.o
       112         12          0          0          0       1020   misc.o
      1476        188          0         18         16       8530   ow.o
       728         98          0         20          0       3939   pwm.o
       436         64          0          0          0       3073   rcc.o
      3246        456          0         64          0      26818   run.o
       770         78          0          0       4372       5244   serial.o
        64         26        236          0       1536        812   startup_stm32f10x_md.o
       604         10          0          0          0     242118   stm32f10x_adc.o
        32          6          0          0          0        504   stm32f10x_dbgmcu.o
       470         18          0          0          0      14606   stm32f10x_dma.o
       200         18          0          0          0       4124   stm32f10x_exti.o
       330         38          0          0          0      11352   stm32f10x_flash.o
       422          6          0          0          0       2750   stm32f10x_gpio.o
        36         12          0          0          0        950   stm32f10x_pwr.o
       424         60          0         20          0       6782   stm32f10x_rcc.o
      1480        134          0          0          0      34106   stm32f10x_tim.o
       258          6          0          0          0       9320   stm32f10x_usart.o
       328         28          0         20          0       2177   system_stm32f10x.o
       750         34          0          8         24       6415   timer.o

    ----------------------------------------------------------------------
     23576       3976       1844        956       8720     438195   Object Totals
         0          0         32          0          0          0   (incl. Generated)
        20          0          9          4          0          0   (incl. Padding)

    ----------------------------------------------------------------------

      Code (inc. data)   RO Data    RW Data    ZI Data      Debug   Library Member Name

        60          8          0          0          0         84   __0sscanf.o
        90          0          0          0          0          0   __dczerorl2.o
         8          0          0          0          0         68   __main.o
       392          4         17          0          0         92   __printf_flags_ss_wp.o
        14          0          0          0          0         68   __printf_wp.o
         0          0          0          0          0          0   __rtentry.o
        12          0          0          0          0          0   __rtentry2.o
         6          0          0          0          0          0   __rtentry4.o
        52          8          0          0          0          0   __scatter.o
        28          0          0          0          0          0   __scatter_zi.o
        28          0          0          0          0         68   _chval.o
         6          0          0          0          0          0   _printf_a.o
         6          0          0          0          0          0   _printf_c.o
        44          0          0          0          0        108   _printf_char.o
        48          6          0          0          0         96   _printf_char_common.o
        40          0          0          0          0         68   _printf_charcount.o
         6          0          0          0          0          0   _printf_d.o
       120         16          0          0          0         92   _printf_dec.o
         6          0          0          0          0          0   _printf_e.o
         6          0          0          0          0          0   _printf_f.o
      1054          0          0          0          0        216   _printf_fp_dec.o
       764          8         38          0          0        100   _printf_fp_hex.o
       128         16          0          0          0         84   _printf_fp_infnan.o
         6          0          0          0          0          0   _printf_g.o
       124          4         40          0          0        144   _printf_hex_int_ptr.o
         6          0          0          0          0          0   _printf_i.o
       178          0          0          0          0         88   _printf_intcommon.o
        10          0          0          0          0          0   _printf_l.o
         6          0          0          0          0          0   _printf_lc.o
         6          0          0          0          0          0   _printf_n.o
         6          0          0          0          0          0   _printf_o.o
        80          8          0          0          0         88   _printf_oct_int.o
         6          0          0          0          0          0   _printf_p.o
        78          0          0          0          0        108   _printf_pad.o
         0          0          0          0          0          0   _printf_percent.o
         4          0          0          0          0          0   _printf_percent_end.o
         6          0          0          0          0          0   _printf_s.o
        82          0          0          0          0         80   _printf_str.o
        36          0          0          0          0         84   _printf_truncate.o
         6          0          0          0          0          0   _printf_u.o
        44          0          0          0          0        108   _printf_wchar.o
       188          6          8          0          0         92   _printf_wctomb.o
         6          0          0          0          0          0   _printf_x.o
        22          0          0          0          0        100   _rserrno.o
       884          6          0          0          0        100   _scanf.o
       332          0          0          0          0         96   _scanf_int.o
       224          0          0          0          0         96   _scanf_str.o
        64          0          0          0          0         84   _sgetc.o
        10          0          0          0          0         68   _sputc.o
        64          0          0          0          0         92   _wcrtomb.o
       228          4        148          0          0         96   bigflt0.o
        80          0          0          0          0         88   bsearchnoex.o
      2152        136          0          0          0        960   btod.o
        40          0          0          0          0         80   calloc.o
        10          0          0          0          0         68   defsig_exit.o
        50          0          0          0          0         88   defsig_general.o
        80         58          0          0          0         76   defsig_rtmem_inner.o
        14          0          0          0          0         80   defsig_rtmem_outer.o
        18          0          0          0          0         80   exit.o
        94          0          0          0          0         80   h1_alloc.o
        52          0          0          0          0         68   h1_extend.o
        78          0          0          0          0         80   h1_free.o
        14          0          0          0          0         84   h1_init.o
         6          0          0          0          0        152   heapauxi.o
         4          0          0          0          0        136   hguard.o
         0          0          0          0          0          0   indicate_semi.o
       138          0          0          0          0        168   init_alloc.o
        18          0          0          0          0         76   isspace.o
        44         10        272          0          0         76   lc_ctype_c.o
        44         10         28          0          0         76   lc_numeric_c.o
         2          0          0          0          0          0   libinit.o
        38          0          0          0          0          0   libinit2.o
         2          0          0          0          0          0   libshutdown.o
         2          0          0          0          0          0   libshutdown2.o
         8          4          0          0         96         68   libspace.o
        38          0          0          0          0         68   llshl.o
       138          0          0          0          0         80   lludiv10.o
         0          0          0          0          0          0   maybetermalloc1.o
        88          0          0          0          0         76   memcmp.o
        40          6          0          0          0         84   noretval__2sprintf.o
        16          4          0          0          0         76   rt_ctype_table.o
         8          4          0          0          0         68   rt_errno_addr_intlibspace.o
         8          4          0          0          0         68   rt_heap_descriptor_intlibspace.o
         8          4          0          0          0         68   rt_locale_intlibspace.o
        68          0          0          0          0         68   rt_memclr.o
        78          0          0          0          0         80   rt_memclr_w.o
       100          0          0          0          0         80   rt_memcpy_w.o
         2          0          0          0          0          0   rtexit.o
        10          0          0          0          0          0   rtexit2.o
        44          8          0          0          0         84   scanf_char.o
      1272         16          0          0          0        168   scanf_fp.o
       800         14          0          0          0        100   scanf_hexfp.o
       308         16          0          0          0        100   scanf_infnan.o
        42          0          0          0          0         84   strcasecmp.o
       128          0          0          0          0         68   strcmpv7m.o
        62          0          0          0          0         76   strlen.o
        50          0          0          0          0         84   strncasecmp.o
        12          4          0          0          0         68   sys_exit.o
        74          0          0          0          0         80   sys_stackheap_outer.o
        14          0          0          0          0         76   sys_wrch.o
        26          0          0          0          0         76   tolower.o
         2          0          0          0          0         68   use_no_semi.o
        98          4          0          0          0         92   d2f.o
        16          4          0          0          0         68   dcheck1.o
        24          0          0          0          0         68   dcmpi.o
       688        140          0          0          0        208   ddiv.o
       120          4          0          0          0         92   deqf.o
        38          0          0          0          0         68   dflt_clz.o
       120          4          0          0          0         92   dleqf.o
       340         12          0          0          0        104   dmul.o
       156          4          0          0          0         92   dnaninf.o
        12          0          0          0          0         68   dretinf.o
       108          0          0          0          0         80   drleqf.o
        86          4          0          0          0         84   f2d.o
       450          8          0          0          0        236   faddsub_clz.o
        12          4          0          0          0         68   fcheck1.o
        24          0          0          0          0         68   fcmpi.o
       388         76          0          0          0         96   fdiv.o
       104          4          0          0          0         84   feqf.o
        54          4          0          0          0         84   ffix.o
        62          4          0          0          0         84   ffixu.o
        86          0          0          0          0        136   fflt_clz.o
       104          4          0          0          0         84   fleqf.o
       258          4          0          0          0         84   fmul.o
       140          4          0          0          0         84   fnaninf.o
         0          0         16          0          0          0   fpconst.o
        10          0          0          0          0         68   fretinf.o
        98          0          0          0          0         68   frleqf.o
        96          4          0          0          0         76   frnd.o
       272        100          0          0          0         88   fsqrt.o
         6          0          0          0          0         68   istatus.o
         4          0          0          0          0         68   printf1.o
         4          0          0          0          0         68   printf2.o
       100          0          0          0          0         68   retnan.o
        92          0          0          0          0         68   scalbn.o
        76          0          0          0          0         68   scalbnf.o
         4          0          0          0          0         68   scanf1.o
         8          0          0          0          0         84   scanf2.o
        48          0          0          0          0         68   trapv.o
         0          0          0          0          0          0   usenofp.o
        30          6          0          0          0        136   dunder.o
        40          0          0          0          0         68   fpclassify.o
        38          0          0          0          0         68   fpclassifyf.o
        88          8          0          0          0         76   frexp.o
        24          0          0          0          0        204   funder.o
       138          0          0          0          0        160   ldexp.o
       204          4          0          0          0        168   narrow.o
       360         16         32          0          0         88   rredf.o
       392         54          0          0          0        124   sinf.o
        44          0          0          0          0         80   sqrtf.o

    ----------------------------------------------------------------------
     17744        872        600          0        100      11524   Library Totals
        32          0          1          0          4          0   (incl. Padding)

    ----------------------------------------------------------------------

      Code (inc. data)   RO Data    RW Data    ZI Data      Debug   Library Name

     12048        392        551          0         96       7200   c_w.l
      4306        392         16          0          0       3152   fz_ws.l
      1358         88         32          0          0       1172   m_ws.l

    ----------------------------------------------------------------------
     17744        872        600          0        100      11524   Library Totals

    ----------------------------------------------------------------------

==============================================================================


      Code (inc. data)   RO Data    RW Data    ZI Data      Debug   

     41320       4848       2444        956       8820     432035   Grand Totals
     41320       4848       2444        336       8820     432035   ELF Image Totals (compressed)
     41320       4848       2444        336          0          0   ROM Totals

==============================================================================

    Total RO  Size (Code + RO Data)                43764 (  42.74kB)
    Total RW  Size (RW Data + ZI Data)              9776 (   9.55kB)
    Total ROM Size (Code + RO Data + RW Data)      44100 (  43.07kB)

==============================================================================

